C:\Users\xumen\.jdks\openjdk-26.0.1\bin\java.exe --add-opens java.base/java.lang=ALL-UNNAMED "-javaagent:C:\Program Files\JetBrains\IntelliJ IDEA 2026.1.1\lib\idea_rt.jar=58479" -Dfile.encoding=UTF-8 -Dsun.stdout.encoding=UTF-8 -Dsun.stderr.encoding=UTF-8 -classpath D:\javaProject\GPDFJSS-MENG\out\production\GPDFJSS-MENG;D:\javaProject\GPDFJSS-MENG\libraries\weka.jar;D:\javaProject\GPDFJSS-MENG\libraries\itext-1.2.jar;D:\javaProject\GPDFJSS-MENG\libraries\EJML-dense64-0.27.jar;D:\javaProject\GPDFJSS-MENG\libraries\commons-lang3-3.4.jar;D:\javaProject\GPDFJSS-MENG\libraries\Jama-1.0.3.jar;D:\javaProject\GPDFJSS-MENG\libraries\commons-math3-3.5.jar;D:\javaProject\GPDFJSS-MENG\libraries\okio-1.17.5.jar;D:\javaProject\GPDFJSS-MENG\libraries\jfreechart-1.0.19.jar;D:\javaProject\GPDFJSS-MENG\libraries\commons-lang3-3.4-javadoc.jar;D:\javaProject\GPDFJSS-MENG\libraries\EJML-core-0.27.jar;D:\javaProject\GPDFJSS-MENG\libraries\okio-jvm-3.9.1.jar;D:\javaProject\GPDFJSS-MENG\libraries\EJML-simple-0.27.jar;D:\javaProject\GPDFJSS-MENG\libraries\okhttp-3.14.9.jar;D:\javaProject\GPDFJSS-MENG\libraries\json-20240303.jar;D:\javaProject\GPDFJSS-MENG\libraries\kotlin-stdlib-2.1.0-RC2.jar;D:\javaProject\GPDFJSS-MENG\libraries\okhttp-5.0.0-alpha.14.jar;D:\javaProject\GPDFJSS-MENG\libraries\commons-math3-3.5-javadoc.jar;D:\javaProject\GPDFJSS-MENG\libraries\jzlib-1.0.7.jar;D:\javaProject\GPDFJSS-MENG\libraries\jcommon-1.0.23.jar;D:\javaProject\GPDFJSS-MENG\libraries\pshecj.jar;D:\javaProject\GPDFJSS-MENG\libraries\okio-3.9.1.jar yimei.jss.gp.GPMain

| ECJ
| An evolutionary computation system (version 23)
| By Sean Luke
| Contributors: L. Panait, G. Balan, S. Paus, Z. Skolicki, R. Kicinger,
|               E. Popovici, K. Sullivan, J. Harrison, J. Bassett, R. Hubley,
|               A. Desai, A. Chircop, J. Compton, W. Haddon, S. Donnelly,
|               B. Jamil, J. Zelibor, E. Kangas, F. Abidi, H. Mooers,
|               J. O'Beirne, L. Manzoni, K. Talukder, and J. McDermott
| URL: http://cs.gmu.edu/~eclab/projects/ecj/
| Mail: ecj-help@cs.gmu.edu
|       (better: join ECJ-INTEREST at URL above)
| Date: June 15, 2015
| Current Java: 26.0.1 / OpenJDK 64-Bit Server VM-26.0.1+8-34
| Required Minimum Java: 1.5


Threads:  breed/1 eval/1
Seed: 22
Job: 0
Setting up
Processing GP Types
Processing GP Node Constraints
Processing GP Function Sets
No GPFunctionSet specified, assuming the default class: ec.gp.GPFunctionSet for gp.fs.0
Processing GP Tree Constraints
WARNING:
You're using elitism with NSGA2Breeder, which is not permitted and will be ignored.  However the reevaluate-elites parameter *will* bre recognized by NSGAEvaluator.
PARAMETER: breed.elite.0
Initializing Generation 0
ideal points: [7123.57030612483, 1285.8026403756478]
nadir points: [8354.678401669546, 2249.9589085114276]
max objectives: [636323.1603378257, 161465.13104757224]
min objectives: [7915.078117916477, 1428.6696004173864]
HVOfIntermedidatePopPSL: DoubleSummaryStatistics{count=1000, sum=506.093698, min=0.000000, average=0.506094, max=0.999293}
preferenceDiversityPopAll: DoubleSummaryStatistics{count=1000, sum=7.836908, min=0.000000, average=0.007837, max=0.119553}
Genotype diversity: 1.0
Entropy diversity: 4.0041320041762045
PC diversity: 0.874
MPSLGP top 5 HV by task at generation 0:
  Task 0: #1 ind=28 HV=0.998489191688891; #2 ind=1 HV=0.9983649218861556; #3 ind=7 HV=0.9980943599020544; #4 ind=10 HV=0.9978400311125198; #5 ind=2 HV=0.9977795614725902
  Task 1: #1 ind=0 HV=0.9992926209137032; #2 ind=5 HV=0.9982592761977201; #3 ind=6 HV=0.9982504685714467; #4 ind=9 HV=0.9981187947364404; #5 ind=11 HV=0.9977250936995147

Pareto Front of Subpopulation 0
Objective 0: [7915.078117916477, 8015.29053020585, 8241.03415611951, 8347.921036216721, 8354.678401669546]
Objective 1: [2249.9589085114276, 1782.618033545783, 1697.3988324943857, 1577.7094180288332, 1428.6696004173864]
MPSLGP task 0 best fitness of generation Fitness: [8347.921036216721 1577.7094180288332]
MPSLGP task 1 best fitness of generation Fitness: [8354.678401669546 1428.6696004173864]
2
duration: 39.0
Generation 0 elapsed 39.0 seconds.
Generation 1
Preselection cleared number: 1677
MPSLGP task-balanced survival counts: [task 0=500, task 1=500]
Subpop 0 reduced 5000 -> 1000
ideal points: [5674.155029036827, 1075.5319143085514]
nadir points: [6771.122925957316, 2568.583499478991]
max objectives: [609916.9966656808, 153496.40448453423]
min objectives: [6304.616698929807, 1195.035460342835]
HVOfIntermedidatePopPSL: DoubleSummaryStatistics{count=1000, sum=929.588573, min=0.000000, average=0.929589, max=0.999219}
preferenceDiversityPopAll: DoubleSummaryStatistics{count=1000, sum=8.548214, min=0.000000, average=0.008548, max=0.101007}
Genotype diversity: 1.0
Entropy diversity: 6.6039883271323045
PC diversity: 0.957
MPSLGP top 5 HV by task at generation 1:
  Task 0: #1 ind=263 HV=0.9970247025150913; #2 ind=12 HV=0.9967595372986737; #3 ind=16 HV=0.9961770651600225; #4 ind=22 HV=0.9954785967184278; #5 ind=236 HV=0.9952619178438942
  Task 1: #1 ind=0 HV=0.999218927828235; #2 ind=10 HV=0.9991285776350498; #3 ind=4 HV=0.9985920119008936; #4 ind=7 HV=0.998088211846937; #5 ind=1 HV=0.9971256082278822

Pareto Front of Subpopulation 1
Objective 0: [6304.616698929807, 6612.639486872911, 6748.755719765177, 6771.122925957316]
Objective 1: [2568.583499478991, 2384.5289695652973, 1518.4908561832126, 1195.035460342835]
2
duration: 75.0
MPSLGP task 0 best fitness of generation Fitness: [6304.616698929807 2568.583499478991]
MPSLGP task 1 best fitness of generation Fitness: [6771.122925957316 1195.035460342835]
Generation 1 elapsed 75.0 seconds.
Generation 2
Preselection cleared number: 1531
MPSLGP task-balanced survival counts: [task 0=500, task 1=500]
Subpop 0 reduced 5000 -> 1000
ideal points: [5401.565131861083, 1149.0892671523907]
nadir points: [7478.464082987804, 2661.857076263157]
max objectives: [162939.58163216955, 40702.55910275929]
min objectives: [6001.739035401202, 1276.7658523915452]
HVOfIntermedidatePopPSL: DoubleSummaryStatistics{count=1000, sum=894.107746, min=0.000000, average=0.894108, max=0.992260}
preferenceDiversityPopAll: DoubleSummaryStatistics{count=1000, sum=6.299900, min=0.000000, average=0.006300, max=0.113858}
Genotype diversity: 1.0
Entropy diversity: 6.616851874253531
PC diversity: 0.952
MPSLGP top 5 HV by task at generation 2:
  Task 0: #1 ind=15 HV=0.9895746036983847; #2 ind=16 HV=0.9891784978602017; #3 ind=9 HV=0.9884210539040034; #4 ind=24 HV=0.9880013023141573; #5 ind=71 HV=0.9874325681843836
  Task 1: #1 ind=0 HV=0.992260056782167; #2 ind=1 HV=0.9918801892511744; #3 ind=2 HV=0.991806344049663; #4 ind=6 HV=0.9908546266576236; #5 ind=3 HV=0.99040217224636

Pareto Front of Subpopulation 2
Objective 0: [6001.739035401202, 6125.982610756939, 6863.2320218330715, 7089.064457653556, 7158.567374320934, 7478.464082987804]
Objective 1: [2661.857076263157, 2259.129461150209, 1362.2511458785157, 1322.0117079890042, 1300.2589838542335, 1276.7658523915452]
MPSLGP task 0 best fitness of generation Fitness: [6001.739035401202 2661.857076263157]
MPSLGP task 1 best fitness of generation Fitness: [6863.2320218330715 1362.2511458785157]
Generation 2 elapsed 78.0 seconds.
Generation 3
2
duration: 78.0
Preselection cleared number: 1759
MPSLGP task-balanced survival counts: [task 0=500, task 1=500]
Subpop 0 reduced 5000 -> 1000
ideal points: [5166.546623330517, 1247.8132324106032]
nadir points: [7799.274783766043, 3786.9584590717786]
max objectives: [350110.6834897923, 155330.53417067113]
min objectives: [5740.60735925613, 1386.4591471228923]
HVOfIntermedidatePopPSL: DoubleSummaryStatistics{count=1000, sum=941.551515, min=0.000000, average=0.941552, max=0.995967}
preferenceDiversityPopAll: DoubleSummaryStatistics{count=1000, sum=7.343225, min=0.000000, average=0.007343, max=0.107577}
Genotype diversity: 1.0
Entropy diversity: 6.690153754439522
PC diversity: 0.953
MPSLGP top 5 HV by task at generation 3:
  Task 0: #1 ind=190 HV=0.9927125880068383; #2 ind=23 HV=0.9926447026527898; #3 ind=4 HV=0.9920558435110263; #4 ind=59 HV=0.9919572223992802; #5 ind=116 HV=0.9913513230350487
  Task 1: #1 ind=0 HV=0.995966864994613; #2 ind=21 HV=0.9957614429903268; #3 ind=132 HV=0.9947258778015221; #4 ind=1 HV=0.9945707536321087; #5 ind=2 HV=0.994012606846227

Pareto Front of Subpopulation 3
Objective 0: [5740.60735925613, 5753.257720458903, 5770.788758386101, 6973.847881829075, 7230.621260652668, 7496.7986463650595, 7537.428243556584, 7799.274783766043]
Objective 1: [3786.9584590717786, 3344.086191074035, 3080.6213471835945, 2053.358575078062, 1790.4435351589345, 1533.3170326028776, 1416.3074076068588, 1386.4591471228923]
MPSLGP task 0 best fitness of generation Fitness: [6973.847881829075 2053.358575078062]
MPSLGP task 1 best fitness of generation Fitness: [7230.621260652668 1790.4435351589345]
2
duration: 79.0
Generation 3 elapsed 79.0 seconds.
Generation 4
Preselection cleared number: 1923
MPSLGP task-balanced survival counts: [task 0=500, task 1=500]
Subpop 0 reduced 5000 -> 1000
ideal points: [4831.361045030906, 1076.6273165162056]
nadir points: [6780.9217547297885, 4135.758448065237]
max objectives: [124415.41043655944, 123953.41043655944]
min objectives: [5368.178938923229, 1196.2525739068951]
HVOfIntermedidatePopPSL: DoubleSummaryStatistics{count=1000, sum=932.388651, min=0.000000, average=0.932389, max=0.996283}
preferenceDiversityPopAll: DoubleSummaryStatistics{count=1000, sum=5.770520, min=0.000000, average=0.005771, max=0.092971}
Genotype diversity: 1.0
Entropy diversity: 6.714283495652586
PC diversity: 0.952
MPSLGP top 5 HV by task at generation 4:
  Task 0: #1 ind=0 HV=0.9925630233221887; #2 ind=1 HV=0.9915977283164545; #3 ind=3 HV=0.9914575231297564; #4 ind=15 HV=0.9894583275109067; #5 ind=28 HV=0.9890272463422454
  Task 1: #1 ind=72 HV=0.9962831288686349; #2 ind=91 HV=0.9936185946394805; #3 ind=27 HV=0.9934947779479193; #4 ind=151 HV=0.9925785746649337; #5 ind=39 HV=0.9920527262202292

Pareto Front of Subpopulation 4
Objective 0: [5368.178938923229, 5415.232288780273, 5432.559164318838, 5477.24482677097, 5532.4961728870985, 5616.060964289209, 5653.25551545067, 5845.521685845568, 5856.353229485278, 5990.787244304374, 6267.7397261661245, 6448.210047273169, 6780.9217547297885]
Objective 1: [4135.758448065237, 3706.9270866475563, 3383.880380533752, 2622.3265157217247, 2428.308822997911, 2342.8733208642698, 1921.4277122957938, 1739.8018473977063, 1597.4094712118094, 1596.966886499009, 1566.568568638424, 1467.8074746565617, 1196.2525739068951]
2
duration: 77.0
MPSLGP task 0 best fitness of generation Fitness: [5856.353229485278 1597.4094712118094]
MPSLGP task 1 best fitness of generation Fitness: [5845.521685845568 1739.8018473977063]
Generation 4 elapsed 77.0 seconds.
Generation 5
Preselection cleared number: 1663
MPSLGP task-balanced survival counts: [task 0=500, task 1=500]
Subpop 0 reduced 5000 -> 1000
ideal points: [4835.153552334529, 1088.1870023124472]
nadir points: [7202.303363152081, 3141.9965844809994]
max objectives: [99298.61874795686, 98638.61874795686]
min objectives: [5372.392835927254, 1209.0966692360525]
HVOfIntermedidatePopPSL: DoubleSummaryStatistics{count=1000, sum=872.876514, min=0.000000, average=0.872877, max=0.990600}
preferenceDiversityPopAll: DoubleSummaryStatistics{count=1000, sum=5.778784, min=0.000000, average=0.005779, max=0.105689}
Genotype diversity: 1.0
Entropy diversity: 6.46491308333277
PC diversity: 0.946
MPSLGP top 5 HV by task at generation 5:
  Task 0: #1 ind=1 HV=0.9873387041017803; #2 ind=4 HV=0.985671894868185; #3 ind=13 HV=0.9847146483811172; #4 ind=14 HV=0.9846467487901942; #5 ind=35 HV=0.983671892315872
  Task 1: #1 ind=86 HV=0.9906004224231163; #2 ind=32 HV=0.9901776046664312; #3 ind=0 HV=0.9901575995310957; #4 ind=11 HV=0.9895851050403506; #5 ind=111 HV=0.988197355288661

Pareto Front of Subpopulation 5
Objective 0: [5372.392835927254, 5572.718922876491, 5708.361173445708, 5770.031049226702, 5786.217716937419, 5809.156622680603, 6197.095846345299, 6201.344048148545, 6374.522591281915, 6423.724984537548, 7202.303363152081]
Objective 1: [3141.9965844809994, 2798.0903813639816, 2770.280891989838, 2450.014631024511, 2446.481602694432, 2144.409730607098, 1600.740981155148, 1575.9010669913187, 1513.7578670321818, 1349.7125556677638, 1209.0966692360525]
2
duration: 81.0
MPSLGP task 0 best fitness of generation Fitness: [6423.724984537548 1349.7125556677638]
MPSLGP task 1 best fitness of generation Fitness: [6201.344048148545 1575.9010669913187]
Generation 5 elapsed 81.0 seconds.
Generation 6
Preselection cleared number: 1715
MPSLGP task-balanced survival counts: [task 0=500, task 1=500]
Subpop 0 reduced 5000 -> 1000
ideal points: [4912.678446352162, 1086.1197849158686]
nadir points: [7118.136675722431, 3240.9935662932985]
max objectives: [27284.931349142396, 23102.33719225711]
min objectives: [5458.531607057957, 1206.7997610176317]
HVOfIntermedidatePopPSL: DoubleSummaryStatistics{count=1000, sum=831.944736, min=0.000000, average=0.831945, max=0.977723}
preferenceDiversityPopAll: DoubleSummaryStatistics{count=1000, sum=6.505538, min=0.000000, average=0.006506, max=0.108080}
Genotype diversity: 1.0
Entropy diversity: 6.791856413921183
PC diversity: 0.975
MPSLGP top 5 HV by task at generation 6:
  Task 0: #1 ind=1 HV=0.973834219637306; #2 ind=13 HV=0.9683505937601579; #3 ind=2 HV=0.962099799180036; #4 ind=16 HV=0.960526075097015; #5 ind=67 HV=0.9599026910052456
  Task 1: #1 ind=0 HV=0.9777229639832581; #2 ind=64 HV=0.9752223922305933; #3 ind=65 HV=0.9740275018599627; #4 ind=14 HV=0.9670431365116835; #5 ind=15 HV=0.9631505319073422

Pareto Front of Subpopulation 6
Objective 0: [5458.531607057957, 5539.714599853964, 5554.864549878752, 5615.843919356412, 5639.179531183443, 5693.397190768621, 5723.861587188061, 5946.7600882824045, 6210.530565833906, 6212.955812327156, 6839.448197670106, 6989.277302521048, 7118.136675722431]
Objective 1: [3240.9935662932985, 2805.8537806211534, 2376.265534241138, 2174.032634613788, 1960.290657575446, 1905.184932937147, 1503.6769134087444, 1474.5279337131506, 1387.2974450422407, 1274.6171015266737, 1272.4978808411688, 1269.3831426066172, 1206.7997610176317]
MPSLGP task 0 best fitness of generation Fitness: [5723.861587188061 1503.6769134087444]
MPSLGP task 1 best fitness of generation Fitness: [5946.7600882824045 1474.5279337131506]
2
duration: 83.0
Generation 6 elapsed 83.0 seconds.
Generation 7
Preselection cleared number: 1391
MPSLGP task-balanced survival counts: [task 0=500, task 1=500]
Subpop 0 reduced 5000 -> 1000
ideal points: [4760.721101103619, 1087.0594946427227]
nadir points: [6978.071410244505, 4320.958049820067]
max objectives: [41462.15225013083, 41000.15225013083]
min objectives: [5289.690112337354, 1207.8438829363586]
HVOfIntermedidatePopPSL: DoubleSummaryStatistics{count=1000, sum=868.410183, min=0.000000, average=0.868410, max=0.984681}
preferenceDiversityPopAll: DoubleSummaryStatistics{count=1000, sum=5.976672, min=0.000000, average=0.005977, max=0.074757}
Genotype diversity: 1.0
Entropy diversity: 6.82072947211715
PC diversity: 0.961
MPSLGP top 5 HV by task at generation 7:
  Task 0: #1 ind=14 HV=0.9823640827102834; #2 ind=15 HV=0.9794055118174345; #3 ind=56 HV=0.9777434370429502; #4 ind=0 HV=0.9773862599629835; #5 ind=1 HV=0.9768384637680173
  Task 1: #1 ind=13 HV=0.9846806876834677; #2 ind=85 HV=0.9814514841456886; #3 ind=31 HV=0.975870314484819; #4 ind=57 HV=0.975669132031516; #5 ind=58 HV=0.9753457951480996

Pareto Front of Subpopulation 7
Objective 0: [5289.690112337354, 5333.22404162609, 5343.113803497981, 5473.191603638581, 5521.21316679116, 5615.687060791708, 5703.754927275586, 6156.120988855837, 6179.90853858937, 6243.74922873918, 6269.2893474896555, 6871.368673818302, 6978.071410244505]
Objective 1: [4320.958049820067, 4053.388240702683, 3408.2837117316376, 3318.414926875528, 1840.8191075413924, 1834.3651602136815, 1667.086255088594, 1654.602993988883, 1545.766932266968, 1522.2740806190268, 1314.3958780827816, 1265.6444802434562, 1207.8438829363586]
2
duration: 84.0
MPSLGP task 0 best fitness of generation Fitness: [5521.21316679116 1840.8191075413924]
MPSLGP task 1 best fitness of generation Fitness: [6156.120988855837 1654.602993988883]
Generation 7 elapsed 84.0 seconds.
Generation 8
Preselection cleared number: 1489
MPSLGP task-balanced survival counts: [task 0=500, task 1=500]
Subpop 0 reduced 5000 -> 1000
ideal points: [4911.409299679252, 1166.3963681712019]
nadir points: [7080.598716484848, 4747.940430874791]
max objectives: [45053.754644038185, 44591.754644038185]
min objectives: [5457.121444088058, 1295.9959646346688]
HVOfIntermedidatePopPSL: DoubleSummaryStatistics{count=1000, sum=867.774159, min=0.000000, average=0.867774, max=0.989474}
preferenceDiversityPopAll: DoubleSummaryStatistics{count=1000, sum=8.059368, min=0.000000, average=0.008059, max=0.106904}
Genotype diversity: 1.0
Entropy diversity: 6.7125694517616585
PC diversity: 0.968
MPSLGP top 5 HV by task at generation 8:
  Task 0: #1 ind=30 HV=0.9894740334935973; #2 ind=90 HV=0.985440805927162; #3 ind=123 HV=0.9838564125274584; #4 ind=91 HV=0.9815940897391284; #5 ind=13 HV=0.9808803153245341
  Task 1: #1 ind=11 HV=0.9888610704498743; #2 ind=12 HV=0.9885132381645529; #3 ind=122 HV=0.9846948610959205; #4 ind=31 HV=0.9818216719283286; #5 ind=0 HV=0.9816360592858795

Pareto Front of Subpopulation 8
Objective 0: [5457.121444088058, 5478.814493624144, 5518.013336181, 5632.730829094537, 5683.512860201066, 5889.0247965723975, 5917.834449867485, 6297.066547984257, 6498.407027166453, 6846.32066100603, 7080.598716484848]
Objective 1: [4747.940430874791, 3408.75412715954, 2210.0569946953037, 1989.554689534707, 1900.2664570026973, 1777.0012467627384, 1629.6283261087083, 1593.2532522379188, 1421.4429845314153, 1330.7688726770866, 1295.9959646346688]
MPSLGP task 0 best fitness of generation Fitness: [5917.834449867485 1629.6283261087083]
MPSLGP task 1 best fitness of generation Fitness: [5632.730829094537 1989.554689534707]
2
duration: 96.0
Generation 8 elapsed 96.0 seconds.
Generation 9
Preselection cleared number: 1456
MPSLGP task-balanced survival counts: [task 0=500, task 1=500]
Subpop 0 reduced 5000 -> 1000
ideal points: [4761.445713223354, 1056.3133864521167]
nadir points: [6378.73884691656, 3646.32242613384]
max objectives: [60154.62059645231, 59560.62059645231]
min objectives: [5290.495236914838, 1173.6815405023517]
HVOfIntermedidatePopPSL: DoubleSummaryStatistics{count=1000, sum=926.910155, min=0.000000, average=0.926910, max=0.994238}
preferenceDiversityPopAll: DoubleSummaryStatistics{count=1000, sum=8.637269, min=0.000000, average=0.008637, max=0.116581}
Genotype diversity: 1.0
Entropy diversity: 6.809716764466059
PC diversity: 0.978
MPSLGP top 5 HV by task at generation 9:
  Task 0: #1 ind=21 HV=0.9937763651034635; #2 ind=9 HV=0.9934175192403726; #3 ind=2 HV=0.9923930375910597; #4 ind=38 HV=0.9905076932342506; #5 ind=10 HV=0.9904745633663455
  Task 1: #1 ind=37 HV=0.9942382436502691; #2 ind=56 HV=0.9939734917161144; #3 ind=20 HV=0.9939496963040793; #4 ind=0 HV=0.9931076918274; #5 ind=1 HV=0.9927624720419567

Pareto Front of Subpopulation 9
Objective 0: [5290.495236914838, 5300.139153641649, 5309.901047787687, 5429.3768427157775, 5515.656377564679, 5907.0071057502355, 6082.249305415578, 6240.013248364849, 6378.73884691656]
Objective 1: [3646.32242613384, 3384.22451061818, 1561.4490309422763, 1458.5055073769545, 1331.0005943469878, 1330.440336542888, 1317.9487886858915, 1175.9027713164105, 1173.6815405023517]
2
duration: 90.0
MPSLGP task 0 best fitness of generation Fitness: [5429.3768427157775 1458.5055073769545]
MPSLGP task 1 best fitness of generation Fitness: [5515.656377564679 1331.0005943469878]
Generation 9 elapsed 90.0 seconds.
Generation 10
Preselection cleared number: 1518
MPSLGP task-balanced survival counts: [task 0=500, task 1=500]
Subpop 0 reduced 5000 -> 1000
ideal points: [4848.755067482614, 1088.156541243763]
nadir points: [7415.545154237247, 3143.6731295526697]
max objectives: [47060.03876895469, 12100.448276128882]
min objectives: [5387.505630536238, 1209.0628236041812]
HVOfIntermedidatePopPSL: DoubleSummaryStatistics{count=1000, sum=823.077926, min=0.000000, average=0.823078, max=0.977766}
preferenceDiversityPopAll: DoubleSummaryStatistics{count=1000, sum=8.315093, min=0.000000, average=0.008315, max=0.113681}
Genotype diversity: 1.0
Entropy diversity: 6.619406051869301
PC diversity: 0.978
MPSLGP top 5 HV by task at generation 10:
  Task 0: #1 ind=1 HV=0.9777151785016541; #2 ind=28 HV=0.9771804761500411; #3 ind=2 HV=0.9754046405334362; #4 ind=3 HV=0.9752927526176659; #5 ind=29 HV=0.9736710128505522
  Task 1: #1 ind=0 HV=0.9777657778858185; #2 ind=17 HV=0.973855762821398; #3 ind=18 HV=0.9731499617101425; #4 ind=68 HV=0.970586759218769; #5 ind=6 HV=0.9659580696222049

Pareto Front of Subpopulation 10
Objective 0: [5387.505630536238, 5420.4080695429, 5610.235669395537, 5673.754253663006, 5737.469418468769, 5891.3810003356775, 5891.3810003356775, 6012.82367959735, 6098.384265150293, 6107.809592001315, 6121.796067210962, 6143.729088090477, 6143.729088090477, 6217.217724329326, 6593.530031559232, 7248.681413440267, 7415.545154237247]
Objective 1: [3143.6731295526697, 2097.131881882946, 1747.6271766605932, 1653.6834017341753, 1569.8869989776285, 1555.9933777329425, 1555.9933777329425, 1542.2398187028448, 1517.723697413865, 1391.4097312145313, 1351.9336958173808, 1278.1109821381106, 1278.1109821381106, 1234.1995522604411, 1221.8827591789595, 1218.1703533600667, 1209.0628236041812]
2
duration: 89.0
MPSLGP task 0 best fitness of generation Fitness: [6217.217724329326 1234.1995522604411]
MPSLGP task 1 best fitness of generation Fitness: [7415.545154237247 1209.0628236041812]
Generation 10 elapsed 89.0 seconds.
Generation 11
Preselection cleared number: 1440
MPSLGP task-balanced survival counts: [task 0=500, task 1=500]
Subpop 0 reduced 5000 -> 1000
ideal points: [5009.142322914954, 1008.433415527815]
nadir points: [6440.827476732666, 1521.2111920876487]
max objectives: [51211.83836530591, 39442.05778363114]
min objectives: [5565.713692127727, 1120.4815728086833]
HVOfIntermedidatePopPSL: DoubleSummaryStatistics{count=1000, sum=809.388563, min=0.000000, average=0.809389, max=0.993644}
preferenceDiversityPopAll: DoubleSummaryStatistics{count=1000, sum=9.628950, min=0.000000, average=0.009629, max=0.117017}
Genotype diversity: 1.0
Entropy diversity: 6.4146903884666715
PC diversity: 0.973
MPSLGP top 5 HV by task at generation 11:
  Task 0: #1 ind=0 HV=0.9936444228069401; #2 ind=49 HV=0.9914412612642513; #3 ind=1 HV=0.9914025062160853; #4 ind=73 HV=0.9909796744836948; #5 ind=2 HV=0.9892125213539886
  Task 1: #1 ind=3 HV=0.9861024009492482; #2 ind=9 HV=0.9853466677560195; #3 ind=10 HV=0.9845573006264355; #4 ind=11 HV=0.9844776867912342; #5 ind=26 HV=0.9827130474794898

Pareto Front of Subpopulation 11
Objective 0: [5565.713692127727, 5685.671517527546, 5911.575572534464, 6173.326092548406, 6229.232968309894, 6402.796327062766, 6440.827476732666]
Objective 1: [1521.2111920876487, 1408.0460963943915, 1355.4691279109102, 1326.5288869291544, 1213.9419036786712, 1178.6674141224503, 1120.4815728086833]
2
duration: 107.0
MPSLGP task 0 best fitness of generation Fitness: [5685.671517527546 1408.0460963943915]
MPSLGP task 1 best fitness of generation Fitness: [5911.575572534464 1355.4691279109102]
Generation 11 elapsed 107.0 seconds.
Generation 12
Preselection cleared number: 1390
MPSLGP task-balanced survival counts: [task 0=500, task 1=500]
Subpop 0 reduced 5000 -> 1000
ideal points: [4651.161696346983, 871.3622655076339]
nadir points: [5788.886601278267, 1615.5424910157162]
max objectives: [51804.42092801852, 35620.86033914065]
min objectives: [5167.957440385537, 968.1802950084821]
HVOfIntermedidatePopPSL: DoubleSummaryStatistics{count=1000, sum=854.923422, min=0.000000, average=0.854923, max=0.991132}
preferenceDiversityPopAll: DoubleSummaryStatistics{count=1000, sum=13.256868, min=0.000000, average=0.013257, max=0.114099}
Genotype diversity: 1.0
Entropy diversity: 6.449750971894823
PC diversity: 0.97
MPSLGP top 5 HV by task at generation 12:
  Task 0: #1 ind=9 HV=0.991131722470895; #2 ind=1 HV=0.9894417442758103; #3 ind=2 HV=0.9885806599354398; #4 ind=3 HV=0.9883474864939318; #5 ind=11 HV=0.9876792726647855
  Task 1: #1 ind=0 HV=0.9904574892484354; #2 ind=10 HV=0.9888766424709032; #3 ind=6 HV=0.986971273689149; #4 ind=14 HV=0.9848990007322429; #5 ind=17 HV=0.9844236173110862

Pareto Front of Subpopulation 12
Objective 0: [5167.957440385537, 5167.957440385537, 5352.045418227208, 5432.639031934028, 5540.149808966438, 5600.41454388079, 5684.293453618535, 5687.06799124059, 5788.886601278267]
Objective 1: [1615.5424910157162, 1615.5424910157162, 1346.9878877547162, 1100.2577490128751, 1049.567108718562, 1036.3339429570333, 1013.1787890154374, 982.9889303791133, 968.1802950084821]
MPSLGP task 0 best fitness of generation Fitness: [5540.149808966438 1049.567108718562]
MPSLGP task 1 best fitness of generation Fitness: [5432.639031934028 1100.2577490128751]
2
duration: 110.0
Generation 12 elapsed 110.0 seconds.
Generation 13
Preselection cleared number: 1360
MPSLGP task-balanced survival counts: [task 0=500, task 1=500]
Subpop 0 reduced 5000 -> 1000
ideal points: [4778.975915761816, 1054.074270655081]
nadir points: [6793.908518390264, 3639.3156319649424]
max objectives: [119670.578274459, 34391.625314502555]
min objectives: [5309.973239735351, 1171.193634061201]
HVOfIntermedidatePopPSL: DoubleSummaryStatistics{count=1000, sum=821.544968, min=0.000000, average=0.821545, max=0.992883}
preferenceDiversityPopAll: DoubleSummaryStatistics{count=1000, sum=22.383099, min=0.000000, average=0.022383, max=0.104827}
Genotype diversity: 1.0
Entropy diversity: 6.090682110197593
PC diversity: 0.932
MPSLGP top 5 HV by task at generation 13:
  Task 0: #1 ind=19 HV=0.9928834234108375; #2 ind=59 HV=0.9899484662786869; #3 ind=38 HV=0.9899210915444502; #4 ind=20 HV=0.9898012158671607; #5 ind=4 HV=0.9881908638827331
  Task 1: #1 ind=0 HV=0.9915033873195439; #2 ind=1 HV=0.9908797425836049; #3 ind=2 HV=0.9904125440955796; #4 ind=3 HV=0.98821932324935; #5 ind=6 HV=0.9878709050955514

Pareto Front of Subpopulation 13
Objective 0: [5309.973239735351, 5325.080995757016, 5366.136266714311, 5391.860157773946, 5425.161911616102, 5448.638206869946, 5464.508969869115, 5492.786576710409, 5543.559578860179, 5679.80943732406, 6317.869264497189, 6340.573530590802, 6375.522307143314, 6375.522307143314, 6375.522307143314, 6414.819727859285, 6729.228701414831, 6789.251585019461, 6793.908518390264]
Objective 1: [3639.3156319649424, 2709.782817452884, 2423.8837158913666, 2037.2172416935791, 2034.2255923147313, 1985.413478422226, 1821.908878850547, 1723.2830918147374, 1408.3517456069821, 1354.6120928089367, 1275.8895951820596, 1261.1393315386813, 1259.0695226932294, 1259.0695226932294, 1259.0695226932294, 1246.095307787633, 1210.4110380668862, 1202.6433491238276, 1171.193634061201]
MPSLGP task 0 best fitness of generation Fitness: [6340.573530590802 1261.1393315386813]
MPSLGP task 1 best fitness of generation Fitness: [6317.869264497189 1275.8895951820596]
2
duration: 102.0
Generation 13 elapsed 102.0 seconds.
Generation 14
Preselection cleared number: 1330
MPSLGP task-balanced survival counts: [task 0=500, task 1=500]
Subpop 0 reduced 5000 -> 1000
ideal points: [4783.7592504558625, 1029.9836319145893]
nadir points: [6469.1946351036895, 3535.295785803959]
max objectives: [106559.81682616929, 106031.81682616929]
min objectives: [5315.288056062069, 1144.426257682877]
HVOfIntermedidatePopPSL: DoubleSummaryStatistics{count=1000, sum=883.907451, min=0.000000, average=0.883907, max=0.995925}
preferenceDiversityPopAll: DoubleSummaryStatistics{count=1000, sum=31.540064, min=0.000000, average=0.031540, max=0.119185}
Genotype diversity: 1.0
Entropy diversity: 6.2522536699329665
PC diversity: 0.886
MPSLGP top 5 HV by task at generation 14:
  Task 0: #1 ind=84 HV=0.9950737425260499; #2 ind=36 HV=0.9939591475531715; #3 ind=1 HV=0.9939016376279672; #4 ind=2 HV=0.9932542680331508; #5 ind=61 HV=0.9930732657060876
  Task 1: #1 ind=11 HV=0.9959248106667136; #2 ind=0 HV=0.9950814100312902; #3 ind=12 HV=0.994785860079776; #4 ind=13 HV=0.9944348483192195; #5 ind=14 HV=0.9927937597513793

Pareto Front of Subpopulation 14
Objective 0: [5315.288056062069, 5357.331683861703, 5394.579764768481, 5574.735326407768, 5714.174656650517, 5733.313912485086, 5835.485175754642, 5879.147554961615, 5978.866863283387, 6398.919265987701, 6469.1946351036895]
Objective 1: [3535.295785803959, 2919.5090169701434, 1684.1878616819013, 1572.1894035225996, 1560.106301521315, 1531.8365393658605, 1450.8229803326394, 1404.3627163932688, 1344.4256859829038, 1260.745399018153, 1144.426257682877]
MPSLGP task 0 best fitness of generation Fitness: [5394.579764768481 1684.1878616819013]
MPSLGP task 1 best fitness of generation Fitness: [5978.866863283387 1344.4256859829038]
2
duration: 104.0
Generation 14 elapsed 104.0 seconds.
Generation 15
Preselection cleared number: 1254
MPSLGP task-balanced survival counts: [task 0=500, task 1=500]
Subpop 0 reduced 5000 -> 1000
ideal points: [4773.676233339461, 1001.00629563451]
nadir points: [6739.762208185275, 1868.134640441851]
max objectives: [76561.6227961522, 31410.668159286142]
min objectives: [5304.084703710512, 1112.2292173716778]
HVOfIntermedidatePopPSL: DoubleSummaryStatistics{count=1000, sum=908.746132, min=0.000000, average=0.908746, max=0.992715}
preferenceDiversityPopAll: DoubleSummaryStatistics{count=1000, sum=25.129039, min=0.000000, average=0.025129, max=0.135986}
Genotype diversity: 1.0
Entropy diversity: 6.4994807014725025
PC diversity: 0.942
MPSLGP top 5 HV by task at generation 15:
  Task 0: #1 ind=43 HV=0.9904829806863646; #2 ind=1 HV=0.990397389562661; #3 ind=44 HV=0.9903569253178413; #4 ind=25 HV=0.9901232281203204; #5 ind=2 HV=0.9896128738053399
  Task 1: #1 ind=0 HV=0.992714963941088; #2 ind=10 HV=0.9910360924689139; #3 ind=11 HV=0.9909003941200661; #4 ind=45 HV=0.9902086066366924; #5 ind=26 HV=0.9887283946765355

Pareto Front of Subpopulation 15
Objective 0: [5304.084703710512, 5304.084703710512, 5304.084703710512, 5304.084703710512, 5412.2935037901625, 5484.494554853765, 5677.121014871169, 5814.278625984676, 6589.7711331105675, 6739.762208185275]
Objective 1: [1868.134640441851, 1868.134640441851, 1868.134640441851, 1868.134640441851, 1404.1404400217507, 1348.0272995810956, 1318.3301016631012, 1181.1094757274695, 1153.9847291285696, 1112.2292173716778]
2
duration: 109.0
MPSLGP task 0 best fitness of generation Fitness: [5814.278625984676 1181.1094757274695]
MPSLGP task 1 best fitness of generation Fitness: [5412.2935037901625 1404.1404400217507]
Generation 15 elapsed 109.0 seconds.
Generation 16
Preselection cleared number: 1276
MPSLGP task-balanced survival counts: [task 0=500, task 1=500]
Subpop 0 reduced 5000 -> 1000
ideal points: [4685.970933469321, 924.5753987813077]
nadir points: [6749.22399458359, 1364.6400676482444]
max objectives: [56258.51113650401, 21006.841639133854]
min objectives: [5206.634370521468, 1027.3059986458975]
HVOfIntermedidatePopPSL: DoubleSummaryStatistics{count=1000, sum=865.377326, min=0.000000, average=0.865377, max=0.989069}
preferenceDiversityPopAll: DoubleSummaryStatistics{count=1000, sum=25.843001, min=0.000000, average=0.025843, max=0.133550}
Genotype diversity: 1.0
Entropy diversity: 6.311231073727914
PC diversity: 0.937
MPSLGP top 5 HV by task at generation 16:
  Task 0: #1 ind=11 HV=0.9890686599058932; #2 ind=12 HV=0.9889734894639955; #3 ind=13 HV=0.988964328036831; #4 ind=14 HV=0.9889006985741794; #5 ind=0 HV=0.9876135779917076
  Task 1: #1 ind=15 HV=0.9873034507267103; #2 ind=1 HV=0.985740448887042; #3 ind=17 HV=0.9855620407792444; #4 ind=18 HV=0.985064246331687; #5 ind=3 HV=0.9848905880434998

Pareto Front of Subpopulation 16
Objective 0: [5206.634370521468, 5336.663428435975, 5342.273150177643, 5419.310905596474, 5420.946404400514, 5630.056986288982, 5652.548825141741, 5739.49828165432, 6081.9430619444465, 6293.365243901149, 6749.22399458359]
Objective 1: [1364.6400676482444, 1319.1184759896132, 1276.6905508757045, 1244.7993920040608, 1186.1172936569783, 1167.4270911994681, 1140.869023180654, 1093.444270180611, 1074.8572979832388, 1044.1009771469107, 1027.3059986458975]
MPSLGP task 0 best fitness of generation Fitness: [5420.946404400514 1186.1172936569783]
MPSLGP task 1 best fitness of generation Fitness: [5739.49828165432 1093.444270180611]
2
duration: 110.0
Generation 16 elapsed 110.0 seconds.
Generation 17
Preselection cleared number: 1208
MPSLGP task-balanced survival counts: [task 0=500, task 1=500]
Subpop 0 reduced 5000 -> 1000
ideal points: [4827.504739288136, 1575.453488133353]
nadir points: [8370.639102441724, 2282.849230470063]
max objectives: [102888.66405342065, 25511.50774487271]
min objectives: [5363.894154764595, 1750.5038757037255]
HVOfIntermedidatePopPSL: DoubleSummaryStatistics{count=1000, sum=879.410807, min=0.000000, average=0.879411, max=0.990043}
preferenceDiversityPopAll: DoubleSummaryStatistics{count=1000, sum=28.228546, min=0.000000, average=0.028229, max=0.137245}
Genotype diversity: 1.0
Entropy diversity: 6.418198778888297
PC diversity: 0.932
MPSLGP top 5 HV by task at generation 17:
  Task 0: #1 ind=12 HV=0.9883863715859011; #2 ind=13 HV=0.9869334861986008; #3 ind=36 HV=0.9823778902126434; #4 ind=85 HV=0.9814377169470274; #5 ind=0 HV=0.9808174835207417
  Task 1: #1 ind=58 HV=0.9900434866478549; #2 ind=33 HV=0.9880599591544681; #3 ind=14 HV=0.9843826152148529; #4 ind=34 HV=0.9842892336534738; #5 ind=35 HV=0.9839959078586201

Pareto Front of Subpopulation 17
Objective 0: [5363.894154764595, 5363.894154764595, 5363.894154764595, 6157.325347701844, 6452.234893159533, 6526.172385596437, 6798.223467100994, 6870.4168234441895, 7331.505957150541, 7920.817156102217, 8285.826856159838, 8370.639102441724]
Objective 1: [2282.849230470063, 2282.849230470063, 2282.849230470063, 2104.999623367592, 2053.447560063214, 2028.6017920253216, 2027.2472782320401, 1941.217686221149, 1939.6385966866947, 1916.5103025894932, 1893.403331556823, 1750.5038757037255]
MPSLGP task 0 best fitness of generation Fitness: [6157.325347701844 2104.999623367592]
MPSLGP task 1 best fitness of generation Fitness: [6526.172385596437 2028.6017920253216]
2
duration: 114.0
Generation 17 elapsed 114.0 seconds.
Generation 18
Preselection cleared number: 1549
MPSLGP task-balanced survival counts: [task 0=500, task 1=500]
Subpop 0 reduced 5000 -> 1000
ideal points: [4715.68614832809, 1030.9678942052328]
nadir points: [6760.365616200608, 1696.5356889044633]
max objectives: [54591.13712085469, 25386.95582031514]
min objectives: [5239.6512759201, 1145.5198824502586]
HVOfIntermedidatePopPSL: DoubleSummaryStatistics{count=1000, sum=888.075139, min=0.000000, average=0.888075, max=0.993196}
preferenceDiversityPopAll: DoubleSummaryStatistics{count=1000, sum=26.938280, min=0.000000, average=0.026938, max=0.137161}
Genotype diversity: 1.0
Entropy diversity: 6.456069687409539
PC diversity: 1.0
MPSLGP top 5 HV by task at generation 18:
  Task 0: #1 ind=0 HV=0.9931957125016527; #2 ind=38 HV=0.9876085793303228; #3 ind=61 HV=0.9870517577534521; #4 ind=3 HV=0.9855865576725293; #5 ind=83 HV=0.9853169151418428
  Task 1: #1 ind=15 HV=0.9916638251343478; #2 ind=62 HV=0.9865165137160486; #3 ind=1 HV=0.9864289375399643; #4 ind=2 HV=0.9856454757199093; #5 ind=84 HV=0.9843048227781709

Pareto Front of Subpopulation 18
Objective 0: [5239.6512759201, 5263.050609607366, 5288.37584850681, 5303.068770549842, 5341.219761138433, 5564.874901408562, 5761.783921978553, 5965.761569844908, 5971.386048799934, 6564.635343655362, 6605.945446162485, 6618.58326013363, 6645.421272169915, 6754.7694121520035, 6760.365616200608]
Objective 1: [1696.5356889044633, 1586.2947034884128, 1578.1686288035708, 1508.4902815524256, 1425.8092557275377, 1326.1809737096773, 1322.9456683389435, 1270.437153589446, 1225.833348673972, 1210.0072197502886, 1206.8660114946251, 1198.8775557492045, 1171.8896212661639, 1167.9259520658816, 1145.5198824502586]
MPSLGP task 0 best fitness of generation Fitness: [5239.6512759201 1696.5356889044633]
MPSLGP task 1 best fitness of generation Fitness: [5341.219761138433 1425.8092557275377]
2
duration: 113.0
Generation 18 elapsed 113.0 seconds.
Generation 19
Preselection cleared number: 1283
MPSLGP task-balanced survival counts: [task 0=500, task 1=500]
Subpop 0 reduced 5000 -> 1000
ideal points: [4863.308121118607, 921.1528937948963]
nadir points: [6432.891906902863, 1531.6577137841523]
max objectives: [59778.85824088671, 16732.78634699105]
min objectives: [5403.675690131786, 1023.5032153276625]
HVOfIntermedidatePopPSL: DoubleSummaryStatistics{count=1000, sum=850.133079, min=0.000000, average=0.850133, max=0.991878}
preferenceDiversityPopAll: DoubleSummaryStatistics{count=1000, sum=23.884855, min=0.000000, average=0.023885, max=0.138706}
Genotype diversity: 1.0
Entropy diversity: 6.463840807618566
PC diversity: 0.964
MPSLGP top 5 HV by task at generation 19:
  Task 0: #1 ind=0 HV=0.9918779366329159; #2 ind=2 HV=0.9869090118607082; #3 ind=37 HV=0.9854984178729332; #4 ind=8 HV=0.9851215794325966; #5 ind=50 HV=0.9849834300711716
  Task 1: #1 ind=1 HV=0.9894614203919269; #2 ind=22 HV=0.9884964238577445; #3 ind=3 HV=0.9864041019363918; #4 ind=23 HV=0.9862942896898295; #5 ind=24 HV=0.9851680003145337

Pareto Front of Subpopulation 19
Objective 0: [5403.675690131786, 5503.017990885826, 5754.399915457412, 5862.049740976567, 6065.40643922193, 6239.052119881584, 6399.99014734599, 6432.891906902863]
Objective 1: [1531.6577137841523, 1116.2049819774038, 1103.2525813887914, 1092.245729709197, 1085.388729935752, 1057.4194481176673, 1053.1597984216642, 1023.5032153276625]
2
duration: 113.0
MPSLGP task 0 best fitness of generation Fitness: [5503.017990885826 1116.2049819774038]
MPSLGP task 1 best fitness of generation Fitness: [5754.399915457412 1103.2525813887914]
Generation 19 elapsed 113.0 seconds.
Generation 20
Preselection cleared number: 1333
MPSLGP task-balanced survival counts: [task 0=500, task 1=500]
Subpop 0 reduced 5000 -> 1000
ideal points: [4663.747044328141, 906.6434964311571]
nadir points: [6239.7721058074385, 1405.7888000090607]
max objectives: [30945.202652830572, 9519.078729132947]
min objectives: [5181.9411603646, 1007.3816627012857]
HVOfIntermedidatePopPSL: DoubleSummaryStatistics{count=1000, sum=807.426306, min=0.000000, average=0.807426, max=0.977269}
preferenceDiversityPopAll: DoubleSummaryStatistics{count=1000, sum=21.407362, min=0.000000, average=0.021407, max=0.133755}
Genotype diversity: 1.0
Entropy diversity: 6.414563192593684
PC diversity: 0.962
MPSLGP top 5 HV by task at generation 20:
  Task 0: #1 ind=0 HV=0.9772688896831037; #2 ind=62 HV=0.9717157433432191; #3 ind=29 HV=0.9712669033839111; #4 ind=31 HV=0.9688324331975113; #5 ind=12 HV=0.9684922747645295
  Task 1: #1 ind=10 HV=0.9736023513330436; #2 ind=11 HV=0.9728539994461405; #3 ind=30 HV=0.9698013421156724; #4 ind=1 HV=0.9670900130832422; #5 ind=14 HV=0.9669346409038341

Pareto Front of Subpopulation 20
Objective 0: [5181.9411603646, 5193.146019686363, 5319.087063673534, 5319.398792338092, 5652.953515338362, 5733.732999830041, 5850.215331103158, 6085.348799338506, 6157.338634058426, 6239.7721058074385]
Objective 1: [1405.7888000090607, 1373.9144087590685, 1340.29239587771, 1154.9548596895474, 1140.5775748838496, 1103.452592612477, 1064.3573338080896, 1058.323681308946, 1042.4919593033555, 1007.3816627012857]
MPSLGP task 0 best fitness of generation Fitness: [5319.398792338092 1154.9548596895474]
MPSLGP task 1 best fitness of generation Fitness: [5733.732999830041 1103.452592612477]
2
duration: 114.0
Generation 20 elapsed 114.0 seconds.
Generation 21
Preselection cleared number: 1291
MPSLGP task-balanced survival counts: [task 0=500, task 1=500]
Subpop 0 reduced 5000 -> 1000
ideal points: [4605.3381916159415, 838.9987025565351]
nadir points: [6101.499357345805, 1153.1723115460918]
max objectives: [34443.88491961546, 16076.727953612804]
min objectives: [5117.042435128824, 932.2207806183724]
HVOfIntermedidatePopPSL: DoubleSummaryStatistics{count=1000, sum=847.868962, min=0.000000, average=0.847869, max=0.986902}
preferenceDiversityPopAll: DoubleSummaryStatistics{count=1000, sum=23.272952, min=0.000000, average=0.023273, max=0.127297}
Genotype diversity: 1.0
Entropy diversity: 6.501546824721947
PC diversity: 0.973
MPSLGP top 5 HV by task at generation 21:
  Task 0: #1 ind=37 HV=0.9869022423402661; #2 ind=26 HV=0.9864608620169842; #3 ind=0 HV=0.9853127590431912; #4 ind=12 HV=0.9820252928724537; #5 ind=2 HV=0.9819079424297114
  Task 1: #1 ind=55 HV=0.9841838598519899; #2 ind=11 HV=0.9836061128271831; #3 ind=1 HV=0.983060418638352; #4 ind=56 HV=0.9819400086048925; #5 ind=13 HV=0.9817075788827172

Pareto Front of Subpopulation 21
Objective 0: [5117.042435128824, 5321.97382116568, 5409.711337169225, 5449.264295184927, 5473.508578788489, 5731.853823078622, 5805.573953717132, 6027.948422038346, 6027.948422038346, 6027.948422038346, 6101.499357345805]
Objective 1: [1153.1723115460918, 1098.602488590739, 1097.4353083242531, 1035.2574712337228, 1001.0792200018914, 966.0028683741984, 957.5430009967386, 941.1194656627631, 941.1194656627631, 941.1194656627631, 932.2207806183724]
2
duration: 114.0
MPSLGP task 0 best fitness of generation Fitness: [5117.042435128824 1153.1723115460918]
MPSLGP task 1 best fitness of generation Fitness: [5473.508578788489 1001.0792200018914]
Generation 21 elapsed 114.0 seconds.
Generation 22
Preselection cleared number: 1389
MPSLGP task-balanced survival counts: [task 0=500, task 1=500]
Subpop 0 reduced 5000 -> 1000
ideal points: [4661.891393072682, 898.977012417352]
nadir points: [6330.254403809435, 1774.1930991131812]
max objectives: [89788.32175724278, 22632.380784528912]
min objectives: [5179.879325636313, 998.863347130391]
HVOfIntermedidatePopPSL: DoubleSummaryStatistics{count=1000, sum=912.992583, min=0.000000, average=0.912993, max=0.993848}
preferenceDiversityPopAll: DoubleSummaryStatistics{count=1000, sum=22.186539, min=0.000000, average=0.022187, max=0.136787}
Genotype diversity: 1.0
Entropy diversity: 6.503005265271604
PC diversity: 0.954
MPSLGP top 5 HV by task at generation 22:
  Task 0: #1 ind=0 HV=0.9938479057965072; #2 ind=26 HV=0.9922781269280997; #3 ind=47 HV=0.9892092032353468; #4 ind=5 HV=0.9882010040352909; #5 ind=13 HV=0.9879852821283844
  Task 1: #1 ind=1 HV=0.9904545861652072; #2 ind=2 HV=0.9897337841394701; #3 ind=12 HV=0.9888625528533617; #4 ind=3 HV=0.9885129079840351; #5 ind=4 HV=0.9884426402801759

Pareto Front of Subpopulation 22
Objective 0: [5179.879325636313, 5240.180281192996, 5240.180281192996, 5364.305996164854, 5499.327672820771, 5580.410760769446, 5613.837934316427, 5621.399755975639, 5636.730379235116, 5639.018403948285, 6308.311432668939, 6330.254403809435]
Objective 1: [1774.1930991131812, 1238.710242805304, 1238.710242805304, 1218.7824035372469, 1169.3396579577675, 1168.6310748381075, 1156.70932537732, 1153.8140728560393, 1150.7119041952683, 1013.3905567304901, 1010.5950546803069, 998.863347130391]
MPSLGP task 0 best fitness of generation Fitness: [5639.018403948285 1013.3905567304901]
MPSLGP task 1 best fitness of generation Fitness: [5240.180281192996 1238.710242805304]
2
duration: 116.0
Generation 22 elapsed 116.0 seconds.
Generation 23
Preselection cleared number: 1396
MPSLGP task-balanced survival counts: [task 0=500, task 1=500]
Subpop 0 reduced 5000 -> 1000
ideal points: [4565.479651874275, 831.4678639253019]
nadir points: [5991.9352545058355, 1146.6357391996135]
max objectives: [20754.832681814732, 8837.370115782978]
min objectives: [5072.755168749194, 923.8531821392244]
HVOfIntermedidatePopPSL: DoubleSummaryStatistics{count=1000, sum=835.390664, min=0.000000, average=0.835391, max=0.977902}
preferenceDiversityPopAll: DoubleSummaryStatistics{count=1000, sum=22.214440, min=0.000000, average=0.022214, max=0.123166}
Genotype diversity: 1.0
Entropy diversity: 6.728265533680051
PC diversity: 0.94
MPSLGP top 5 HV by task at generation 23:
  Task 0: #1 ind=0 HV=0.9779017679212973; #2 ind=1 HV=0.9762833686346386; #3 ind=3 HV=0.9727763762168788; #4 ind=10 HV=0.9722524867158937; #5 ind=5 HV=0.972038156971002
  Task 1: #1 ind=2 HV=0.9736868727436584; #2 ind=4 HV=0.9727597433187182; #3 ind=26 HV=0.9703283292765267; #4 ind=11 HV=0.9699634424607775; #5 ind=6 HV=0.96935504129063

Pareto Front of Subpopulation 23
Objective 0: [5072.755168749194, 5105.522912854911, 5185.777979386621, 5240.745364945149, 5340.300696976017, 5368.710243481793, 5515.330563276191, 5599.297426557168, 5845.891669184784, 5991.9352545058355]
Objective 1: [1146.6357391996135, 1086.6590022711462, 1073.378527629393, 1051.5579689623992, 1038.6159216309898, 995.6960582697066, 992.3891932319748, 985.5617839352344, 968.8877751837281, 923.8531821392244]
MPSLGP task 0 best fitness of generation Fitness: [5072.755168749194 1146.6357391996135]
MPSLGP task 1 best fitness of generation Fitness: [5340.300696976017 1038.6159216309898]
2
duration: 118.0
Generation 23 elapsed 118.0 seconds.
Generation 24
Preselection cleared number: 1510
MPSLGP task-balanced survival counts: [task 0=500, task 1=500]
Subpop 0 reduced 5000 -> 1000
ideal points: [4940.727856572555, 1209.1632978342707]
nadir points: [7880.370090081531, 2070.0358813487255]
max objectives: [62584.99879509513, 15460.901614157629]
min objectives: [5489.697618413949, 1343.5147753714118]
HVOfIntermedidatePopPSL: DoubleSummaryStatistics{count=1000, sum=824.730107, min=0.000000, average=0.824730, max=0.993713}
preferenceDiversityPopAll: DoubleSummaryStatistics{count=1000, sum=26.143504, min=0.000000, average=0.026144, max=0.141861}
Genotype diversity: 1.0
Entropy diversity: 6.450555440747705
PC diversity: 0.923
MPSLGP top 5 HV by task at generation 24:
  Task 0: #1 ind=0 HV=0.9937129259647134; #2 ind=22 HV=0.9914649747414903; #3 ind=76 HV=0.9841632536427866; #4 ind=4 HV=0.9825400517721917; #5 ind=24 HV=0.9802321845114266
  Task 1: #1 ind=1 HV=0.9929133539177152; #2 ind=20 HV=0.9917254630006125; #3 ind=21 HV=0.9916386103177829; #4 ind=23 HV=0.9895324375062311; #5 ind=49 HV=0.9872670801163546

Pareto Front of Subpopulation 24
Objective 0: [5489.697618413949, 5528.128120566485, 5705.65308189753, 5742.373910908529, 5742.373910908529, 5940.064776524901, 5954.102454100386, 6116.167678385333, 6164.894242738839, 6444.722615792765, 6570.418544754735, 6663.614972467301, 6670.751488363952, 7064.113671903207, 7494.672402997385, 7518.274538795231, 7590.1035316774505, 7708.043315992749, 7852.134382538265, 7880.370090081531]
Objective 1: [2070.0358813487255, 1889.1851984955574, 1746.6536005416638, 1600.73059788518, 1600.73059788518, 1591.0407480817812, 1535.3435135677282, 1516.8893286497623, 1514.726683143017, 1514.673975003665, 1491.4485648089467, 1470.5013108656713, 1449.0657205798052, 1429.865140115202, 1417.374918475034, 1382.7109261947771, 1372.695740334515, 1365.7591708825348, 1361.680064541506, 1343.5147753714118]
2
duration: 119.0
MPSLGP task 0 best fitness of generation Fitness: [5742.373910908529 1600.73059788518]
MPSLGP task 1 best fitness of generation Fitness: [5742.373910908529 1600.73059788518]
Generation 24 elapsed 119.0 seconds.
Generation 25
Preselection cleared number: 1343
MPSLGP task-balanced survival counts: [task 0=500, task 1=500]
Subpop 0 reduced 5000 -> 1000
ideal points: [4952.152482140728, 1047.3306390626458]
nadir points: [7091.434373047727, 3798.0587032310286]
max objectives: [41489.98210333532, 41027.98210333532]
min objectives: [5502.391646823031, 1163.7007100696064]
HVOfIntermedidatePopPSL: DoubleSummaryStatistics{count=1000, sum=843.045309, min=0.000000, average=0.843045, max=0.992843}
preferenceDiversityPopAll: DoubleSummaryStatistics{count=1000, sum=31.421969, min=0.000000, average=0.031422, max=0.148096}
Genotype diversity: 1.0
Entropy diversity: 6.065762564614943
PC diversity: 0.891
MPSLGP top 5 HV by task at generation 25:
  Task 0: #1 ind=14 HV=0.991209822115958; #2 ind=15 HV=0.9904535604444373; #3 ind=64 HV=0.988512911242451; #4 ind=16 HV=0.9884670281500672; #5 ind=45 HV=0.9872668390061979
  Task 1: #1 ind=0 HV=0.9928431532681989; #2 ind=1 HV=0.9911506629914086; #3 ind=2 HV=0.9898876764595845; #4 ind=44 HV=0.9873676875922295; #5 ind=17 HV=0.9872870751630007

Pareto Front of Subpopulation 25
Objective 0: [5502.391646823031, 5537.536715914699, 5548.300076632411, 5679.634501424502, 5740.017675541341, 5767.748719893047, 5787.284933536546, 5829.430177900824, 6017.4205131842755, 6820.449073012511, 6820.449073012511, 6820.449073012511, 7082.352511572652, 7091.434373047727]
Objective 1: [3798.0587032310286, 1779.931369922604, 1532.5099745754414, 1513.6759061119228, 1473.168166527641, 1451.4346569397167, 1422.892277346924, 1376.3562973498629, 1242.3371513954335, 1220.147581209254, 1220.147581209254, 1220.147581209254, 1218.6353879015514, 1163.7007100696064]
MPSLGP task 0 best fitness of generation Fitness: [5829.430177900824 1376.3562973498629]
MPSLGP task 1 best fitness of generation Fitness: [5548.300076632411 1532.5099745754414]
2
duration: 117.0
Generation 25 elapsed 117.0 seconds.
Generation 26
Preselection cleared number: 1237
MPSLGP task-balanced survival counts: [task 0=500, task 1=500]
Subpop 0 reduced 5000 -> 1000
ideal points: [4570.5058886530405, 850.150297733031]
nadir points: [6138.260564435797, 1231.8539763754961]
max objectives: [41709.23081960168, 22331.497942275775]
min objectives: [5078.339876281156, 944.61144192559]
HVOfIntermedidatePopPSL: DoubleSummaryStatistics{count=1000, sum=868.820214, min=0.000000, average=0.868820, max=0.992484}
preferenceDiversityPopAll: DoubleSummaryStatistics{count=1000, sum=31.942299, min=0.000000, average=0.031942, max=0.136175}
Genotype diversity: 1.0
Entropy diversity: 6.2633041510212735
PC diversity: 0.911
MPSLGP top 5 HV by task at generation 26:
  Task 0: #1 ind=1 HV=0.9923244306898367; #2 ind=2 HV=0.9899163167682166; #3 ind=45 HV=0.988961928262682; #4 ind=5 HV=0.9885000062681031; #5 ind=6 HV=0.9880981170842116
  Task 1: #1 ind=0 HV=0.9924838149932589; #2 ind=3 HV=0.9896142578538293; #3 ind=4 HV=0.9888212377750887; #4 ind=7 HV=0.9868563807026008; #5 ind=8 HV=0.9868165023029055

Pareto Front of Subpopulation 26
Objective 0: [5078.339876281156, 5078.339876281156, 5078.339876281156, 5078.339876281156, 5078.339876281156, 5078.339876281156, 5134.692545713449, 5272.195583508932, 5339.619644493912, 5392.890054845775, 5404.6582911351, 5410.145806563931, 5690.662779363338, 5690.662779363338, 5690.662779363338, 5690.662779363338, 5690.662779363338, 5690.662779363338, 5777.876668353681, 5871.714735760819, 6138.260564435797]
Objective 1: [1231.8539763754961, 1231.8539763754961, 1231.8539763754961, 1231.8539763754961, 1231.8539763754961, 1231.8539763754961, 1186.3659433617577, 1141.031085355091, 1133.842984139861, 1078.0483865180577, 1069.4316141823365, 1032.0797367885825, 1016.8799551590928, 1016.8799551590928, 1016.8799551590928, 1016.8799551590928, 1016.8799551590928, 1016.8799551590928, 989.3801749143167, 952.0996240998647, 944.61144192559]
MPSLGP task 0 best fitness of generation Fitness: [5078.339876281156 1231.8539763754961]
MPSLGP task 1 best fitness of generation Fitness: [5078.339876281156 1231.8539763754961]
2
duration: 118.0
Generation 26 elapsed 118.0 seconds.
Generation 27
Preselection cleared number: 1274
MPSLGP task-balanced survival counts: [task 0=500, task 1=500]
Subpop 0 reduced 5000 -> 1000
ideal points: [4845.304546559032, 1164.5272084864112]
nadir points: [7400.94956778764, 1969.5071432804398]
max objectives: [508139.7284102332, 134725.5118845331]
min objectives: [5383.671718398924, 1293.9191205404568]
HVOfIntermedidatePopPSL: DoubleSummaryStatistics{count=1000, sum=940.518060, min=0.000000, average=0.940518, max=0.998725}
preferenceDiversityPopAll: DoubleSummaryStatistics{count=1000, sum=30.336269, min=0.000000, average=0.030336, max=0.129478}
Genotype diversity: 1.0
Entropy diversity: 6.334525552865565
PC diversity: 0.895
MPSLGP top 5 HV by task at generation 27:
  Task 0: #1 ind=0 HV=0.9983611246383806; #2 ind=51 HV=0.9983123865702425; #3 ind=17 HV=0.9982160020988587; #4 ind=18 HV=0.9980459006634367; #5 ind=20 HV=0.9977162637380845
  Task 1: #1 ind=16 HV=0.9987246990497046; #2 ind=34 HV=0.9984901523273102; #3 ind=1 HV=0.998267705163944; #4 ind=19 HV=0.9979966116763125; #5 ind=35 HV=0.9977748917016775

Pareto Front of Subpopulation 27
Objective 0: [5383.671718398924, 5412.813918894448, 5638.217326001963, 5711.135652909987, 6235.279492861329, 6235.279492861329, 6578.049255954102, 6578.049255954102, 6578.049255954102, 6578.049255954102, 6578.049255954102, 6578.049255954102, 6674.350204367744, 6706.1695158225775, 7173.734760925407, 7400.94956778764]
Objective 1: [1969.5071432804398, 1721.4655114763664, 1571.141483097308, 1438.3032818023785, 1421.7393611500738, 1421.7393611500738, 1419.1145884181096, 1419.1145884181096, 1419.1145884181096, 1419.1145884181096, 1419.1145884181096, 1419.1145884181096, 1374.9597525653808, 1327.06318863474, 1309.527788680105, 1293.9191205404568]
MPSLGP task 0 best fitness of generation Fitness: [6235.279492861329 1421.7393611500738]
MPSLGP task 1 best fitness of generation Fitness: [5711.135652909987 1438.3032818023785]
2
duration: 120.0
Generation 27 elapsed 120.0 seconds.
Generation 28
Preselection cleared number: 1346
MPSLGP task-balanced survival counts: [task 0=500, task 1=500]
Subpop 0 reduced 5000 -> 1000
ideal points: [4557.413251504692, 804.4318134049907]
nadir points: [5780.6065380907385, 1086.8300998192863]
max objectives: [37896.65641571581, 15989.054209518159]
min objectives: [5063.79250167188, 893.8131260055452]
HVOfIntermedidatePopPSL: DoubleSummaryStatistics{count=1000, sum=863.629921, min=0.000000, average=0.863630, max=0.989086}
preferenceDiversityPopAll: DoubleSummaryStatistics{count=1000, sum=29.833189, min=0.000000, average=0.029833, max=0.132560}
Genotype diversity: 1.0
Entropy diversity: 6.378984625266527
PC diversity: 0.916
MPSLGP top 5 HV by task at generation 28:
  Task 0: #1 ind=43 HV=0.9871519896656672; #2 ind=6 HV=0.9845314231979021; #3 ind=15 HV=0.984395079500593; #4 ind=7 HV=0.9842783200293971; #5 ind=25 HV=0.983657449437865
  Task 1: #1 ind=0 HV=0.9890856520476461; #2 ind=24 HV=0.9890010889256121; #3 ind=1 HV=0.9882315097904002; #4 ind=2 HV=0.9872289753475495; #5 ind=3 HV=0.9856768281674336

Pareto Front of Subpopulation 28
Objective 0: [5063.79250167188, 5139.7945339415455, 5295.21789504413, 5303.040407180961, 5335.5843260924885, 5404.57533307909, 5413.368778160308, 5417.481052667717, 5552.902726041735, 5552.902726041735, 5571.392071699724, 5610.802269934444, 5780.6065380907385]
Objective 1: [1086.8300998192863, 1049.15229996782, 1006.2436290400874, 999.1625020391803, 998.487959880149, 987.9411219676404, 963.0480789640278, 957.4732227603381, 955.247039751237, 955.247039751237, 938.7057152697671, 927.9274420707952, 893.8131260055452]
2
duration: 118.0
MPSLGP task 0 best fitness of generation Fitness: [5413.368778160308 963.0480789640278]
MPSLGP task 1 best fitness of generation Fitness: [5417.481052667717 957.4732227603381]
Generation 28 elapsed 118.0 seconds.
Generation 29
Preselection cleared number: 1316
MPSLGP task-balanced survival counts: [task 0=500, task 1=500]
Subpop 0 reduced 5000 -> 1000
ideal points: [4895.301644462265, 1071.7678813885257]
nadir points: [7104.5995764004765, 1596.9758972881828]
max objectives: [67617.95771256776, 16315.072108212597]
min objectives: [5439.224049402517, 1190.8532015428063]
HVOfIntermedidatePopPSL: DoubleSummaryStatistics{count=1000, sum=891.514563, min=0.000000, average=0.891515, max=0.991022}
preferenceDiversityPopAll: DoubleSummaryStatistics{count=1000, sum=35.468669, min=0.000000, average=0.035469, max=0.142499}
Genotype diversity: 1.0
Entropy diversity: 6.338758648201746
PC diversity: 0.931
MPSLGP top 5 HV by task at generation 29:
  Task 0: #1 ind=0 HV=0.9910216222864197; #2 ind=11 HV=0.9867962060838098; #3 ind=13 HV=0.9846987944302431; #4 ind=74 HV=0.9842818695510673; #5 ind=14 HV=0.9840651617762575
  Task 1: #1 ind=9 HV=0.9879609609090477; #2 ind=1 HV=0.987226080323595; #3 ind=10 HV=0.9868471767653652; #4 ind=12 HV=0.9858278918048129; #5 ind=36 HV=0.9845506094509373

Pareto Front of Subpopulation 29
Objective 0: [5439.224049402517, 5465.352084800485, 5615.082589402213, 5728.161701663863, 6044.623908208101, 6170.200603492674, 6721.408115018276, 7104.484342608368, 7104.5995764004765]
Objective 1: [1596.9758972881828, 1423.4866108124843, 1392.8770595021488, 1347.4313553129323, 1337.1990016241907, 1270.082079505606, 1267.5930057049845, 1218.0417095074954, 1190.8532015428063]
MPSLGP task 0 best fitness of generation Fitness: [5439.224049402517 1596.9758972881828]
MPSLGP task 1 best fitness of generation Fitness: [5728.161701663863 1347.4313553129323]
2
duration: 120.0
Generation 29 elapsed 120.0 seconds.
Generation 30
Preselection cleared number: 1216
MPSLGP task-balanced survival counts: [task 0=500, task 1=500]
Subpop 0 reduced 5000 -> 1000
ideal points: [4692.394107142819, 896.7388333714683]
nadir points: [6477.946659425856, 1684.8347526626603]
max objectives: [48664.95887645497, 12497.333224458853]
min objectives: [5213.771230158687, 996.3764815238537]
HVOfIntermedidatePopPSL: DoubleSummaryStatistics{count=1000, sum=876.477199, min=0.000000, average=0.876477, max=0.988612}
preferenceDiversityPopAll: DoubleSummaryStatistics{count=1000, sum=41.442075, min=0.000000, average=0.041442, max=0.138954}
Genotype diversity: 1.0
Entropy diversity: 6.3264661271582945
PC diversity: 0.932
MPSLGP top 5 HV by task at generation 30:
  Task 0: #1 ind=18 HV=0.9848779663764478; #2 ind=74 HV=0.9837867429604796; #3 ind=1 HV=0.9830351851511986; #4 ind=47 HV=0.9821209114111927; #5 ind=20 HV=0.9812906591942256
  Task 1: #1 ind=0 HV=0.9886123375904112; #2 ind=19 HV=0.984369669560873; #3 ind=22 HV=0.9796511431298656; #4 ind=23 HV=0.9788173370211366; #5 ind=28 HV=0.9781016214063708

Pareto Front of Subpopulation 30
Objective 0: [5213.771230158687, 5326.693237733212, 5364.959778529708, 5389.23104347242, 5404.244331890193, 5428.445568761439, 5690.297320725542, 5872.119268782204, 5872.119268782204, 5985.451947755297, 6101.927677625441, 6114.756485588703, 6186.823092880193, 6330.966814447427, 6381.584444885375, 6469.522477960447, 6469.522477960447, 6477.946659425856]
Objective 1: [1684.8347526626603, 1302.3705883046205, 1293.7112992688199, 1282.507459037297, 1214.5518208389403, 1134.1171801903693, 1123.7539105451724, 1123.6353441872925, 1123.6353441872925, 1123.585797357693, 1113.9894436496252, 1103.0619098598545, 1054.7656918868306, 1039.7139609229635, 1013.2857364630036, 1011.2822218068177, 1011.2822218068177, 996.3764815238537]
MPSLGP task 0 best fitness of generation Fitness: [5428.445568761439 1134.1171801903693]
MPSLGP task 1 best fitness of generation Fitness: [5389.23104347242 1282.507459037297]
2
duration: 118.0
Generation 30 elapsed 118.0 seconds.
Generation 31
Preselection cleared number: 1360
MPSLGP task-balanced survival counts: [task 0=500, task 1=500]
Subpop 0 reduced 5000 -> 1000
ideal points: [4622.475955544934, 966.8140772069827]
nadir points: [6250.174090972287, 1387.3035708397947]
max objectives: [27213.90976751363, 8934.86677729155]
min objectives: [5136.084395049926, 1074.237863563314]
HVOfIntermedidatePopPSL: DoubleSummaryStatistics{count=1000, sum=841.120325, min=0.000000, average=0.841120, max=0.985745}
preferenceDiversityPopAll: DoubleSummaryStatistics{count=1000, sum=34.168131, min=0.000000, average=0.034168, max=0.129599}
Genotype diversity: 1.0
Entropy diversity: 6.337332687607493
PC diversity: 0.945
MPSLGP top 5 HV by task at generation 31:
  Task 0: #1 ind=1 HV=0.9857044178506378; #2 ind=2 HV=0.9857010216022037; #3 ind=4 HV=0.982393063668573; #4 ind=26 HV=0.9820869226626943; #5 ind=41 HV=0.9808770738401538
  Task 1: #1 ind=0 HV=0.9857448735767946; #2 ind=3 HV=0.9845575196310932; #3 ind=6 HV=0.9800330784273691; #4 ind=90 HV=0.9718254074525218; #5 ind=43 HV=0.9718008836223534

Pareto Front of Subpopulation 31
Objective 0: [5136.084395049926, 5194.395155336242, 5344.748562733934, 5376.658068819554, 5406.535248196917, 5414.549307654379, 5928.047500736662, 5928.047500736662, 5928.047500736662, 5928.047500736662, 5928.047500736662, 5928.047500736662, 5928.047500736662, 5928.047500736662, 5928.047500736662, 5928.047500736662, 5928.047500736662, 6164.281577034621, 6164.281577034621, 6164.281577034621, 6164.281577034621, 6164.281577034621, 6164.281577034621, 6164.281577034621, 6164.281577034621, 6250.174090972287]
Objective 1: [1387.3035708397947, 1230.3207931667093, 1215.5586839420794, 1207.9960503776929, 1204.312022485883, 1123.3583306763285, 1089.1782032498595, 1089.1782032498595, 1089.1782032498595, 1089.1782032498595, 1089.1782032498595, 1089.1782032498595, 1089.1782032498595, 1089.1782032498595, 1089.1782032498595, 1089.1782032498595, 1089.1782032498595, 1085.1284599257087, 1085.1284599257087, 1085.1284599257087, 1085.1284599257087, 1085.1284599257087, 1085.1284599257087, 1085.1284599257087, 1085.1284599257087, 1074.237863563314]
2
duration: 119.0
MPSLGP task 0 best fitness of generation Fitness: [5928.047500736662 1089.1782032498595]
MPSLGP task 1 best fitness of generation Fitness: [5928.047500736662 1089.1782032498595]
Generation 31 elapsed 119.0 seconds.
Generation 32
Preselection cleared number: 1562
MPSLGP task-balanced survival counts: [task 0=500, task 1=500]
Subpop 0 reduced 5000 -> 1000
ideal points: [4757.48894086018, 990.7667753816816]
nadir points: [6884.902220485732, 3540.444621617702]
max objectives: [42766.433431995334, 17671.071062857212]
min objectives: [5286.0988231779775, 1100.8519726463128]
HVOfIntermedidatePopPSL: DoubleSummaryStatistics{count=1000, sum=869.413731, min=0.000000, average=0.869414, max=0.986035}
preferenceDiversityPopAll: DoubleSummaryStatistics{count=1000, sum=30.424629, min=0.000000, average=0.030425, max=0.133564}
Genotype diversity: 1.0
Entropy diversity: 6.512602209575039
PC diversity: 0.959
MPSLGP top 5 HV by task at generation 32:
  Task 0: #1 ind=0 HV=0.9860354457092714; #2 ind=19 HV=0.9835914462728284; #3 ind=20 HV=0.9795598191035999; #4 ind=2 HV=0.9789736730192782; #5 ind=22 HV=0.9775241698779341
  Task 1: #1 ind=18 HV=0.984723172233496; #2 ind=1 HV=0.9796572286205811; #3 ind=21 HV=0.978543997710976; #4 ind=3 HV=0.978331484421138; #5 ind=5 HV=0.9771104904185922

Pareto Front of Subpopulation 32
Objective 0: [5286.0988231779775, 5340.30693083501, 5495.221553376876, 5641.632715933956, 5656.356346463086, 5719.16280705214, 5804.758935877355, 5819.68150191562, 5939.758891994599, 5948.291428834142, 5979.595177558367, 6282.821945954114, 6324.781895844382, 6469.488401970011, 6635.383584376192, 6672.0219010183355, 6724.29592008458, 6884.902220485732]
Objective 1: [3540.444621617702, 1390.6928182354895, 1346.5329632933135, 1310.5916280478123, 1298.9075345690653, 1282.2917093844735, 1278.9731483829964, 1278.4666541515762, 1266.7025882849703, 1236.4045606577565, 1218.9292742801335, 1200.6068570967182, 1192.6042884295894, 1142.0146302510693, 1141.7632742408605, 1118.4237210270367, 1109.2895162650966, 1100.8519726463128]
MPSLGP task 0 best fitness of generation Fitness: [5286.0988231779775 3540.444621617702]
MPSLGP task 1 best fitness of generation Fitness: [5340.30693083501 1390.6928182354895]
2
duration: 122.0
Generation 32 elapsed 122.0 seconds.
Generation 33
Preselection cleared number: 1569
MPSLGP task-balanced survival counts: [task 0=500, task 1=500]
Subpop 0 reduced 5000 -> 1000
ideal points: [4600.691862549155, 957.4671130937467]
nadir points: [6772.333603996623, 3073.2275904541166]
max objectives: [22230.437304758525, 8909.883819607385]
min objectives: [5111.879847276839, 1063.8523478819407]
HVOfIntermedidatePopPSL: DoubleSummaryStatistics{count=1000, sum=795.717618, min=0.000000, average=0.795718, max=0.974641}
preferenceDiversityPopAll: DoubleSummaryStatistics{count=1000, sum=30.425154, min=0.000000, average=0.030425, max=0.136134}
Genotype diversity: 1.0
Entropy diversity: 6.625136583475296
PC diversity: 0.954
MPSLGP top 5 HV by task at generation 33:
  Task 0: #1 ind=0 HV=0.9746409756615408; #2 ind=1 HV=0.9698539458253719; #3 ind=17 HV=0.9652266642521783; #4 ind=73 HV=0.9579953331554868; #5 ind=2 HV=0.9566894030039423
  Task 1: #1 ind=18 HV=0.9587089846131236; #2 ind=3 HV=0.9566822963832982; #3 ind=5 HV=0.9516315688330901; #4 ind=6 HV=0.946853296744322; #5 ind=20 HV=0.9453223438879944

Pareto Front of Subpopulation 33
Objective 0: [5111.879847276839, 5111.879847276839, 5148.009770832941, 5201.340671267593, 5230.85340270208, 5309.802773728239, 5352.38482511093, 5395.320270032156, 5700.345480642776, 5746.172867695626, 5815.733734428475, 5844.290282253089, 6181.031296637579, 6533.391197799545, 6665.9442706593545, 6747.903425050594, 6772.333603996623]
Objective 1: [3073.2275904541166, 3073.2275904541166, 1622.1986875565926, 1592.0328124952794, 1383.2737255680113, 1379.89614591367, 1360.0717906339269, 1281.0003755119906, 1273.2146628049522, 1249.329282085906, 1235.4197661968865, 1178.911447747414, 1156.8337356956108, 1112.3846416133601, 1102.0073108627257, 1080.5275696100798, 1063.8523478819407]
MPSLGP task 0 best fitness of generation Fitness: [5111.879847276839 3073.2275904541166]
MPSLGP task 1 best fitness of generation Fitness: [5148.009770832941 1622.1986875565926]
2
duration: 125.0
Generation 33 elapsed 125.0 seconds.
Generation 34
Preselection cleared number: 1310
MPSLGP task-balanced survival counts: [task 0=500, task 1=500]
Subpop 0 reduced 5000 -> 1000
ideal points: [4685.829264901055, 911.2885736337383]
nadir points: [6539.423825851991, 1312.052273724359]
max objectives: [80703.43152563181, 19766.571092438797]
min objectives: [5206.476961001172, 1012.5428595930425]
HVOfIntermedidatePopPSL: DoubleSummaryStatistics{count=1000, sum=869.698233, min=0.000000, average=0.869698, max=0.991921}
preferenceDiversityPopAll: DoubleSummaryStatistics{count=1000, sum=38.083506, min=0.000000, average=0.038084, max=0.135254}
Genotype diversity: 1.0
Entropy diversity: 6.345354224184418
PC diversity: 0.952
MPSLGP top 5 HV by task at generation 34:
  Task 0: #1 ind=34 HV=0.9910685447335744; #2 ind=0 HV=0.9910306517609065; #3 ind=35 HV=0.9910291934345081; #4 ind=1 HV=0.990819190787164; #5 ind=57 HV=0.9904089984711764
  Task 1: #1 ind=33 HV=0.9919207399133962; #2 ind=15 HV=0.9900866844681359; #3 ind=4 HV=0.9881361086947892; #4 ind=7 HV=0.9877185753408714; #5 ind=37 HV=0.9872269530843876

Pareto Front of Subpopulation 34
Objective 0: [5206.476961001172, 5257.88540898636, 5366.94547361217, 5366.94547361217, 5456.293404255877, 5490.119575856312, 5505.6545420329785, 5507.857951829676, 5581.632586200372, 5581.632586200372, 5581.632586200372, 5710.436784554855, 6096.263610282098, 6108.913639664359, 6539.423825851991]
Objective 1: [1312.052273724359, 1287.9894586484588, 1249.7462325772212, 1249.7462325772212, 1234.2723689001286, 1213.700652013038, 1171.0477330180584, 1156.08549081588, 1135.3625305470487, 1135.3625305470487, 1135.3625305470487, 1128.2712412553374, 1069.2066049032146, 1019.355966866904, 1012.5428595930425]
2
duration: 122.0
MPSLGP task 0 best fitness of generation Fitness: [5581.632586200372 1135.3625305470487]
MPSLGP task 1 best fitness of generation Fitness: [5257.88540898636 1287.9894586484588]
Generation 34 elapsed 122.0 seconds.
Generation 35
Preselection cleared number: 1502
MPSLGP task-balanced survival counts: [task 0=500, task 1=500]
Subpop 0 reduced 5000 -> 1000
ideal points: [4578.763482363179, 788.9129633237972]
nadir points: [5887.209535231523, 1031.032131769054]
max objectives: [47165.36641152232, 46637.36641152232]
min objectives: [5087.514980403532, 876.5699592486635]
HVOfIntermedidatePopPSL: DoubleSummaryStatistics{count=1000, sum=925.315777, min=0.000000, average=0.925316, max=0.998069}
preferenceDiversityPopAll: DoubleSummaryStatistics{count=1000, sum=34.936125, min=0.000000, average=0.034936, max=0.138879}
Genotype diversity: 1.0
Entropy diversity: 6.5596715943832935
PC diversity: 1.0
MPSLGP top 5 HV by task at generation 35:
  Task 0: #1 ind=34 HV=0.9968153618081119; #2 ind=1 HV=0.9965791863048823; #3 ind=50 HV=0.9960920379566276; #4 ind=35 HV=0.9959721015104691; #5 ind=2 HV=0.995261185509197
  Task 1: #1 ind=0 HV=0.9980687789918846; #2 ind=10 HV=0.9960986213433348; #3 ind=15 HV=0.9931524214787577; #4 ind=16 HV=0.9930502665629499; #5 ind=88 HV=0.9929694631266326

Pareto Front of Subpopulation 35
Objective 0: [5087.514980403532, 5217.450054068613, 5285.089573174802, 5372.899500608619, 5462.651599716512, 5592.9837688422995, 5788.927271761582, 5851.4603975176, 5877.146553696075, 5887.209535231523]
Objective 1: [1031.032131769054, 1023.1560660781688, 1004.8496431454696, 994.8444903105847, 985.6078995751377, 947.6631447034597, 943.759118688904, 886.7869427578262, 882.8017626392248, 876.5699592486635]
MPSLGP task 0 best fitness of generation Fitness: [5087.514980403532 1031.032131769054]
MPSLGP task 1 best fitness of generation Fitness: [5285.089573174802 1004.8496431454696]
2
duration: 125.0
Generation 35 elapsed 125.0 seconds.
Generation 36
Preselection cleared number: 1404
MPSLGP task-balanced survival counts: [task 0=500, task 1=500]
Subpop 0 reduced 5000 -> 1000
ideal points: [4686.283318432909, 990.7732828667343]
nadir points: [6723.096392422798, 3313.0470739715965]
max objectives: [55233.7329678901, 13285.877671427763]
min objectives: [5206.981464925455, 1100.8592031852604]
HVOfIntermedidatePopPSL: DoubleSummaryStatistics{count=1000, sum=871.086163, min=0.000000, average=0.871086, max=0.992145}
preferenceDiversityPopAll: DoubleSummaryStatistics{count=1000, sum=34.823265, min=0.000000, average=0.034823, max=0.136326}
Genotype diversity: 1.0
Entropy diversity: 6.5414728185907505
PC diversity: 1.0
MPSLGP top 5 HV by task at generation 36:
  Task 0: #1 ind=28 HV=0.9896336720635668; #2 ind=2 HV=0.9868519490482259; #3 ind=45 HV=0.9865969572464554; #4 ind=4 HV=0.9858786878204792; #5 ind=14 HV=0.9848194524287905
  Task 1: #1 ind=0 HV=0.9921445273806049; #2 ind=1 HV=0.9878044739896603; #3 ind=3 HV=0.9859814667649082; #4 ind=5 HV=0.984937689467602; #5 ind=15 HV=0.9824543240636933

Pareto Front of Subpopulation 36
Objective 0: [5206.981464925455, 5215.307761160249, 5215.307761160249, 5301.568442416639, 5315.661467730242, 5337.460460254573, 5457.803330453287, 5731.318429665756, 6363.7362076700665, 6366.129822218267, 6460.3095888708485, 6580.19720483647, 6639.428639748425, 6723.096392422798]
Objective 1: [3313.0470739715965, 1376.2929518585588, 1376.2929518585588, 1320.8384548535687, 1308.139050435857, 1261.0279413609242, 1227.6876919068163, 1147.42509636459, 1140.4970974425669, 1126.0551775382773, 1119.5471261770435, 1106.8870723511354, 1104.4504434022092, 1100.8592031852604]
MPSLGP task 0 best fitness of generation Fitness: [6580.19720483647 1106.8870723511354]
MPSLGP task 1 best fitness of generation Fitness: [5206.981464925455 3313.0470739715965]
2
duration: 125.0
Generation 36 elapsed 125.0 seconds.
Generation 37
Preselection cleared number: 1489
MPSLGP task-balanced survival counts: [task 0=500, task 1=500]
Subpop 0 reduced 5000 -> 1000
ideal points: [4948.207808200378, 1101.4594333161483]
nadir points: [7189.53951483022, 3819.804512242088]
max objectives: [26736.44808898389, 7787.822206832265]
min objectives: [5498.008675778197, 1223.8438147957204]
HVOfIntermedidatePopPSL: DoubleSummaryStatistics{count=1000, sum=810.395847, min=0.000000, average=0.810396, max=0.978296}
preferenceDiversityPopAll: DoubleSummaryStatistics{count=1000, sum=37.222568, min=0.000000, average=0.037223, max=0.126131}
Genotype diversity: 1.0
Entropy diversity: 6.618145483975296
PC diversity: 1.0
MPSLGP top 5 HV by task at generation 37:
  Task 0: #1 ind=23 HV=0.9777937941872381; #2 ind=24 HV=0.9755254835020981; #3 ind=4 HV=0.9747323590060714; #4 ind=25 HV=0.9698522661308986; #5 ind=71 HV=0.9682285922646392
  Task 1: #1 ind=0 HV=0.978296145516478; #2 ind=1 HV=0.9778713134928274; #3 ind=2 HV=0.9776124628898643; #4 ind=3 HV=0.9772870279216864; #5 ind=5 HV=0.9722775754151873

Pareto Front of Subpopulation 37
Objective 0: [5498.008675778197, 5508.281600717746, 5511.894022725639, 5540.848344945116, 5642.6454057674855, 5663.873328555492, 5666.8112933672965, 5809.726858725946, 5862.782871855306, 6275.677320701769, 6288.050091788289, 6321.115449118661, 6478.43051589455, 6492.679568644613, 6509.77848017955, 6509.77848017955, 6509.77848017955, 6509.77848017955, 6509.77848017955, 6869.9179088225355, 6928.225302621489, 6931.743926572846, 7189.53951483022]
Objective 1: [3819.804512242088, 3574.5715179166, 1746.781717083155, 1540.9136879604484, 1447.7771307173243, 1413.497048078978, 1405.0128111460654, 1366.092649750426, 1364.356397501775, 1342.1992749735073, 1322.0246358430013, 1321.5469040386379, 1320.4382383492193, 1310.7586418038118, 1287.5112872231548, 1287.5112872231548, 1287.5112872231548, 1287.5112872231548, 1287.5112872231548, 1255.7285709770804, 1252.8479849866999, 1225.8455442367995, 1223.8438147957204]
MPSLGP task 0 best fitness of generation Fitness: [5540.848344945116 1540.9136879604484]
MPSLGP task 1 best fitness of generation Fitness: [6509.77848017955 1287.5112872231548]
2
duration: 128.0
Generation 37 elapsed 128.0 seconds.
Generation 38
Preselection cleared number: 1433
MPSLGP task-balanced survival counts: [task 0=500, task 1=500]
Subpop 0 reduced 5000 -> 1000
ideal points: [4819.0802342490415, 1107.5919557696602]
nadir points: [7246.171518090123, 1848.3432855803258]
max objectives: [36729.151512554614, 15113.036463427212]
min objectives: [5354.5335936100455, 1230.6577286329557]
HVOfIntermedidatePopPSL: DoubleSummaryStatistics{count=1000, sum=874.236136, min=0.000000, average=0.874236, max=0.978095}
preferenceDiversityPopAll: DoubleSummaryStatistics{count=1000, sum=31.309702, min=0.000000, average=0.031310, max=0.118334}
Genotype diversity: 1.0
Entropy diversity: 6.6807260552812595
PC diversity: 1.0
MPSLGP top 5 HV by task at generation 38:
  Task 0: #1 ind=0 HV=0.9780947757326685; #2 ind=38 HV=0.9777843878619198; #3 ind=39 HV=0.9761981826984956; #4 ind=1 HV=0.9727245933415779; #5 ind=2 HV=0.9723136359167904
  Task 1: #1 ind=3 HV=0.9705273271347339; #2 ind=61 HV=0.9695968915235658; #3 ind=63 HV=0.9656291341888738; #4 ind=44 HV=0.9646262536751665; #5 ind=45 HV=0.9632632091112364

Pareto Front of Subpopulation 38
Objective 0: [5354.5335936100455, 5446.7699238953355, 5650.571155655838, 5669.362636678154, 5918.197583681962, 5942.430234732921, 5967.699110256333, 5997.664145304298, 6037.329994442756, 6108.369312734809, 6311.794470521505, 6351.015567512019, 6352.17696573399, 6465.079630456807, 6677.172928439395, 7147.266588481434, 7223.3560426615295, 7223.3560426615295, 7223.3560426615295, 7223.3560426615295, 7228.3434432707145, 7246.171518090123]
Objective 1: [1848.3432855803258, 1654.338150027761, 1589.7999003915975, 1472.6124438160477, 1469.6576314318663, 1458.8760759283614, 1432.20152645481, 1430.5591413732036, 1406.404081043729, 1376.7396916711878, 1366.846605431172, 1345.9781702465698, 1341.9195806779753, 1305.8957595071843, 1292.3814971417305, 1277.0865422076022, 1268.4219180224027, 1268.4219180224027, 1268.4219180224027, 1268.4219180224027, 1259.7841191878251, 1230.6577286329557]
MPSLGP task 0 best fitness of generation Fitness: [7223.3560426615295 1268.4219180224027]
MPSLGP task 1 best fitness of generation Fitness: [5918.197583681962 1469.6576314318663]
2
duration: 128.0
Generation 38 elapsed 128.0 seconds.
Generation 39
Preselection cleared number: 1440
MPSLGP task-balanced survival counts: [task 0=500, task 1=500]
Subpop 0 reduced 5000 -> 1000
ideal points: [4693.777905975975, 906.3461261012548]
nadir points: [6301.784137301147, 1578.2927630043268]
max objectives: [52676.572782314266, 29163.690648867843]
min objectives: [5215.30878441775, 1007.0512512236164]
HVOfIntermedidatePopPSL: DoubleSummaryStatistics{count=1000, sum=875.798619, min=0.000000, average=0.875799, max=0.993503}
preferenceDiversityPopAll: DoubleSummaryStatistics{count=1000, sum=41.600178, min=0.000000, average=0.041600, max=0.130831}
Genotype diversity: 1.0
Entropy diversity: 6.401282528766092
PC diversity: 1.0
MPSLGP top 5 HV by task at generation 39:
  Task 0: #1 ind=2 HV=0.9898963317498316; #2 ind=15 HV=0.9889924407990177; #3 ind=4 HV=0.9887455207607233; #4 ind=5 HV=0.988727410571059; #5 ind=6 HV=0.9886718417890981
  Task 1: #1 ind=0 HV=0.9935026521074392; #2 ind=1 HV=0.99159826131452; #3 ind=129 HV=0.9897093218289487; #4 ind=3 HV=0.9892525452605861; #5 ind=16 HV=0.9889832000860866

Pareto Front of Subpopulation 39
Objective 0: [5215.30878441775, 5252.923352854588, 5294.045379752817, 5338.031092416146, 5338.031092416146, 5366.224244848272, 5515.196475288481, 5533.791625658894, 5549.326062140695, 5632.5060202508175, 5763.466568922566, 5782.82871362631, 6077.933585333289, 6270.670714629756, 6301.784137301147]
Objective 1: [1578.2927630043268, 1576.321949648569, 1387.9728365915216, 1246.0008887531367, 1246.0008887531367, 1225.710154902743, 1222.6332876979432, 1202.3045145480755, 1155.3943467052886, 1140.6619255987753, 1134.663674591473, 1089.0247947409662, 1047.805100700396, 1045.8169453048904, 1007.0512512236164]
MPSLGP task 0 best fitness of generation Fitness: [6077.933585333289 1047.805100700396]
MPSLGP task 1 best fitness of generation Fitness: [6301.784137301147 1007.0512512236164]
2
duration: 130.0
Generation 39 elapsed 130.0 seconds.
Generation 40
Preselection cleared number: 1487
MPSLGP task-balanced survival counts: [task 0=500, task 1=500]
Subpop 0 reduced 5000 -> 1000
ideal points: [4927.417013036879, 1093.3492259237335]
nadir points: [7443.767207315774, 1733.7229692528344]
max objectives: [36550.57291816408, 9706.982878900686]
min objectives: [5474.907792263199, 1214.8324732485926]
HVOfIntermedidatePopPSL: DoubleSummaryStatistics{count=1000, sum=840.930267, min=0.000000, average=0.840930, max=0.972018}
preferenceDiversityPopAll: DoubleSummaryStatistics{count=1000, sum=48.495805, min=0.000000, average=0.048496, max=0.132857}
Genotype diversity: 1.0
Entropy diversity: 6.605708393173745
PC diversity: 0.938
MPSLGP top 5 HV by task at generation 40:
  Task 0: #1 ind=2 HV=0.9611247344175566; #2 ind=4 HV=0.9542659044904486; #3 ind=73 HV=0.9531383888144997; #4 ind=26 HV=0.9529292297161754; #5 ind=141 HV=0.9527311649193431
  Task 1: #1 ind=0 HV=0.9720179588379412; #2 ind=1 HV=0.961701422596796; #3 ind=24 HV=0.9594538287450192; #4 ind=3 HV=0.9589616626727153; #5 ind=25 HV=0.9533047207106973

Pareto Front of Subpopulation 40
Objective 0: [5474.907792263199, 5682.645851060748, 5696.805889824347, 5812.737797718903, 5834.15843849763, 5850.214685231214, 5852.735641444568, 5895.61361364543, 5986.855214418611, 6107.69402815873, 6150.432656652876, 6190.56190443394, 6378.536117220763, 6455.473037387943, 6536.033952663478, 6634.753006805608, 6782.117619861907, 6782.117619861907, 6905.816310997063, 6969.357696982392, 7163.868267704616, 7228.762289867445, 7284.617142111296, 7443.767207315774]
Objective 1: [1733.7229692528344, 1727.5047428771795, 1691.5284314245364, 1666.3793259197264, 1652.2655039789242, 1642.4065439696715, 1619.5828335922415, 1602.7045868593123, 1565.0589550294098, 1550.6317501537997, 1515.3861780123698, 1469.2318608264177, 1451.6565418345708, 1412.6656512989575, 1386.9305180629017, 1326.0960952580645, 1323.1405386840052, 1323.1405386840052, 1306.4424533434358, 1279.462653274546, 1268.2095986011118, 1262.9725411419495, 1224.4195482641953, 1214.8324732485926]
MPSLGP task 0 best fitness of generation Fitness: [5834.15843849763 1652.2655039789242]
MPSLGP task 1 best fitness of generation Fitness: [6190.56190443394 1469.2318608264177]
2
duration: 136.0
Generation 40 elapsed 136.0 seconds.
Generation 41
Preselection cleared number: 1178
MPSLGP task-balanced survival counts: [task 0=500, task 1=500]
Subpop 0 reduced 5000 -> 1000
ideal points: [4594.323669067724, 852.7268733868798]
nadir points: [6380.008510443557, 1211.6170360163233]
max objectives: [27847.106540327193, 21044.329608619824]
min objectives: [5104.804076741915, 947.4743037631997]
HVOfIntermedidatePopPSL: DoubleSummaryStatistics{count=1000, sum=876.724651, min=0.000000, average=0.876725, max=0.993101}
preferenceDiversityPopAll: DoubleSummaryStatistics{count=1000, sum=62.233905, min=0.000000, average=0.062234, max=0.136306}
Genotype diversity: 1.0
Entropy diversity: 6.430947866526504
PC diversity: 0.943
MPSLGP top 5 HV by task at generation 41:
  Task 0: #1 ind=0 HV=0.9931012024968328; #2 ind=15 HV=0.9908724386402521; #3 ind=16 HV=0.9901204417805342; #4 ind=18 HV=0.9872067601883155; #5 ind=2 HV=0.9864893103977249
  Task 1: #1 ind=14 HV=0.9922820656207892; #2 ind=1 HV=0.9904911322477389; #3 ind=17 HV=0.9895349491946742; #4 ind=19 HV=0.9865620210537663; #5 ind=3 HV=0.9848902434313256

Pareto Front of Subpopulation 41
Objective 0: [5104.804076741915, 5122.093372732168, 5142.827539824066, 5291.889737115329, 5298.15921960515, 5308.151223147637, 5342.994141342089, 5343.995910787897, 5603.554813870112, 5693.635593343002, 5733.347859008994, 5767.870066731644, 6016.536286171409, 6380.008510443557]
Objective 1: [1211.6170360163233, 1194.1736303238722, 1150.6521963829582, 1145.874858178031, 1126.6516893254156, 1111.6466960805847, 1091.6910045767, 1046.2814866706176, 1031.8209821442288, 1031.1671272486565, 1025.045861133818, 958.0785820122401, 951.1304131367797, 947.4743037631997]
MPSLGP task 0 best fitness of generation Fitness: [5142.827539824066 1150.6521963829582]
MPSLGP task 1 best fitness of generation Fitness: [5122.093372732168 1194.1736303238722]
2
duration: 134.0
Generation 41 elapsed 134.0 seconds.
Generation 42
Preselection cleared number: 1440
MPSLGP task-balanced survival counts: [task 0=500, task 1=500]
Subpop 0 reduced 5000 -> 1000
ideal points: [4648.99901236177, 966.6560119378672]
nadir points: [6236.945908223279, 1464.3387148697511]
max objectives: [26737.996228918608, 8451.299987052917]
min objectives: [5165.554458179744, 1074.062235486519]
HVOfIntermedidatePopPSL: DoubleSummaryStatistics{count=1000, sum=836.429678, min=0.000000, average=0.836430, max=0.986206}
preferenceDiversityPopAll: DoubleSummaryStatistics{count=1000, sum=63.092457, min=0.000000, average=0.063092, max=0.137173}
Genotype diversity: 1.0
Entropy diversity: 6.515484822940428
PC diversity: 0.921
MPSLGP top 5 HV by task at generation 42:
  Task 0: #1 ind=0 HV=0.9862059280473454; #2 ind=1 HV=0.9852836308418927; #3 ind=13 HV=0.9815031067011853; #4 ind=15 HV=0.9797543851978091; #5 ind=3 HV=0.9765988763987105
  Task 1: #1 ind=14 HV=0.9801252543199743; #2 ind=2 HV=0.9791869475929852; #3 ind=16 HV=0.9789497833243395; #4 ind=18 HV=0.9721797771904694; #5 ind=35 HV=0.9715330857132664

Pareto Front of Subpopulation 42
Objective 0: [5165.554458179744, 5261.44873398327, 5293.227119754476, 5374.459658343636, 5450.851928813267, 5517.5495178531855, 5532.463048756355, 5608.489540234383, 5890.2580510947155, 5913.3966453988105, 6054.681938931579, 6161.908004390774, 6236.945908223279]
Objective 1: [1464.3387148697511, 1427.9987837279623, 1288.6128250450129, 1271.3066431924526, 1239.402067651099, 1228.1893875085516, 1196.3779831386637, 1188.986374581582, 1182.7451208285056, 1141.0495339509434, 1121.595689142443, 1090.0318192153645, 1074.062235486519]
2
duration: 137.0
MPSLGP task 0 best fitness of generation Fitness: [5913.3966453988105 1141.0495339509434]
MPSLGP task 1 best fitness of generation Fitness: [6236.945908223279 1074.062235486519]
Generation 42 elapsed 137.0 seconds.
Generation 43
Preselection cleared number: 1452
MPSLGP task-balanced survival counts: [task 0=500, task 1=500]
Subpop 0 reduced 5000 -> 1000
ideal points: [4668.675397126261, 955.4756919307707]
nadir points: [6772.88868327759, 1533.8480471721705]
max objectives: [22300.477844773384, 9781.193160420473]
min objectives: [5187.417107918067, 1061.6396577008563]
HVOfIntermedidatePopPSL: DoubleSummaryStatistics{count=1000, sum=851.897562, min=0.000000, average=0.851898, max=0.985342}
preferenceDiversityPopAll: DoubleSummaryStatistics{count=1000, sum=63.869734, min=0.000000, average=0.063870, max=0.138331}
Genotype diversity: 1.0
Entropy diversity: 6.6084529416922715
PC diversity: 0.932
MPSLGP top 5 HV by task at generation 43:
  Task 0: #1 ind=14 HV=0.9748039528236316; #2 ind=15 HV=0.9742895980904204; #3 ind=16 HV=0.9709059913849888; #4 ind=5 HV=0.9700557308091807; #5 ind=7 HV=0.9680216290185194
  Task 1: #1 ind=0 HV=0.9853423279017729; #2 ind=1 HV=0.9804909184219227; #3 ind=2 HV=0.9790251535491707; #4 ind=3 HV=0.9780595150160118; #5 ind=4 HV=0.9701376631080961

Pareto Front of Subpopulation 43
Objective 0: [5187.417107918067, 5187.417107918067, 5258.312418736401, 5269.115128542646, 5269.115128542646, 5488.385420294013, 5617.607075522072, 5808.724225629179, 5977.394352901494, 6221.309152125206, 6221.309152125206, 6402.687785775226, 6489.353420700412, 6772.88868327759]
Objective 1: [1533.8480471721705, 1533.8480471721705, 1281.9278071791632, 1195.9291260762257, 1195.9291260762257, 1169.4748788965953, 1126.526993058942, 1108.9477028684632, 1104.3762178149045, 1098.4880238965561, 1098.4880238965561, 1097.5509088896943, 1072.5052821551508, 1061.6396577008563]
MPSLGP task 0 best fitness of generation Fitness: [5258.312418736401 1281.9278071791632]
MPSLGP task 1 best fitness of generation Fitness: [5269.115128542646 1195.9291260762257]
2
duration: 144.0
Generation 43 elapsed 144.0 seconds.
Generation 44
Preselection cleared number: 1464
MPSLGP task-balanced survival counts: [task 0=500, task 1=500]
Subpop 0 reduced 5000 -> 1000
ideal points: [4613.407414342684, 957.4790859725559]
nadir points: [6586.50777037174, 1677.3987597021624]
max objectives: [70222.95974566485, 18929.966936910903]
min objectives: [5126.008238158538, 1063.8656510806177]
HVOfIntermedidatePopPSL: DoubleSummaryStatistics{count=1000, sum=878.131439, min=0.000000, average=0.878131, max=0.990818}
preferenceDiversityPopAll: DoubleSummaryStatistics{count=1000, sum=58.507178, min=0.000000, average=0.058507, max=0.136603}
Genotype diversity: 1.0
Entropy diversity: 6.332179822073093
PC diversity: 0.894
MPSLGP top 5 HV by task at generation 44:
  Task 0: #1 ind=14 HV=0.9901257837782055; #2 ind=0 HV=0.9900322738679312; #3 ind=15 HV=0.9891549402619947; #4 ind=16 HV=0.9891010205199845; #5 ind=17 HV=0.9862259263526195
  Task 1: #1 ind=13 HV=0.9908176236502234; #2 ind=64 HV=0.9873451248939512; #3 ind=1 HV=0.985833920336131; #4 ind=2 HV=0.9858166881718186; #5 ind=39 HV=0.9856603524760309

Pareto Front of Subpopulation 44
Objective 0: [5126.008238158538, 5161.329784009082, 5291.158602269716, 5375.643941206159, 5375.643941206159, 5447.62070413708, 5693.950827829773, 6094.862682144449, 6167.730926393619, 6453.038545847754, 6487.114420708385, 6556.827149450779, 6586.50777037174]
Objective 1: [1677.3987597021624, 1629.9397801533923, 1458.0392893299359, 1341.8890181638562, 1341.8890181638562, 1227.8265178374422, 1180.044766755549, 1112.1988186210656, 1098.692892443658, 1091.5458557223465, 1090.112368767659, 1075.6832816397, 1063.8656510806177]
MPSLGP task 0 best fitness of generation Fitness: [6556.827149450779 1075.6832816397]
MPSLGP task 1 best fitness of generation Fitness: [5693.950827829773 1180.044766755549]
2
duration: 140.0
Generation 44 elapsed 140.0 seconds.
Generation 45
Preselection cleared number: 1122
MPSLGP task-balanced survival counts: [task 0=500, task 1=500]
Subpop 0 reduced 5000 -> 1000
ideal points: [4519.5348905677065, 931.1423302199154]
nadir points: [6516.113816768222, 1468.552134142199]
max objectives: [27830.723140317248, 7436.24310391277]
min objectives: [5021.705433964118, 1034.6025891332392]
HVOfIntermedidatePopPSL: DoubleSummaryStatistics{count=1000, sum=826.227615, min=0.000000, average=0.826228, max=0.973962}
preferenceDiversityPopAll: DoubleSummaryStatistics{count=1000, sum=61.833701, min=0.000000, average=0.061834, max=0.140642}
Genotype diversity: 1.0
Entropy diversity: 6.345875493521411
PC diversity: 0.839
MPSLGP top 5 HV by task at generation 45:
  Task 0: #1 ind=0 HV=0.9739618632334379; #2 ind=2 HV=0.9733369484220754; #3 ind=35 HV=0.9732273682884377; #4 ind=16 HV=0.9721548618910787; #5 ind=36 HV=0.9643628575050693
  Task 1: #1 ind=1 HV=0.9735274662655475; #2 ind=17 HV=0.9714260796084878; #3 ind=18 HV=0.9687008794652892; #4 ind=3 HV=0.9671334122340511; #5 ind=19 HV=0.9650480405418275

Pareto Front of Subpopulation 45
Objective 0: [5021.705433964118, 5107.80759748572, 5259.125483729993, 5341.164936942398, 5458.843920411833, 5486.782917657343, 5539.223013067618, 5547.419883733382, 5648.365232416079, 5806.174066297011, 5859.48966624809, 6053.617436724831, 6058.468668321148, 6121.599443164829, 6476.633815812413, 6516.113816768222]
Objective 1: [1468.552134142199, 1328.0887375399034, 1326.5571303359466, 1242.0838048391888, 1241.3329780918139, 1225.418293220253, 1219.3595182322315, 1172.7717234003067, 1127.6759642787656, 1123.7138693184825, 1102.435198791325, 1093.9339923694497, 1070.9029684636916, 1041.779430585797, 1038.480377195985, 1034.6025891332392]
MPSLGP task 0 best fitness of generation Fitness: [5458.843920411833 1241.3329780918139]
MPSLGP task 1 best fitness of generation Fitness: [6476.633815812413 1038.480377195985]
2
duration: 141.0
Generation 45 elapsed 141.0 seconds.
Generation 46
Preselection cleared number: 1095
MPSLGP task-balanced survival counts: [task 0=500, task 1=500]
Subpop 0 reduced 5000 -> 1000
ideal points: [4717.186448089639, 879.9787579429133]
nadir points: [6126.891760749626, 1175.5017368130502]
max objectives: [72001.2752330465, 18002.85834050941]
min objectives: [5241.318275655154, 977.7541754921258]
HVOfIntermedidatePopPSL: DoubleSummaryStatistics{count=1000, sum=921.352991, min=0.000000, average=0.921353, max=0.994810}
preferenceDiversityPopAll: DoubleSummaryStatistics{count=1000, sum=63.470408, min=0.000000, average=0.063470, max=0.142735}
Genotype diversity: 1.0
Entropy diversity: 6.541937003736875
PC diversity: 0.851
MPSLGP top 5 HV by task at generation 46:
  Task 0: #1 ind=0 HV=0.9948099958952227; #2 ind=1 HV=0.994804341684745; #3 ind=3 HV=0.9924715476012296; #4 ind=14 HV=0.9924215471052907; #5 ind=15 HV=0.9922122839387535
  Task 1: #1 ind=2 HV=0.994163993723951; #2 ind=13 HV=0.992600449836013; #3 ind=26 HV=0.9917226785757878; #4 ind=16 HV=0.991464346289805; #5 ind=42 HV=0.9904714898874456

Pareto Front of Subpopulation 46
Objective 0: [5241.318275655154, 5387.925974705489, 5540.608893897792, 5552.390762984782, 5556.916687456891, 5679.560990270169, 5679.560990270169, 5696.821236926713, 5798.528070012457, 5926.564323742234, 6056.290636874852, 6096.086965391412, 6126.891760749626]
Objective 1: [1175.5017368130502, 1114.7348664967212, 1097.7900299472894, 1075.423372852034, 1074.081150622631, 1074.0480475235672, 1074.0480475235672, 1010.9996327629487, 995.4015950118192, 992.0732136264342, 986.8552597774542, 979.8975812188801, 977.7541754921258]
MPSLGP task 0 best fitness of generation Fitness: [6126.891760749626 977.7541754921258]
MPSLGP task 1 best fitness of generation Fitness: [5387.925974705489 1114.7348664967212]
2
duration: 142.0
Generation 46 elapsed 142.0 seconds.
Generation 47
Preselection cleared number: 1183
MPSLGP task-balanced survival counts: [task 0=500, task 1=500]
Subpop 0 reduced 5000 -> 1000
ideal points: [4644.436121939379, 964.4037355746186]
nadir points: [6279.988868836808, 2058.1683927250706]
max objectives: [83417.84743290546, 22456.550715484045]
min objectives: [5160.484579932643, 1071.5597061940207]
HVOfIntermedidatePopPSL: DoubleSummaryStatistics{count=1000, sum=917.174532, min=0.000000, average=0.917175, max=0.995025}
preferenceDiversityPopAll: DoubleSummaryStatistics{count=1000, sum=59.670732, min=0.000000, average=0.059671, max=0.128160}
Genotype diversity: 1.0
Entropy diversity: 6.577782960602952
PC diversity: 0.832
MPSLGP top 5 HV by task at generation 47:
  Task 0: #1 ind=0 HV=0.9950248571532755; #2 ind=12 HV=0.9918397987463851; #3 ind=1 HV=0.9918069820126684; #4 ind=13 HV=0.9915636916311815; #5 ind=52 HV=0.9910079128431791
  Task 1: #1 ind=11 HV=0.9931873992150357; #2 ind=27 HV=0.9919546176027212; #3 ind=53 HV=0.9909391304081373; #4 ind=2 HV=0.9902681493516889; #5 ind=5 HV=0.9887169267288303

Pareto Front of Subpopulation 47
Objective 0: [5160.484579932643, 5191.6831798707135, 5234.169752483402, 5462.429549653956, 5637.660347530968, 5681.634809760086, 6056.353963074624, 6163.175698135921, 6195.893322998483, 6198.448151661316, 6279.988868836808]
Objective 1: [2058.1683927250706, 1929.3124193895346, 1318.522232366493, 1274.177485385706, 1242.2935022420425, 1169.83805089019, 1139.1243577655405, 1136.9219063140772, 1129.9522122081107, 1107.299052984963, 1071.5597061940207]
2
duration: 148.0
MPSLGP task 0 best fitness of generation Fitness: [5160.484579932643 2058.1683927250706]
MPSLGP task 1 best fitness of generation Fitness: [5462.429549653956 1274.177485385706]
Generation 47 elapsed 148.0 seconds.
Generation 48
Preselection cleared number: 1172
MPSLGP task-balanced survival counts: [task 0=500, task 1=500]
Subpop 0 reduced 5000 -> 1000
ideal points: [4636.888889835711, 961.9640872698161]
nadir points: [5893.828893779486, 1481.8675329801335]
max objectives: [89877.95643337502, 22052.984350487037]
min objectives: [5152.098766484123, 1068.8489858553512]
HVOfIntermedidatePopPSL: DoubleSummaryStatistics{count=1000, sum=912.725236, min=0.000000, average=0.912725, max=0.995403}
preferenceDiversityPopAll: DoubleSummaryStatistics{count=1000, sum=58.140639, min=0.000000, average=0.058141, max=0.137952}
Genotype diversity: 1.0
Entropy diversity: 6.469046771972039
PC diversity: 0.796
MPSLGP top 5 HV by task at generation 48:
  Task 0: #1 ind=9 HV=0.9932989447877868; #2 ind=1 HV=0.9910690742782148; #3 ind=10 HV=0.991014402662092; #4 ind=11 HV=0.9906036888446562; #5 ind=24 HV=0.9894697749143117
  Task 1: #1 ind=7 HV=0.9954025401469463; #2 ind=8 HV=0.9935773380353938; #3 ind=0 HV=0.9919869046829568; #4 ind=43 HV=0.9911607128610361; #5 ind=2 HV=0.9907349683477727

Pareto Front of Subpopulation 48
Objective 0: [5152.098766484123, 5244.016531050322, 5269.874886475416, 5486.9799913482275, 5694.436155446339, 5823.548742319341, 5893.828893779486]
Objective 1: [1481.8675329801335, 1413.4382340259326, 1233.0983436260285, 1188.0814102519798, 1166.1501959718007, 1125.054344635253, 1068.8489858553512]
MPSLGP task 0 best fitness of generation Fitness: [5893.828893779486 1068.8489858553512]
MPSLGP task 1 best fitness of generation Fitness: [5694.436155446339 1166.1501959718007]
2
duration: 143.0
Generation 48 elapsed 143.0 seconds.
Generation 49
Preselection cleared number: 1258
MPSLGP task-balanced survival counts: [task 0=500, task 1=500]
Subpop 0 reduced 5000 -> 1000
ideal points: [4640.003144840361, 948.5321080469527]
nadir points: [6428.350918280659, 1304.654489025008]
max objectives: [29209.555374732125, 7099.931542193284]
min objectives: [5155.559049822623, 1053.924564496614]
HVOfIntermedidatePopPSL: DoubleSummaryStatistics{count=1000, sum=847.726599, min=0.000000, average=0.847727, max=0.985154}
preferenceDiversityPopAll: DoubleSummaryStatistics{count=1000, sum=57.697802, min=0.000000, average=0.057698, max=0.131191}
Genotype diversity: 1.0
Entropy diversity: 6.729974456051849
PC diversity: 0.701
MPSLGP top 5 HV by task at generation 49:
  Task 0: #1 ind=0 HV=0.9851537732057872; #2 ind=13 HV=0.9758082325558445; #3 ind=2 HV=0.9753066541476139; #4 ind=14 HV=0.974406682431055; #5 ind=15 HV=0.9741890161691762
  Task 1: #1 ind=1 HV=0.9772261204672854; #2 ind=3 HV=0.9738400080845719; #3 ind=4 HV=0.9706179913986657; #4 ind=76 HV=0.970081958462922; #5 ind=53 HV=0.9696194793335337

Pareto Front of Subpopulation 49
Objective 0: [5155.559049822623, 5266.320856680191, 5349.015415055386, 5435.737499010633, 5525.8131586320815, 5543.760446245258, 5639.654052712023, 5810.9224411421455, 5839.2267529038945, 5912.931839879719, 5914.1234406014555, 6202.790408450761, 6428.350918280659]
Objective 1: [1304.654489025008, 1281.8781439899467, 1277.3862872333557, 1250.5864554883447, 1243.891541377583, 1241.062082992954, 1159.5242286006542, 1155.0063912663318, 1136.652899192297, 1131.7475594515563, 1086.2686428277084, 1056.0217925452162, 1053.924564496614]
MPSLGP task 0 best fitness of generation Fitness: [5810.9224411421455 1155.0063912663318]
MPSLGP task 1 best fitness of generation Fitness: [5525.8131586320815 1243.891541377583]
2
duration: 147.0
Generation 49 elapsed 147.0 seconds.
Generation 50
Preselection cleared number: 1570
MPSLGP task-balanced survival counts: [task 0=500, task 1=500]
Subpop 0 reduced 5000 -> 1000
ideal points: [4829.314838090376, 1002.1977497567976]
nadir points: [7094.2122211413225, 1787.9493296670698]
max objectives: [90136.48033601826, 22478.118727550667]
min objectives: [5365.905375655973, 1113.5530552853306]
HVOfIntermedidatePopPSL: DoubleSummaryStatistics{count=1000, sum=915.846452, min=0.000000, average=0.915846, max=0.995791}
preferenceDiversityPopAll: DoubleSummaryStatistics{count=1000, sum=60.563263, min=0.000000, average=0.060563, max=0.133798}
Genotype diversity: 1.0
Entropy diversity: 6.503158649429871
PC diversity: 0.817
MPSLGP top 5 HV by task at generation 50:
  Task 0: #1 ind=1 HV=0.9943401590502777; #2 ind=20 HV=0.9877249281264929; #3 ind=69 HV=0.9876409320135139; #4 ind=70 HV=0.9876338777275128; #5 ind=44 HV=0.9873050673906114
  Task 1: #1 ind=0 HV=0.9957913112326398; #2 ind=2 HV=0.9941654739881179; #3 ind=3 HV=0.9922445798478547; #4 ind=68 HV=0.9911711757794852; #5 ind=39 HV=0.9907247775953025

Pareto Front of Subpopulation 50
Objective 0: [5365.905375655973, 5365.905375655973, 5372.2206697462825, 5373.526454185892, 5462.85223689687, 5476.247849829262, 5515.577564914769, 5578.2420470060315, 5662.4280403257, 5895.825382772251, 6162.902938002429, 6180.864393759344, 6217.398896463681, 6244.982038933551, 6262.804894818866, 6297.563839465729, 6424.473972842039, 7094.2122211413225]
Objective 1: [1787.9493296670698, 1787.9493296670698, 1701.3132874150033, 1493.4042453438306, 1449.3435215981008, 1417.39397311832, 1386.353232131296, 1357.847798116185, 1308.9579391532461, 1240.3110934208526, 1208.5583719579736, 1203.70679980173, 1196.6479915087693, 1183.5435406740435, 1169.2801007749658, 1151.6120329338737, 1128.539562720136, 1113.5530552853306]
MPSLGP task 0 best fitness of generation Fitness: [5662.4280403257 1308.9579391532461]
MPSLGP task 1 best fitness of generation Fitness: [5373.526454185892 1493.4042453438306]
1
duration: 147.0
Generation 50 elapsed 147.0 seconds.
The whole program elapsed 5828.0 seconds.

进程已结束，退出代码为 0
