C:\Users\xumen\.jdks\openjdk-26.0.1\bin\java.exe --add-opens java.base/java.lang=ALL-UNNAMED "-javaagent:C:\Program Files\JetBrains\IntelliJ IDEA 2026.1.1\lib\idea_rt.jar=58497" -Dfile.encoding=UTF-8 -Dsun.stdout.encoding=UTF-8 -Dsun.stderr.encoding=UTF-8 -classpath D:\javaProject\GPDFJSS-MENG\out\production\GPDFJSS-MENG;D:\javaProject\GPDFJSS-MENG\libraries\weka.jar;D:\javaProject\GPDFJSS-MENG\libraries\itext-1.2.jar;D:\javaProject\GPDFJSS-MENG\libraries\EJML-dense64-0.27.jar;D:\javaProject\GPDFJSS-MENG\libraries\commons-lang3-3.4.jar;D:\javaProject\GPDFJSS-MENG\libraries\Jama-1.0.3.jar;D:\javaProject\GPDFJSS-MENG\libraries\commons-math3-3.5.jar;D:\javaProject\GPDFJSS-MENG\libraries\okio-1.17.5.jar;D:\javaProject\GPDFJSS-MENG\libraries\jfreechart-1.0.19.jar;D:\javaProject\GPDFJSS-MENG\libraries\commons-lang3-3.4-javadoc.jar;D:\javaProject\GPDFJSS-MENG\libraries\EJML-core-0.27.jar;D:\javaProject\GPDFJSS-MENG\libraries\okio-jvm-3.9.1.jar;D:\javaProject\GPDFJSS-MENG\libraries\EJML-simple-0.27.jar;D:\javaProject\GPDFJSS-MENG\libraries\okhttp-3.14.9.jar;D:\javaProject\GPDFJSS-MENG\libraries\json-20240303.jar;D:\javaProject\GPDFJSS-MENG\libraries\kotlin-stdlib-2.1.0-RC2.jar;D:\javaProject\GPDFJSS-MENG\libraries\okhttp-5.0.0-alpha.14.jar;D:\javaProject\GPDFJSS-MENG\libraries\commons-math3-3.5-javadoc.jar;D:\javaProject\GPDFJSS-MENG\libraries\jzlib-1.0.7.jar;D:\javaProject\GPDFJSS-MENG\libraries\jcommon-1.0.23.jar;D:\javaProject\GPDFJSS-MENG\libraries\pshecj.jar;D:\javaProject\GPDFJSS-MENG\libraries\okio-3.9.1.jar yimei.jss.gp.GPMain

| ECJ
| An evolutionary computation system (version 23)
| By Sean Luke
| Contributors: L. Panait, G. Balan, S. Paus, Z. Skolicki, R. Kicinger,
|               E. Popovici, K. Sullivan, J. Harrison, J. Bassett, R. Hubley,
|               A. Desai, A. Chircop, J. Compton, W. Haddon, S. Donnelly,
|               B. Jamil, J. Zelibor, E. Kangas, F. Abidi, H. Mooers,
|               J. O'Beirne, L. Manzoni, K. Talukder, and J. McDermott
| URL: http://cs.gmu.edu/~eclab/projects/ecj/
| Mail: ecj-help@cs.gmu.edu
|       (better: join ECJ-INTEREST at URL above)
| Date: June 15, 2015
| Current Java: 26.0.1 / OpenJDK 64-Bit Server VM-26.0.1+8-34
| Required Minimum Java: 1.5


Threads:  breed/1 eval/1
Seed: 22
Job: 0
Setting up
Processing GP Types
Processing GP Node Constraints
Processing GP Function Sets
No GPFunctionSet specified, assuming the default class: ec.gp.GPFunctionSet for gp.fs.0
Processing GP Tree Constraints
WARNING:
You're using elitism with NSGA2Breeder, which is not permitted and will be ignored.  However the reevaluate-elites parameter *will* bre recognized by NSGAEvaluator.
PARAMETER: breed.elite.0
Initializing Generation 0
ideal points: [7123.57030612483, 1285.8026403756478]
nadir points: [8354.678401669546, 2249.9589085114276]
max objectives: [636323.1603378257, 161465.13104757224]
min objectives: [7915.078117916477, 1428.6696004173864]
HVOfIntermedidatePopPSL: DoubleSummaryStatistics{count=1000, sum=506.093698, min=0.000000, average=0.506094, max=0.999293}
preferenceDiversityPopAll: DoubleSummaryStatistics{count=1000, sum=7.836908, min=0.000000, average=0.007837, max=0.119553}
Genotype diversity: 1.0
Entropy diversity: 4.0041320041762045
PC diversity: 0.874
MPSLGP top 5 HV by task at generation 0:
  Task 0: #1 ind=28 HV=0.998489191688891; #2 ind=1 HV=0.9983649218861556; #3 ind=7 HV=0.9980943599020544; #4 ind=10 HV=0.9978400311125198; #5 ind=2 HV=0.9977795614725902
  Task 1: #1 ind=0 HV=0.9992926209137032; #2 ind=5 HV=0.9982592761977201; #3 ind=6 HV=0.9982504685714467; #4 ind=9 HV=0.9981187947364404; #5 ind=11 HV=0.9977250936995147

Pareto Front of Subpopulation 0
Objective 0: [7915.078117916477, 8015.29053020585, 8241.03415611951, 8347.921036216721, 8354.678401669546]
Objective 1: [2249.9589085114276, 1782.618033545783, 1697.3988324943857, 1577.7094180288332, 1428.6696004173864]
MPSLGP task 0 best fitness of generation Fitness: [8347.921036216721 1577.7094180288332]
MPSLGP task 1 best fitness of generation Fitness: [8354.678401669546 1428.6696004173864]
2
duration: 40.0
Generation 0 elapsed 40.0 seconds.
Generation 1
Preselection cleared number: 1677
MPSLGP task-balanced survival counts: [task 0=500, task 1=500]
Subpop 0 reduced 5000 -> 1000
ideal points: [5674.155029036827, 1075.5319143085514]
nadir points: [6771.122925957316, 2568.583499478991]
max objectives: [609916.9966656808, 153496.40448453423]
min objectives: [6304.616698929807, 1195.035460342835]
HVOfIntermedidatePopPSL: DoubleSummaryStatistics{count=1000, sum=929.588573, min=0.000000, average=0.929589, max=0.999219}
preferenceDiversityPopAll: DoubleSummaryStatistics{count=1000, sum=8.548214, min=0.000000, average=0.008548, max=0.101007}
Genotype diversity: 1.0
Entropy diversity: 6.6039883271323045
PC diversity: 0.957
MPSLGP top 5 HV by task at generation 1:
  Task 0: #1 ind=263 HV=0.9970247025150913; #2 ind=12 HV=0.9967595372986737; #3 ind=16 HV=0.9961770651600225; #4 ind=22 HV=0.9954785967184278; #5 ind=236 HV=0.9952619178438942
  Task 1: #1 ind=0 HV=0.999218927828235; #2 ind=10 HV=0.9991285776350498; #3 ind=4 HV=0.9985920119008936; #4 ind=7 HV=0.998088211846937; #5 ind=1 HV=0.9971256082278822

Pareto Front of Subpopulation 1
Objective 0: [6304.616698929807, 6612.639486872911, 6748.755719765177, 6771.122925957316]
Objective 1: [2568.583499478991, 2384.5289695652973, 1518.4908561832126, 1195.035460342835]
MPSLGP task 0 best fitness of generation Fitness: [6304.616698929807 2568.583499478991]
MPSLGP task 1 best fitness of generation Fitness: [6771.122925957316 1195.035460342835]
2
duration: 76.0
Generation 1 elapsed 76.0 seconds.
Generation 2
Preselection cleared number: 1531
MPSLGP task-balanced survival counts: [task 0=500, task 1=500]
Subpop 0 reduced 5000 -> 1000
ideal points: [5401.565131861083, 1149.0892671523907]
nadir points: [7478.464082987804, 2661.857076263157]
max objectives: [162939.58163216955, 40702.55910275929]
min objectives: [6001.739035401202, 1276.7658523915452]
HVOfIntermedidatePopPSL: DoubleSummaryStatistics{count=1000, sum=894.107746, min=0.000000, average=0.894108, max=0.992260}
preferenceDiversityPopAll: DoubleSummaryStatistics{count=1000, sum=6.299900, min=0.000000, average=0.006300, max=0.113858}
Genotype diversity: 1.0
Entropy diversity: 6.616851874253531
PC diversity: 0.952
MPSLGP top 5 HV by task at generation 2:
  Task 0: #1 ind=15 HV=0.9895746036983847; #2 ind=16 HV=0.9891784978602017; #3 ind=9 HV=0.9884210539040034; #4 ind=24 HV=0.9880013023141573; #5 ind=71 HV=0.9874325681843836
  Task 1: #1 ind=0 HV=0.992260056782167; #2 ind=1 HV=0.9918801892511744; #3 ind=2 HV=0.991806344049663; #4 ind=6 HV=0.9908546266576236; #5 ind=3 HV=0.99040217224636

Pareto Front of Subpopulation 2
Objective 0: [6001.739035401202, 6125.982610756939, 6863.2320218330715, 7089.064457653556, 7158.567374320934, 7478.464082987804]
Objective 1: [2661.857076263157, 2259.129461150209, 1362.2511458785157, 1322.0117079890042, 1300.2589838542335, 1276.7658523915452]
2
duration: 78.0
MPSLGP task 0 best fitness of generation Fitness: [6001.739035401202 2661.857076263157]
MPSLGP task 1 best fitness of generation Fitness: [6863.2320218330715 1362.2511458785157]
Generation 2 elapsed 78.0 seconds.
Generation 3
Preselection cleared number: 1759
MPSLGP task-balanced survival counts: [task 0=500, task 1=500]
Subpop 0 reduced 5000 -> 1000
ideal points: [5166.546623330517, 1247.8132324106032]
nadir points: [7799.274783766043, 3786.9584590717786]
max objectives: [350110.6834897923, 155330.53417067113]
min objectives: [5740.60735925613, 1386.4591471228923]
HVOfIntermedidatePopPSL: DoubleSummaryStatistics{count=1000, sum=941.551515, min=0.000000, average=0.941552, max=0.995967}
preferenceDiversityPopAll: DoubleSummaryStatistics{count=1000, sum=7.343225, min=0.000000, average=0.007343, max=0.107577}
Genotype diversity: 1.0
Entropy diversity: 6.690153754439522
PC diversity: 0.953
MPSLGP top 5 HV by task at generation 3:
  Task 0: #1 ind=190 HV=0.9927125880068383; #2 ind=23 HV=0.9926447026527898; #3 ind=4 HV=0.9920558435110263; #4 ind=59 HV=0.9919572223992802; #5 ind=116 HV=0.9913513230350487
  Task 1: #1 ind=0 HV=0.995966864994613; #2 ind=21 HV=0.9957614429903268; #3 ind=132 HV=0.9947258778015221; #4 ind=1 HV=0.9945707536321087; #5 ind=2 HV=0.994012606846227

Pareto Front of Subpopulation 3
Objective 0: [5740.60735925613, 5753.257720458903, 5770.788758386101, 6973.847881829075, 7230.621260652668, 7496.7986463650595, 7537.428243556584, 7799.274783766043]
Objective 1: [3786.9584590717786, 3344.086191074035, 3080.6213471835945, 2053.358575078062, 1790.4435351589345, 1533.3170326028776, 1416.3074076068588, 1386.4591471228923]
MPSLGP task 0 best fitness of generation Fitness: [6973.847881829075 2053.358575078062]
MPSLGP task 1 best fitness of generation Fitness: [7230.621260652668 1790.4435351589345]
2
duration: 80.0
Generation 3 elapsed 80.0 seconds.
Generation 4
Preselection cleared number: 1923
MPSLGP task-balanced survival counts: [task 0=500, task 1=500]
Subpop 0 reduced 5000 -> 1000
ideal points: [4831.361045030906, 1076.6273165162056]
nadir points: [6780.9217547297885, 4135.758448065237]
max objectives: [124415.41043655944, 123953.41043655944]
min objectives: [5368.178938923229, 1196.2525739068951]
HVOfIntermedidatePopPSL: DoubleSummaryStatistics{count=1000, sum=932.388651, min=0.000000, average=0.932389, max=0.996283}
preferenceDiversityPopAll: DoubleSummaryStatistics{count=1000, sum=5.770520, min=0.000000, average=0.005771, max=0.092971}
Genotype diversity: 1.0
Entropy diversity: 6.714283495652586
PC diversity: 0.952
MPSLGP top 5 HV by task at generation 4:
  Task 0: #1 ind=0 HV=0.9925630233221887; #2 ind=1 HV=0.9915977283164545; #3 ind=3 HV=0.9914575231297564; #4 ind=15 HV=0.9894583275109067; #5 ind=28 HV=0.9890272463422454
  Task 1: #1 ind=72 HV=0.9962831288686349; #2 ind=91 HV=0.9936185946394805; #3 ind=27 HV=0.9934947779479193; #4 ind=151 HV=0.9925785746649337; #5 ind=39 HV=0.9920527262202292

Pareto Front of Subpopulation 4
Objective 0: [5368.178938923229, 5415.232288780273, 5432.559164318838, 5477.24482677097, 5532.4961728870985, 5616.060964289209, 5653.25551545067, 5845.521685845568, 5856.353229485278, 5990.787244304374, 6267.7397261661245, 6448.210047273169, 6780.9217547297885]
Objective 1: [4135.758448065237, 3706.9270866475563, 3383.880380533752, 2622.3265157217247, 2428.308822997911, 2342.8733208642698, 1921.4277122957938, 1739.8018473977063, 1597.4094712118094, 1596.966886499009, 1566.568568638424, 1467.8074746565617, 1196.2525739068951]
2
duration: 79.0
MPSLGP task 0 best fitness of generation Fitness: [5856.353229485278 1597.4094712118094]
MPSLGP task 1 best fitness of generation Fitness: [5845.521685845568 1739.8018473977063]
Generation 4 elapsed 79.0 seconds.
Generation 5
Preselection cleared number: 1663
MPSLGP task-balanced survival counts: [task 0=500, task 1=500]
Subpop 0 reduced 5000 -> 1000
ideal points: [4835.153552334529, 1088.1870023124472]
nadir points: [7202.303363152081, 3141.9965844809994]
max objectives: [99298.61874795686, 98638.61874795686]
min objectives: [5372.392835927254, 1209.0966692360525]
HVOfIntermedidatePopPSL: DoubleSummaryStatistics{count=1000, sum=872.876514, min=0.000000, average=0.872877, max=0.990600}
preferenceDiversityPopAll: DoubleSummaryStatistics{count=1000, sum=5.778784, min=0.000000, average=0.005779, max=0.105689}
Genotype diversity: 1.0
Entropy diversity: 6.46491308333277
PC diversity: 0.946
MPSLGP top 5 HV by task at generation 5:
  Task 0: #1 ind=1 HV=0.9873387041017803; #2 ind=4 HV=0.985671894868185; #3 ind=13 HV=0.9847146483811172; #4 ind=14 HV=0.9846467487901942; #5 ind=35 HV=0.983671892315872
  Task 1: #1 ind=86 HV=0.9906004224231163; #2 ind=32 HV=0.9901776046664312; #3 ind=0 HV=0.9901575995310957; #4 ind=11 HV=0.9895851050403506; #5 ind=111 HV=0.988197355288661

Pareto Front of Subpopulation 5
Objective 0: [5372.392835927254, 5572.718922876491, 5708.361173445708, 5770.031049226702, 5786.217716937419, 5809.156622680603, 6197.095846345299, 6201.344048148545, 6374.522591281915, 6423.724984537548, 7202.303363152081]
Objective 1: [3141.9965844809994, 2798.0903813639816, 2770.280891989838, 2450.014631024511, 2446.481602694432, 2144.409730607098, 1600.740981155148, 1575.9010669913187, 1513.7578670321818, 1349.7125556677638, 1209.0966692360525]
2
duration: 81.0
MPSLGP task 0 best fitness of generation Fitness: [6423.724984537548 1349.7125556677638]
MPSLGP task 1 best fitness of generation Fitness: [6201.344048148545 1575.9010669913187]
Generation 5 elapsed 81.0 seconds.
Generation 6
Preselection cleared number: 1691
MPSLGP task-balanced survival counts: [task 0=500, task 1=500]
Subpop 0 reduced 5000 -> 1000
ideal points: [4988.206105461023, 1037.606057868649]
nadir points: [6845.941268378869, 3511.279511349603]
max objectives: [83970.38901469496, 20802.395018993266]
min objectives: [5542.451228290025, 1152.8956198540545]
HVOfIntermedidatePopPSL: DoubleSummaryStatistics{count=1000, sum=886.914221, min=0.000000, average=0.886914, max=0.985616}
preferenceDiversityPopAll: DoubleSummaryStatistics{count=1000, sum=6.621499, min=0.000000, average=0.006621, max=0.113513}
Genotype diversity: 1.0
Entropy diversity: 6.743558711222623
PC diversity: 0.966
MPSLGP top 5 HV by task at generation 6:
  Task 0: #1 ind=15 HV=0.981811720145717; #2 ind=4 HV=0.979283215757058; #3 ind=6 HV=0.9783597789861558; #4 ind=7 HV=0.9783336912478733; #5 ind=35 HV=0.9771320227654827
  Task 1: #1 ind=13 HV=0.985615581853186; #2 ind=0 HV=0.9851043968657502; #3 ind=14 HV=0.9843611284424738; #4 ind=1 HV=0.9833174073992935; #5 ind=2 HV=0.9831958316423743

Pareto Front of Subpopulation 6
Objective 0: [5542.451228290025, 5575.057945064327, 5645.315232780704, 5693.756719110475, 5722.3397886333405, 5804.424208614044, 5920.323453429039, 5998.451157492091, 6022.826334054, 6519.492551780597, 6640.141793843388, 6656.7023760155425, 6845.941268378869]
Objective 1: [3511.279511349603, 2470.15030316871, 2224.6069482864696, 2186.7546932231417, 1991.9758919628075, 1504.0164610025604, 1477.077829199654, 1440.1424443871365, 1332.9795502490742, 1306.0593043566914, 1283.4418621036311, 1202.1755940038856, 1152.8956198540545]
2
duration: 82.0
MPSLGP task 0 best fitness of generation Fitness: [5998.451157492091 1440.1424443871365]
MPSLGP task 1 best fitness of generation Fitness: [6022.826334054 1332.9795502490742]
Generation 6 elapsed 82.0 seconds.
Generation 7
Preselection cleared number: 1434
MPSLGP task-balanced survival counts: [task 0=500, task 1=500]
Subpop 0 reduced 5000 -> 1000
ideal points: [4740.345497951307, 1091.7224795592178]
nadir points: [7372.001948283287, 3325.854401498087]
max objectives: [54060.54831124656, 51630.06219550483]
min objectives: [5267.05055327923, 1213.0249772880197]
HVOfIntermedidatePopPSL: DoubleSummaryStatistics{count=1000, sum=903.810009, min=0.000000, average=0.903810, max=0.987963}
preferenceDiversityPopAll: DoubleSummaryStatistics{count=1000, sum=7.956294, min=0.000000, average=0.007956, max=0.112232}
Genotype diversity: 1.0
Entropy diversity: 6.832206704757335
PC diversity: 0.955
MPSLGP top 5 HV by task at generation 7:
  Task 0: #1 ind=16 HV=0.9879627514175331; #2 ind=1 HV=0.9805458529554185; #3 ind=2 HV=0.9804201310523246; #4 ind=36 HV=0.9781542365004863; #5 ind=4 HV=0.9778983001597236
  Task 1: #1 ind=59 HV=0.9827331123289451; #2 ind=0 HV=0.9817248033142243; #3 ind=155 HV=0.9798552539187414; #4 ind=93 HV=0.9792943705342603; #5 ind=156 HV=0.9785508914185466

Pareto Front of Subpopulation 7
Objective 0: [5267.05055327923, 5445.029840567149, 5622.7621501534595, 5697.688626433024, 5829.162305535865, 5906.94035895454, 6110.766408550378, 6153.246810140554, 6201.045235237514, 6427.34842962632, 6492.174893279676, 6652.702353940869, 6767.234185582027, 7078.211505827843, 7111.384019736375, 7372.001948283287]
Objective 1: [3325.854401498087, 1923.4252410345944, 1802.9573518117686, 1734.1551587191498, 1700.8177656077314, 1650.2524080646253, 1592.2814855229226, 1539.8767332506832, 1486.9910707919626, 1431.924940382145, 1390.9302277981915, 1376.2131298954773, 1325.182994430521, 1301.1969573883398, 1237.306809857182, 1213.0249772880197]
MPSLGP task 0 best fitness of generation Fitness: [5622.7621501534595 1802.9573518117686]
MPSLGP task 1 best fitness of generation Fitness: [5445.029840567149 1923.4252410345944]
2
duration: 85.0
Generation 7 elapsed 85.0 seconds.
Generation 8
Preselection cleared number: 1460
MPSLGP task-balanced survival counts: [task 0=500, task 1=500]
Subpop 0 reduced 5000 -> 1000
ideal points: [4967.915619265207, 1215.7556921313314]
nadir points: [8043.358631694806, 3571.3524157599895]
max objectives: [39528.27154435031, 38845.518802314095]
min objectives: [5519.906243628007, 1350.8396579237015]
HVOfIntermedidatePopPSL: DoubleSummaryStatistics{count=1000, sum=826.469116, min=0.000000, average=0.826469, max=0.989269}
preferenceDiversityPopAll: DoubleSummaryStatistics{count=1000, sum=8.703819, min=0.000000, average=0.008704, max=0.107562}
Genotype diversity: 1.0
Entropy diversity: 6.6486742071009495
PC diversity: 0.949
MPSLGP top 5 HV by task at generation 8:
  Task 0: #1 ind=152 HV=0.9831819520250992; #2 ind=2 HV=0.981115543635068; #3 ind=3 HV=0.9780836309407642; #4 ind=12 HV=0.9777505053630375; #5 ind=13 HV=0.9764001779402989
  Task 1: #1 ind=0 HV=0.9892689196985598; #2 ind=1 HV=0.9813126495250216; #3 ind=93 HV=0.9797177157581921; #4 ind=71 HV=0.9756093083018184; #5 ind=5 HV=0.9754407893415443

Pareto Front of Subpopulation 8
Objective 0: [5519.906243628007, 5548.525554074789, 5580.882939918432, 5619.533159395331, 5787.524451723788, 5791.743691183568, 6050.102991285967, 6620.233706398401, 7154.330988230533, 7215.8528949799365, 7468.888747104793, 8043.358631694806]
Objective 1: [3571.3524157599895, 3499.1688817717077, 3074.409032032854, 2120.321909529739, 1974.16331938011, 1748.0733894527075, 1579.4021096972283, 1432.0667234304565, 1413.886331082409, 1412.2748934501433, 1358.019823046925, 1350.8396579237015]
2
duration: 93.0
MPSLGP task 0 best fitness of generation Fitness: [5791.743691183568 1748.0733894527075]
MPSLGP task 1 best fitness of generation Fitness: [5580.882939918432 3074.409032032854]
Generation 8 elapsed 93.0 seconds.
Generation 9
Preselection cleared number: 1495
MPSLGP task-balanced survival counts: [task 0=500, task 1=500]
Subpop 0 reduced 5000 -> 1000
ideal points: [4588.699828942597, 1019.7448437791129]
nadir points: [6549.6881565732765, 3436.2340377455403]
max objectives: [62482.702183159534, 24617.44635803197]
min objectives: [5098.555365491775, 1133.0498264212365]
HVOfIntermedidatePopPSL: DoubleSummaryStatistics{count=1000, sum=906.965921, min=0.000000, average=0.906966, max=0.983694}
preferenceDiversityPopAll: DoubleSummaryStatistics{count=1000, sum=9.476033, min=0.000000, average=0.009476, max=0.106494}
Genotype diversity: 1.0
Entropy diversity: 6.808540374928529
PC diversity: 0.96
MPSLGP top 5 HV by task at generation 9:
  Task 0: #1 ind=1 HV=0.9825777260254311; #2 ind=3 HV=0.9797593617736569; #3 ind=4 HV=0.9791990548410282; #4 ind=5 HV=0.9790595545753685; #5 ind=15 HV=0.9784813368933478
  Task 1: #1 ind=73 HV=0.983694057965877; #2 ind=0 HV=0.9831911068270203; #3 ind=12 HV=0.9810704996811261; #4 ind=2 HV=0.980451999495604; #5 ind=13 HV=0.9802125886441779

Pareto Front of Subpopulation 9
Objective 0: [5098.555365491775, 5241.605184415937, 5478.517850013799, 5483.720818612608, 5592.659962616948, 5676.005606000283, 5770.98089782038, 5786.4968851575395, 6133.715631158673, 6345.178006010799, 6473.0912126063195, 6549.6881565732765]
Objective 1: [3436.2340377455403, 1472.1827893901063, 1456.472350077347, 1452.428562036177, 1398.9058032073517, 1398.507292330447, 1369.5266563661644, 1240.6674546684662, 1167.7375546236726, 1155.3302083667222, 1149.8971782859371, 1133.0498264212365]
MPSLGP task 0 best fitness of generation Fitness: [5241.605184415937 1472.1827893901063]
MPSLGP task 1 best fitness of generation Fitness: [5786.4968851575395 1240.6674546684662]
2
duration: 86.0
Generation 9 elapsed 86.0 seconds.
Generation 10
Preselection cleared number: 1456
MPSLGP task-balanced survival counts: [task 0=500, task 1=500]
Subpop 0 reduced 5000 -> 1000
ideal points: [4942.843906791421, 1086.7139489135109]
nadir points: [6642.756619421067, 2787.3219060977135]
max objectives: [57384.80695950211, 19890.984569679422]
min objectives: [5492.048785323801, 1207.4599432372343]
HVOfIntermedidatePopPSL: DoubleSummaryStatistics{count=1000, sum=886.934666, min=0.000000, average=0.886935, max=0.987432}
preferenceDiversityPopAll: DoubleSummaryStatistics{count=1000, sum=7.033656, min=0.000000, average=0.007034, max=0.125699}
Genotype diversity: 1.0
Entropy diversity: 6.777984337698889
PC diversity: 0.955
MPSLGP top 5 HV by task at generation 10:
  Task 0: #1 ind=0 HV=0.9874323114281303; #2 ind=1 HV=0.9839469460893672; #3 ind=3 HV=0.9820898240423871; #4 ind=7 HV=0.9801485047137205; #5 ind=8 HV=0.9777130268694213
  Task 1: #1 ind=2 HV=0.9830328327261034; #2 ind=108 HV=0.9801266556625343; #3 ind=4 HV=0.9776130806385936; #4 ind=10 HV=0.9754324159747785; #5 ind=11 HV=0.9753059805986288

Pareto Front of Subpopulation 10
Objective 0: [5492.048785323801, 5561.138182417664, 5630.2948419034365, 6004.203424236621, 6273.142665790394, 6387.717619611998, 6642.756619421067]
Objective 1: [2787.3219060977135, 2382.3571702400513, 1386.3096175712271, 1318.7750194964756, 1241.0873051140225, 1218.4687429523765, 1207.4599432372343]
2
duration: 93.0
MPSLGP task 0 best fitness of generation Fitness: [5630.2948419034365 1386.3096175712271]
MPSLGP task 1 best fitness of generation Fitness: [6273.142665790394 1241.0873051140225]
Generation 10 elapsed 93.0 seconds.
Generation 11
Preselection cleared number: 1632
MPSLGP task-balanced survival counts: [task 0=500, task 1=500]
Subpop 0 reduced 5000 -> 1000
ideal points: [4867.370272942694, 1028.6335120674921]
nadir points: [6781.71505629475, 4114.09954622027]
max objectives: [97952.21202338267, 97688.21202338267]
min objectives: [5408.189192158548, 1142.9261245194357]
HVOfIntermedidatePopPSL: DoubleSummaryStatistics{count=1000, sum=945.882512, min=0.000000, average=0.945883, max=0.993627}
preferenceDiversityPopAll: DoubleSummaryStatistics{count=1000, sum=7.395677, min=0.000000, average=0.007396, max=0.098781}
Genotype diversity: 1.0
Entropy diversity: 6.829525036336764
PC diversity: 0.961
MPSLGP top 5 HV by task at generation 11:
  Task 0: #1 ind=0 HV=0.9936274889544713; #2 ind=151 HV=0.9933670412209489; #3 ind=1 HV=0.9933130571989485; #4 ind=2 HV=0.992765212978285; #5 ind=6 HV=0.9919265476948801
  Task 1: #1 ind=3 HV=0.9926727841535048; #2 ind=4 HV=0.9925794412207052; #3 ind=5 HV=0.9919474524534915; #4 ind=7 HV=0.991635512405918; #5 ind=37 HV=0.9899492491790879

Pareto Front of Subpopulation 11
Objective 0: [5408.189192158548, 5428.053938928526, 5465.385531634442, 5546.701811667648, 5598.464700398326, 5598.464700398326, 5598.464700398326, 5658.692262423574, 5817.885717053607, 5860.8488652198575, 5909.449392681767, 5934.659037351492, 6074.949057585356, 6781.71505629475]
Objective 1: [4114.09954622027, 2208.8365954352776, 2005.9329220365034, 1970.8836113553116, 1706.8689157515037, 1706.8689157515037, 1706.8689157515037, 1483.5835768419638, 1473.101621636073, 1469.7573939920694, 1443.5752022249362, 1286.9344460269785, 1159.8391106233175, 1142.9261245194357]
MPSLGP task 0 best fitness of generation Fitness: [5658.692262423574 1483.5835768419638]
MPSLGP task 1 best fitness of generation Fitness: [5598.464700398326 1706.8689157515037]
2
duration: 112.0
Generation 11 elapsed 112.0 seconds.
Generation 12
Preselection cleared number: 1531
MPSLGP task-balanced survival counts: [task 0=500, task 1=500]
Subpop 0 reduced 5000 -> 1000
ideal points: [4754.771800649806, 865.9305354751385]
nadir points: [5990.743610603968, 1292.7151397337584]
max objectives: [76943.96714006923, 22878.56440644717]
min objectives: [5283.079778499785, 962.1450394168205]
HVOfIntermedidatePopPSL: DoubleSummaryStatistics{count=1000, sum=933.638233, min=0.000000, average=0.933638, max=0.995345}
preferenceDiversityPopAll: DoubleSummaryStatistics{count=1000, sum=3.745428, min=0.000000, average=0.003745, max=0.094662}
Genotype diversity: 1.0
Entropy diversity: 6.867709090513193
PC diversity: 0.936
MPSLGP top 5 HV by task at generation 12:
  Task 0: #1 ind=0 HV=0.9953454119134589; #2 ind=3 HV=0.9917677147678328; #3 ind=7 HV=0.9917450204200385; #4 ind=9 HV=0.9913219468008971; #5 ind=11 HV=0.990190739825165
  Task 1: #1 ind=1 HV=0.992070345563139; #2 ind=2 HV=0.9918346570392151; #3 ind=8 HV=0.9915815678362733; #4 ind=4 HV=0.9914329613541947; #5 ind=51 HV=0.9911550356923863

Pareto Front of Subpopulation 12
Objective 0: [5283.079778499785, 5303.845822179806, 5344.944637790846, 5410.855518477707, 5418.072222418268, 5695.068409564788, 5990.743610603968]
Objective 1: [1292.7151397337584, 1128.54131504026, 1124.6897296699317, 1097.1090863561258, 1020.3883068967843, 1006.313143081119, 962.1450394168205]
2
duration: 111.0
MPSLGP task 0 best fitness of generation Fitness: [5418.072222418268 1020.3883068967843]
MPSLGP task 1 best fitness of generation Fitness: [5695.068409564788 1006.313143081119]
Generation 12 elapsed 111.0 seconds.
Generation 13
Preselection cleared number: 1692
MPSLGP task-balanced survival counts: [task 0=500, task 1=500]
Subpop 0 reduced 5000 -> 1000
ideal points: [4777.421667318655, 1033.5786407291919]
nadir points: [6963.344911896158, 1602.8684448083368]
max objectives: [30349.822669517365, 13598.816462338684]
min objectives: [5308.246297020727, 1148.4207119213243]
HVOfIntermedidatePopPSL: DoubleSummaryStatistics{count=1000, sum=855.916139, min=0.000000, average=0.855916, max=0.975336}
preferenceDiversityPopAll: DoubleSummaryStatistics{count=1000, sum=5.738554, min=0.000000, average=0.005739, max=0.117988}
Genotype diversity: 1.0
Entropy diversity: 6.8708664844411125
PC diversity: 0.956
MPSLGP top 5 HV by task at generation 13:
  Task 0: #1 ind=0 HV=0.9753355255379706; #2 ind=2 HV=0.9709126172645083; #3 ind=3 HV=0.9693963374300637; #4 ind=11 HV=0.9689431421433451; #5 ind=5 HV=0.9671950977700864
  Task 1: #1 ind=1 HV=0.9710107640976525; #2 ind=77 HV=0.9705105386330812; #3 ind=78 HV=0.9691623480921263; #4 ind=4 HV=0.9691113665264357; #5 ind=104 HV=0.9668083999765781

Pareto Front of Subpopulation 13
Objective 0: [5308.246297020727, 5389.439436851244, 5425.692908891593, 5445.383785350481, 5466.833434513363, 5503.091777482303, 5720.89584064763, 5829.938512052293, 6269.971830598137, 6371.990771298762, 6963.344911896158]
Objective 1: [1602.8684448083368, 1503.4623090358655, 1500.4083494342922, 1455.1059912374185, 1422.2352448410384, 1351.5692930299265, 1300.7493542439915, 1266.8089080616774, 1244.3724960034015, 1187.6633511310793, 1148.4207119213243]
2
duration: 110.0
MPSLGP task 0 best fitness of generation Fitness: [5503.091777482303 1351.5692930299265]
MPSLGP task 1 best fitness of generation Fitness: [5466.833434513363 1422.2352448410384]
Generation 13 elapsed 110.0 seconds.
Generation 14
Preselection cleared number: 1699
MPSLGP task-balanced survival counts: [task 0=500, task 1=500]
Subpop 0 reduced 5000 -> 1000
ideal points: [4650.040211131435, 1073.641488765419]
nadir points: [6454.027190563676, 1636.1519866355375]
max objectives: [32824.78429421666, 8066.167168067303]
min objectives: [5166.711345701595, 1192.934987517132]
HVOfIntermedidatePopPSL: DoubleSummaryStatistics{count=1000, sum=823.779187, min=0.000000, average=0.823779, max=0.961926}
preferenceDiversityPopAll: DoubleSummaryStatistics{count=1000, sum=4.419477, min=0.000000, average=0.004419, max=0.112559}
Genotype diversity: 1.0
Entropy diversity: 6.884528072916804
PC diversity: 0.963
MPSLGP top 5 HV by task at generation 14:
  Task 0: #1 ind=0 HV=0.961926163611405; #2 ind=1 HV=0.9558421751291487; #3 ind=2 HV=0.9556370074912572; #4 ind=3 HV=0.9537286723724654; #5 ind=4 HV=0.9524286996684422
  Task 1: #1 ind=9 HV=0.954861887546454; #2 ind=46 HV=0.9515417281172484; #3 ind=11 HV=0.9480529239140734; #4 ind=12 HV=0.9474404654575845; #5 ind=13 HV=0.9450511256663995

Pareto Front of Subpopulation 14
Objective 0: [5166.711345701595, 5432.905572664691, 5472.1657641481725, 5472.264905810764, 5510.402254015789, 5826.30894815136, 5893.905999317067, 6009.901432552142, 6454.027190563676]
Objective 1: [1636.1519866355375, 1553.7429647024983, 1492.9251158014958, 1431.6032331299357, 1370.2465882806282, 1354.0867062263133, 1316.8916473767895, 1300.0234942795942, 1192.934987517132]
MPSLGP task 0 best fitness of generation Fitness: [5510.402254015789 1370.2465882806282]
MPSLGP task 1 best fitness of generation Fitness: [5472.1657641481725 1492.9251158014958]
2
duration: 109.0
Generation 14 elapsed 109.0 seconds.
Generation 15
Preselection cleared number: 1723
MPSLGP task-balanced survival counts: [task 0=500, task 1=500]
Subpop 0 reduced 5000 -> 1000
ideal points: [4786.994858423342, 1023.8926160227683]
nadir points: [6770.380681149254, 1411.6882326487903]
max objectives: [19697.685790217598, 10331.031588905258]
min objectives: [5318.8831760259345, 1137.6584622475202]
HVOfIntermedidatePopPSL: DoubleSummaryStatistics{count=1000, sum=824.121383, min=0.000000, average=0.824121, max=0.971334}
preferenceDiversityPopAll: DoubleSummaryStatistics{count=1000, sum=3.532799, min=0.000000, average=0.003533, max=0.068880}
Genotype diversity: 1.0
Entropy diversity: 6.90307314775513
PC diversity: 0.971
MPSLGP top 5 HV by task at generation 15:
  Task 0: #1 ind=0 HV=0.971334134134313; #2 ind=26 HV=0.9669328314119365; #3 ind=10 HV=0.9633974781122773; #4 ind=11 HV=0.9617979818371343; #5 ind=27 HV=0.9607690128117239
  Task 1: #1 ind=1 HV=0.9700229602604722; #2 ind=93 HV=0.9624724374011927; #3 ind=12 HV=0.9612730153913115; #4 ind=28 HV=0.9577779695077012; #5 ind=4 HV=0.9555545870126063

Pareto Front of Subpopulation 15
Objective 0: [5318.8831760259345, 5448.775952035969, 5627.99200250057, 5750.860958906735, 5783.498719493597, 5821.318889226241, 6313.0138119353505, 6405.247364322306, 6679.674814492289, 6770.380681149254]
Objective 1: [1411.6882326487903, 1316.627145670387, 1299.7753964391923, 1288.9120264649027, 1244.99690665456, 1196.0424321245955, 1184.1410611377069, 1157.954438506189, 1142.9538443863275, 1137.6584622475202]
MPSLGP task 0 best fitness of generation Fitness: [5448.775952035969 1316.627145670387]
MPSLGP task 1 best fitness of generation Fitness: [5318.8831760259345 1411.6882326487903]
2
duration: 109.0
Generation 15 elapsed 109.0 seconds.
Generation 16
Preselection cleared number: 1858
MPSLGP task-balanced survival counts: [task 0=500, task 1=500]
Subpop 0 reduced 5000 -> 1000
ideal points: [4741.301360507525, 914.8890350868969]
nadir points: [5940.60871347331, 1130.646963727835]
max objectives: [38105.55044050605, 19853.374037012632]
min objectives: [5268.112622786139, 1016.5433723187743]
HVOfIntermedidatePopPSL: DoubleSummaryStatistics{count=1000, sum=912.640242, min=0.000000, average=0.912640, max=0.993860}
preferenceDiversityPopAll: DoubleSummaryStatistics{count=1000, sum=4.045008, min=0.000000, average=0.004045, max=0.068635}
Genotype diversity: 1.0
Entropy diversity: 6.878605842259231
PC diversity: 0.964
MPSLGP top 5 HV by task at generation 16:
  Task 0: #1 ind=0 HV=0.9938598231885487; #2 ind=5 HV=0.988327250234924; #3 ind=6 HV=0.9865601812783311; #4 ind=17 HV=0.9834229212430943; #5 ind=20 HV=0.9823460792994697
  Task 1: #1 ind=4 HV=0.9908139871950931; #2 ind=7 HV=0.9857981791113308; #3 ind=8 HV=0.9845340271332326; #4 ind=9 HV=0.9842467494773829; #5 ind=10 HV=0.9836650442071546

Pareto Front of Subpopulation 16
Objective 0: [5268.112622786139, 5876.806430728873, 5925.905758746492, 5940.60871347331]
Objective 1: [1130.646963727835, 1109.0501294215792, 1061.7094672560052, 1016.5433723187743]
MPSLGP task 0 best fitness of generation Fitness: [5268.112622786139 1130.646963727835]
MPSLGP task 1 best fitness of generation Fitness: [5940.60871347331 1016.5433723187743]
2
duration: 109.0
Generation 16 elapsed 109.0 seconds.
Generation 17
Preselection cleared number: 1692
MPSLGP task-balanced survival counts: [task 0=500, task 1=500]
Subpop 0 reduced 5000 -> 1000
ideal points: [4866.651585149108, 1588.1909838225038]
nadir points: [9194.243196486088, 2268.518611736552]
max objectives: [32239.155381734483, 13348.06579316745]
min objectives: [5407.390650165675, 1764.6566486916709]
HVOfIntermedidatePopPSL: DoubleSummaryStatistics{count=1000, sum=813.789076, min=0.000000, average=0.813789, max=0.955701}
preferenceDiversityPopAll: DoubleSummaryStatistics{count=1000, sum=3.153368, min=0.000000, average=0.003153, max=0.066593}
Genotype diversity: 1.0
Entropy diversity: 6.875163810462556
PC diversity: 0.966
MPSLGP top 5 HV by task at generation 17:
  Task 0: #1 ind=0 HV=0.9557010742545384; #2 ind=1 HV=0.9508801723374929; #3 ind=2 HV=0.9494359157273772; #4 ind=3 HV=0.9476464578867301; #5 ind=5 HV=0.9455462249250703
  Task 1: #1 ind=4 HV=0.947178745816332; #2 ind=10 HV=0.9425732800178123; #3 ind=128 HV=0.9423562614748585; #4 ind=12 HV=0.9388588947429988; #5 ind=249 HV=0.938725925796787

Pareto Front of Subpopulation 17
Objective 0: [5407.390650165675, 5742.987358080805, 6044.601686370035, 6066.897168040567, 6357.105349416612, 6452.910218422767, 7225.277405187255, 7591.887389287876, 8937.94390718767, 9194.243196486088]
Objective 1: [2268.518611736552, 2221.4260935108614, 2122.255273337316, 2052.0021827383025, 1945.433950371138, 1928.899063706529, 1919.651445967611, 1818.8575618801551, 1782.098751979298, 1764.6566486916709]
MPSLGP task 0 best fitness of generation Fitness: [5407.390650165675 2268.518611736552]
MPSLGP task 1 best fitness of generation Fitness: [6452.910218422767 1928.899063706529]
2
duration: 113.0
Generation 17 elapsed 113.0 seconds.
Generation 18
Preselection cleared number: 1714
MPSLGP task-balanced survival counts: [task 0=500, task 1=500]
Subpop 0 reduced 5000 -> 1000
ideal points: [4579.040151073068, 1013.6759851071693]
nadir points: [6858.971653678338, 1603.6133417215315]
max objectives: [20556.865771775832, 6349.8354697691975]
min objectives: [5087.822390081186, 1126.306650119077]
HVOfIntermedidatePopPSL: DoubleSummaryStatistics{count=1000, sum=740.606288, min=0.000000, average=0.740606, max=0.963295}
preferenceDiversityPopAll: DoubleSummaryStatistics{count=1000, sum=2.657899, min=0.000000, average=0.002658, max=0.070995}
Genotype diversity: 1.0
Entropy diversity: 6.891119746648815
PC diversity: 1.0
MPSLGP top 5 HV by task at generation 18:
  Task 0: #1 ind=37 HV=0.959903502873163; #2 ind=2 HV=0.9244008786315825; #3 ind=4 HV=0.9235503888426423; #4 ind=5 HV=0.9234993499472091; #5 ind=7 HV=0.9220959816318699
  Task 1: #1 ind=0 HV=0.963295374526851; #2 ind=1 HV=0.9283990450327729; #3 ind=3 HV=0.9237162408759417; #4 ind=6 HV=0.922459351383049; #5 ind=38 HV=0.920989297615215

Pareto Front of Subpopulation 18
Objective 0: [5087.822390081186, 5330.255078588147, 5390.708970904525, 5424.473494367092, 5463.00164389977, 5476.992906819098, 5587.665575833875, 5713.7453140498255, 5720.996304621338, 5869.701051368378, 5934.268576156581, 6318.925523677841, 6702.876322030672, 6789.128690362093, 6803.851421833388, 6858.971653678338]
Objective 1: [1603.6133417215315, 1511.871630131005, 1488.3549595071527, 1456.164634708868, 1407.508773659356, 1367.851789781882, 1356.286167570419, 1312.3142767215031, 1303.960018071375, 1262.2803357135854, 1231.5433826834778, 1202.439614340954, 1186.1652867746016, 1172.8932880465582, 1168.8655839543499, 1126.306650119077]
MPSLGP task 0 best fitness of generation Fitness: [5720.996304621338 1303.960018071375]
MPSLGP task 1 best fitness of generation Fitness: [6318.925523677841 1202.439614340954]
2
duration: 112.0
Generation 18 elapsed 112.0 seconds.
Generation 19
Preselection cleared number: 1564
MPSLGP task-balanced survival counts: [task 0=500, task 1=500]
Subpop 0 reduced 5000 -> 1000
ideal points: [4700.279537744948, 937.5205920089269]
nadir points: [6582.660302196688, 1865.7874634634718]
max objectives: [46644.37737856724, 18707.086857373244]
min objectives: [5222.532819716609, 1041.6895466765855]
HVOfIntermedidatePopPSL: DoubleSummaryStatistics{count=1000, sum=908.149407, min=0.000000, average=0.908149, max=0.988116}
preferenceDiversityPopAll: DoubleSummaryStatistics{count=1000, sum=2.254101, min=0.000000, average=0.002254, max=0.056708}
Genotype diversity: 1.0
Entropy diversity: 6.8730246429741335
PC diversity: 0.973
MPSLGP top 5 HV by task at generation 19:
  Task 0: #1 ind=0 HV=0.9881159032668951; #2 ind=1 HV=0.9878370897501073; #3 ind=8 HV=0.985774824978283; #4 ind=9 HV=0.9835093040234537; #5 ind=10 HV=0.9830832502144508
  Task 1: #1 ind=2 HV=0.9858006604714366; #2 ind=3 HV=0.9845250012692746; #3 ind=4 HV=0.9838235340138958; #4 ind=88 HV=0.9826997985369457; #5 ind=5 HV=0.9816075667295524

Pareto Front of Subpopulation 19
Objective 0: [5222.532819716609, 5288.841856065264, 5585.562701023824, 5614.505166659859, 5773.948965483112, 5799.70856725183, 6148.030099481926, 6582.660302196688]
Objective 1: [1865.7874634634718, 1213.8314500318083, 1154.2539641951444, 1152.982445711903, 1127.0109591587243, 1045.0216478371512, 1043.1220364154142, 1041.6895466765855]
2
duration: 114.0
MPSLGP task 0 best fitness of generation Fitness: [5288.841856065264 1213.8314500318083]
MPSLGP task 1 best fitness of generation Fitness: [5799.70856725183 1045.0216478371512]
Generation 19 elapsed 114.0 seconds.
Generation 20
Preselection cleared number: 1637
MPSLGP task-balanced survival counts: [task 0=500, task 1=500]
Subpop 0 reduced 5000 -> 1000
ideal points: [4635.777911126713, 932.4063804606761]
nadir points: [6489.195992210181, 2136.494429146289]
max objectives: [15348.422479245579, 8451.564182275542]
min objectives: [5150.864345696347, 1036.0070894007513]
HVOfIntermedidatePopPSL: DoubleSummaryStatistics{count=1000, sum=777.585353, min=0.000000, average=0.777585, max=0.972647}
preferenceDiversityPopAll: DoubleSummaryStatistics{count=1000, sum=2.403511, min=0.000000, average=0.002404, max=0.055564}
Genotype diversity: 1.0
Entropy diversity: 6.876550104823677
PC diversity: 0.973
MPSLGP top 5 HV by task at generation 20:
  Task 0: #1 ind=0 HV=0.9726470516843312; #2 ind=2 HV=0.9663411380277662; #3 ind=10 HV=0.9540545501628077; #4 ind=22 HV=0.9494776533499718; #5 ind=11 HV=0.9492210950094312
  Task 1: #1 ind=1 HV=0.9710906285291063; #2 ind=8 HV=0.9696492679952033; #3 ind=3 HV=0.962377980184741; #4 ind=9 HV=0.9587701555176695; #5 ind=21 HV=0.9509129296586287

Pareto Front of Subpopulation 20
Objective 0: [5150.864345696347, 5211.469428740209, 5303.741056253901, 5448.531898904941, 5484.548188525136, 5669.518381648464, 5733.144080762868, 6489.195992210181]
Objective 1: [2136.494429146289, 1205.6729560642852, 1173.2130335254187, 1147.7242566577042, 1128.963627836405, 1121.9978035658423, 1069.1636454662075, 1036.0070894007513]
MPSLGP task 0 best fitness of generation Fitness: [5448.531898904941 1147.7242566577042]
MPSLGP task 1 best fitness of generation Fitness: [5211.469428740209 1205.6729560642852]
2
duration: 114.0
Generation 20 elapsed 114.0 seconds.
Generation 21
Preselection cleared number: 1606
MPSLGP task-balanced survival counts: [task 0=500, task 1=500]
Subpop 0 reduced 5000 -> 1000
ideal points: [4627.43174058334, 852.6064031671821]
nadir points: [5800.106137946015, 1192.5983373083582]
max objectives: [19442.12796997954, 8887.613548583511]
min objectives: [5141.590822870377, 947.3404479635356]
HVOfIntermedidatePopPSL: DoubleSummaryStatistics{count=1000, sum=836.848056, min=0.000000, average=0.836848, max=0.978585}
preferenceDiversityPopAll: DoubleSummaryStatistics{count=1000, sum=2.604709, min=0.000000, average=0.002605, max=0.064212}
Genotype diversity: 1.0
Entropy diversity: 6.904982690260014
PC diversity: 0.964
MPSLGP top 5 HV by task at generation 21:
  Task 0: #1 ind=9 HV=0.9715612457021092; #2 ind=4 HV=0.9683692077601123; #3 ind=18 HV=0.9664629612606384; #4 ind=19 HV=0.9660734044484331; #5 ind=21 HV=0.9633960039986708
  Task 1: #1 ind=0 HV=0.9785847181928815; #2 ind=1 HV=0.9781541305206815; #3 ind=2 HV=0.9746654791782032; #4 ind=8 HV=0.9737424541020847; #5 ind=3 HV=0.9686971594976838

Pareto Front of Subpopulation 21
Objective 0: [5141.590822870377, 5192.032811645826, 5285.205097202095, 5367.810868390021, 5373.510981980071, 5635.929986144474, 5640.746953896596, 5800.106137946015]
Objective 1: [1192.5983373083582, 1088.3713041889278, 1065.4628426230192, 1064.7288769678707, 989.7038475469744, 987.4730250856373, 982.2598410081118, 947.3404479635356]
MPSLGP task 0 best fitness of generation Fitness: [5141.590822870377 1192.5983373083582]
MPSLGP task 1 best fitness of generation Fitness: [5192.032811645826 1088.3713041889278]
2
duration: 119.0
Generation 21 elapsed 119.0 seconds.
Generation 22
Preselection cleared number: 1525
MPSLGP task-balanced survival counts: [task 0=500, task 1=500]
Subpop 0 reduced 5000 -> 1000
ideal points: [4666.679526649474, 909.5834555800102]
nadir points: [6472.389409901109, 1396.5011670882668]
max objectives: [46216.920338406926, 11156.358564624767]
min objectives: [5185.199474054971, 1010.6482839777891]
HVOfIntermedidatePopPSL: DoubleSummaryStatistics{count=1000, sum=874.855202, min=0.000000, average=0.874855, max=0.981102}
preferenceDiversityPopAll: DoubleSummaryStatistics{count=1000, sum=3.043006, min=0.000000, average=0.003043, max=0.068461}
Genotype diversity: 1.0
Entropy diversity: 6.885207669063988
PC diversity: 0.972
MPSLGP top 5 HV by task at generation 22:
  Task 0: #1 ind=2 HV=0.9756187302269462; #2 ind=15 HV=0.9753021481393488; #3 ind=4 HV=0.9749519518299798; #4 ind=16 HV=0.9744501317139433; #5 ind=17 HV=0.9741325878300566
  Task 1: #1 ind=0 HV=0.9811023828318521; #2 ind=1 HV=0.9791793793301345; #3 ind=3 HV=0.9752400042847044; #4 ind=5 HV=0.974632827736807; #5 ind=18 HV=0.9724433804337201

Pareto Front of Subpopulation 22
Objective 0: [5185.199474054971, 5244.341559051769, 5275.093553535116, 5312.560298285505, 5467.474362104433, 5508.908401916968, 5536.802440487954, 5589.044378575287, 5602.720507843944, 5694.440032242506, 6082.031092392164, 6082.747928194876, 6209.672685396159, 6461.463174502831, 6472.389409901109]
Objective 1: [1396.5011670882668, 1356.862035417682, 1262.3527264104196, 1259.3525925590802, 1219.0065621743706, 1212.9037979963614, 1209.9949201753043, 1153.8131852799415, 1147.7672858425503, 1074.8286962181446, 1063.740730174104, 1039.8624698902422, 1013.5635426283989, 1012.8750166706886, 1010.6482839777891]
MPSLGP task 0 best fitness of generation Fitness: [5602.720507843944 1147.7672858425503]
MPSLGP task 1 best fitness of generation Fitness: [5694.440032242506 1074.8286962181446]
2
duration: 121.0
Generation 22 elapsed 121.0 seconds.
Generation 23
Preselection cleared number: 1754
MPSLGP task-balanced survival counts: [task 0=500, task 1=500]
Subpop 0 reduced 5000 -> 1000
ideal points: [4579.078120800649, 851.5605827865613]
nadir points: [6311.4410566449515, 1311.3043472718855]
max objectives: [34207.50123374845, 10372.47128677617]
min objectives: [5087.864578667388, 946.1784253184014]
HVOfIntermedidatePopPSL: DoubleSummaryStatistics{count=1000, sum=855.228620, min=0.000000, average=0.855229, max=0.984754}
preferenceDiversityPopAll: DoubleSummaryStatistics{count=1000, sum=2.811327, min=0.000000, average=0.002811, max=0.088110}
Genotype diversity: 1.0
Entropy diversity: 6.8245107946383055
PC diversity: 0.964
MPSLGP top 5 HV by task at generation 23:
  Task 0: #1 ind=0 HV=0.9847542495704478; #2 ind=1 HV=0.9827752053167655; #3 ind=2 HV=0.9826012240230952; #4 ind=3 HV=0.9821285657544179; #5 ind=4 HV=0.9815870575662701
  Task 1: #1 ind=9 HV=0.9808346360244115; #2 ind=11 HV=0.9773859893688868; #3 ind=14 HV=0.9748100288389804; #4 ind=6 HV=0.9740837388094545; #5 ind=22 HV=0.9738435389705572

Pareto Front of Subpopulation 23
Objective 0: [5087.864578667388, 5095.94890206866, 5287.374868773419, 5288.541628856969, 5344.780776764179, 5522.837839954649, 5548.466650865768, 6070.438442377781, 6311.4410566449515]
Objective 1: [1311.3043472718855, 1080.865982558782, 1068.7989713754941, 1040.7221786195587, 1022.1792711107701, 972.9424058540608, 968.4112884584465, 959.6694197124598, 946.1784253184014]
MPSLGP task 0 best fitness of generation Fitness: [5095.94890206866 1080.865982558782]
MPSLGP task 1 best fitness of generation Fitness: [6311.4410566449515 946.1784253184014]
2
duration: 119.0
Generation 23 elapsed 119.0 seconds.
Generation 24
Preselection cleared number: 1646
MPSLGP task-balanced survival counts: [task 0=500, task 1=500]
Subpop 0 reduced 5000 -> 1000
ideal points: [5040.152271226744, 1210.4575437630745]
nadir points: [7876.454883420607, 3609.5029316382715]
max objectives: [56750.94917412655, 13949.231754271066]
min objectives: [5600.169190251938, 1344.952826403416]
HVOfIntermedidatePopPSL: DoubleSummaryStatistics{count=1000, sum=892.867511, min=0.000000, average=0.892868, max=0.977132}
preferenceDiversityPopAll: DoubleSummaryStatistics{count=1000, sum=4.831305, min=0.000000, average=0.004831, max=0.057852}
Genotype diversity: 1.0
Entropy diversity: 6.892747613577748
PC diversity: 0.988
MPSLGP top 5 HV by task at generation 24:
  Task 0: #1 ind=0 HV=0.977132405719904; #2 ind=1 HV=0.9770732364799928; #3 ind=2 HV=0.9747772192623003; #4 ind=4 HV=0.9740150988828896; #5 ind=17 HV=0.9714214175541341
  Task 1: #1 ind=3 HV=0.974185566801091; #2 ind=5 HV=0.9713710215483096; #3 ind=18 HV=0.9700362385285082; #4 ind=20 HV=0.9684106595601469; #5 ind=21 HV=0.9669809324819808

Pareto Front of Subpopulation 24
Objective 0: [5600.169190251938, 5645.76784505113, 5682.338865545054, 5719.401927474304, 5893.4286862523295, 5972.969133347797, 6233.1408419708605, 6281.936988469446, 6712.374682811671, 6848.1665742216865, 6898.613520321378, 6994.107123737223, 7145.523119658232, 7314.363158807042, 7652.189686096797, 7819.909113486996, 7876.454883420607]
Objective 1: [3609.5029316382715, 1925.6933243785606, 1888.0312785081624, 1631.7725482681126, 1598.0842534484473, 1575.007734886036, 1545.5997347725643, 1535.5745918688335, 1499.1373724841542, 1495.700934767956, 1472.6265155525762, 1402.4563553206972, 1389.4331757347027, 1378.3608159261348, 1376.0275121899176, 1365.6858054607, 1344.952826403416]
MPSLGP task 0 best fitness of generation Fitness: [5972.969133347797 1575.007734886036]
MPSLGP task 1 best fitness of generation Fitness: [7876.454883420607 1344.952826403416]
2
duration: 127.0
Generation 24 elapsed 127.0 seconds.
Generation 25
Preselection cleared number: 1476
MPSLGP task-balanced survival counts: [task 0=500, task 1=500]
Subpop 0 reduced 5000 -> 1000
ideal points: [4807.839917082572, 1081.3603755604768]
nadir points: [7252.279076046369, 1481.632902046942]
max objectives: [20270.283639624715, 18292.440020283015]
min objectives: [5342.044352313969, 1201.5115284005296]
HVOfIntermedidatePopPSL: DoubleSummaryStatistics{count=1000, sum=843.132586, min=0.000000, average=0.843133, max=0.983487}
preferenceDiversityPopAll: DoubleSummaryStatistics{count=1000, sum=4.839233, min=0.000000, average=0.004839, max=0.079917}
Genotype diversity: 1.0
Entropy diversity: 6.90445944211625
PC diversity: 0.973
MPSLGP top 5 HV by task at generation 25:
  Task 0: #1 ind=24 HV=0.9785423681721841; #2 ind=8 HV=0.9735834129729067; #3 ind=10 HV=0.9659122644351046; #4 ind=26 HV=0.9648751627162917; #5 ind=2 HV=0.9644683764078573
  Task 1: #1 ind=0 HV=0.983487475669412; #2 ind=1 HV=0.9737291783614898; #3 ind=9 HV=0.9730929158147524; #4 ind=25 HV=0.9653577941006427; #5 ind=11 HV=0.9642976574746979

Pareto Front of Subpopulation 25
Objective 0: [5342.044352313969, 5526.478362471156, 5667.345038852945, 5757.540356515237, 5979.3068357183365, 5986.604594953067, 6733.011358878284, 7252.279076046369]
Objective 1: [1481.632902046942, 1438.152954460209, 1433.2805403154343, 1403.72856964721, 1380.3432478596806, 1241.3481294734956, 1210.2383507077757, 1201.5115284005296]
MPSLGP task 0 best fitness of generation Fitness: [5667.345038852945 1433.2805403154343]
MPSLGP task 1 best fitness of generation Fitness: [5342.044352313969 1481.632902046942]
2
duration: 129.0
Generation 25 elapsed 129.0 seconds.
Generation 26
Preselection cleared number: 1503
MPSLGP task-balanced survival counts: [task 0=500, task 1=500]
Subpop 0 reduced 5000 -> 1000
ideal points: [4600.056463268056, 846.3952913563335]
nadir points: [6214.758067793096, 1405.4856480929884]
max objectives: [26953.548416295438, 8368.667474807939]
min objectives: [5111.173848075618, 940.4392126181483]
HVOfIntermedidatePopPSL: DoubleSummaryStatistics{count=1000, sum=844.352195, min=0.000000, average=0.844352, max=0.977695}
preferenceDiversityPopAll: DoubleSummaryStatistics{count=1000, sum=4.179874, min=0.000000, average=0.004180, max=0.063660}
Genotype diversity: 1.0
Entropy diversity: 6.871638348613013
PC diversity: 0.953
MPSLGP top 5 HV by task at generation 26:
  Task 0: #1 ind=0 HV=0.9776949096485108; #2 ind=1 HV=0.9729424388345363; #3 ind=2 HV=0.9706863543518067; #4 ind=13 HV=0.9660868220995489; #5 ind=4 HV=0.9647599555818784
  Task 1: #1 ind=30 HV=0.9714256177110282; #2 ind=51 HV=0.9711766200864401; #3 ind=3 HV=0.9685107355546504; #4 ind=12 HV=0.9675657817887175; #5 ind=14 HV=0.9652329708987397

Pareto Front of Subpopulation 26
Objective 0: [5111.173848075618, 5131.369998842012, 5191.152266783902, 5194.633926984039, 5269.26451385743, 5478.217494681128, 5585.327135468891, 5620.546699976141, 5631.841344073124, 5841.531530796085, 6154.398883138259, 6214.758067793096]
Objective 1: [1405.4856480929884, 1255.0591699646611, 1228.607298324976, 1107.2846569393732, 1051.8762934143888, 1046.188819987583, 1043.3268897079688, 1023.2715625976853, 979.4729631217342, 958.1242283197353, 941.7972613165912, 940.4392126181483]
MPSLGP task 0 best fitness of generation Fitness: [5269.26451385743 1051.8762934143888]
MPSLGP task 1 best fitness of generation Fitness: [5478.217494681128 1046.188819987583]
2
duration: 130.0
Generation 26 elapsed 130.0 seconds.
Generation 27
Preselection cleared number: 1546
MPSLGP task-balanced survival counts: [task 0=500, task 1=500]
Subpop 0 reduced 5000 -> 1000
ideal points: [4929.982998708438, 1145.3364735795265]
nadir points: [7546.541515323741, 2059.6410681552734]
max objectives: [49103.52751287041, 11924.364773367]
min objectives: [5477.75888745382, 1272.5960817550294]
HVOfIntermedidatePopPSL: DoubleSummaryStatistics{count=1000, sum=852.365133, min=0.000000, average=0.852365, max=0.968008}
preferenceDiversityPopAll: DoubleSummaryStatistics{count=1000, sum=3.589647, min=0.000000, average=0.003590, max=0.056682}
Genotype diversity: 1.0
Entropy diversity: 6.805719357532386
PC diversity: 0.975
MPSLGP top 5 HV by task at generation 27:
  Task 0: #1 ind=1 HV=0.9676216585043317; #2 ind=18 HV=0.9657711969103021; #3 ind=3 HV=0.9654788105434792; #4 ind=4 HV=0.9637048707663617; #5 ind=71 HV=0.9626188898511426
  Task 1: #1 ind=0 HV=0.9680077564562718; #2 ind=2 HV=0.9668925493654383; #3 ind=17 HV=0.9659623034546301; #4 ind=5 HV=0.9632233923939023; #5 ind=7 HV=0.961910083422335

Pareto Front of Subpopulation 27
Objective 0: [5477.75888745382, 5524.360949766589, 5620.946814705851, 5714.273556809174, 5788.912753403361, 5894.982900261239, 6111.969252924668, 6113.2819357097615, 6149.427991356119, 6219.7264479316655, 6401.467140158784, 6429.9636696378, 6443.051671635243, 6780.065903918177, 7066.185155183048, 7449.901302938466, 7546.541515323741]
Objective 1: [2059.6410681552734, 1719.9639868779777, 1614.186576505468, 1604.9237819970585, 1533.9567978387931, 1529.1473783899128, 1526.1550238587297, 1506.877567381387, 1494.565911896978, 1490.7960908703026, 1450.9309137639502, 1444.6090414827195, 1378.8436598469561, 1343.243662918525, 1318.0809899870728, 1300.2712546025286, 1272.5960817550294]
2
duration: 129.0
MPSLGP task 0 best fitness of generation Fitness: [5788.912753403361 1533.9567978387931]
MPSLGP task 1 best fitness of generation Fitness: [6443.051671635243 1378.8436598469561]
Generation 27 elapsed 129.0 seconds.
Generation 28
Preselection cleared number: 1425
MPSLGP task-balanced survival counts: [task 0=500, task 1=500]
Subpop 0 reduced 5000 -> 1000
ideal points: [4483.290734925389, 786.2814504969792]
nadir points: [6128.87427528674, 1209.8057611153345]
max objectives: [38976.58348659065, 35153.45632218396]
min objectives: [4981.434149917099, 873.6460561077547]
HVOfIntermedidatePopPSL: DoubleSummaryStatistics{count=1000, sum=911.138150, min=0.000000, average=0.911138, max=0.992470}
preferenceDiversityPopAll: DoubleSummaryStatistics{count=1000, sum=4.202346, min=0.000000, average=0.004202, max=0.065910}
Genotype diversity: 1.0
Entropy diversity: 6.805719357532386
PC diversity: 0.949
MPSLGP top 5 HV by task at generation 28:
  Task 0: #1 ind=13 HV=0.9903012333935008; #2 ind=4 HV=0.9880111411905562; #3 ind=14 HV=0.9874861871297845; #4 ind=6 HV=0.9873957725722076; #5 ind=15 HV=0.9865908469664354
  Task 1: #1 ind=12 HV=0.9924699409213803; #2 ind=0 HV=0.9895988435187965; #3 ind=1 HV=0.9895591663462896; #4 ind=2 HV=0.9883644841164647; #5 ind=3 HV=0.988342672186938

Pareto Front of Subpopulation 28
Objective 0: [4981.434149917099, 5127.227562245273, 5170.685650029394, 5200.406508784741, 5264.23479045619, 5266.250406788662, 5301.153362421435, 5467.634289462061, 5524.18599978165, 5666.538392474351, 5800.624069776153, 6128.87427528674]
Objective 1: [1209.8057611153345, 1072.1694285008634, 1066.9606244551542, 1051.151870116475, 1013.8319328806392, 983.0256154402014, 964.8393892463064, 950.9843685835804, 930.5090040604409, 923.6596506600908, 892.438949624855, 873.6460561077547]
MPSLGP task 0 best fitness of generation Fitness: [5200.406508784741 1051.151870116475]
MPSLGP task 1 best fitness of generation Fitness: [5127.227562245273 1072.1694285008634]
2
duration: 127.0
Generation 28 elapsed 127.0 seconds.
Generation 29
Preselection cleared number: 1520
MPSLGP task-balanced survival counts: [task 0=500, task 1=500]
Subpop 0 reduced 5000 -> 1000
ideal points: [4663.3224884385945, 1088.9954594516487]
nadir points: [7202.440525651677, 3568.232395772444]
max objectives: [38641.79734349088, 11933.541144929914]
min objectives: [5181.469431598438, 1209.9949549462763]
HVOfIntermedidatePopPSL: DoubleSummaryStatistics{count=1000, sum=858.330094, min=0.000000, average=0.858330, max=0.981014}
preferenceDiversityPopAll: DoubleSummaryStatistics{count=1000, sum=2.821354, min=0.000000, average=0.002821, max=0.075482}
Genotype diversity: 1.0
Entropy diversity: 6.884729428052313
PC diversity: 0.969
MPSLGP top 5 HV by task at generation 29:
  Task 0: #1 ind=18 HV=0.9675140350458178; #2 ind=0 HV=0.9647334630658099; #3 ind=3 HV=0.9637462498501911; #4 ind=5 HV=0.9632342905252654; #5 ind=7 HV=0.9631385664106694
  Task 1: #1 ind=38 HV=0.9810140923086925; #2 ind=39 HV=0.9652007852666629; #3 ind=1 HV=0.9646299296629198; #4 ind=2 HV=0.9640071594555707; #5 ind=19 HV=0.9638597068331755

Pareto Front of Subpopulation 29
Objective 0: [5181.469431598438, 5267.557255803549, 5380.918332845089, 5393.208556102589, 5407.708845686982, 5479.2925520413555, 5544.262298699352, 5575.971108138096, 5585.920287939603, 5757.955995552009, 5862.608095569303, 5908.47366625641, 5985.124807672459, 6106.303303650697, 6285.471926424885, 6466.7474258648, 6611.68430518941, 7202.440525651677]
Objective 1: [3568.232395772444, 1953.6383468834974, 1941.9343041349202, 1617.9652149415633, 1516.4999211698014, 1508.984228578105, 1472.121809244767, 1469.8030590203125, 1461.9170069558022, 1414.63458259459, 1385.0506519933697, 1367.9300098179374, 1352.2437442583614, 1304.852333339688, 1294.5143181705498, 1249.8719151861442, 1223.2857935529319, 1209.9949549462763]
2
duration: 130.0
MPSLGP task 0 best fitness of generation Fitness: [5407.708845686982 1516.4999211698014]
MPSLGP task 1 best fitness of generation Fitness: [5544.262298699352 1472.121809244767]
Generation 29 elapsed 130.0 seconds.
Generation 30
Preselection cleared number: 1459
MPSLGP task-balanced survival counts: [task 0=500, task 1=500]
Subpop 0 reduced 5000 -> 1000
ideal points: [4563.4309883633105, 917.743366743793]
nadir points: [6704.302189084236, 1646.4025510408683]
max objectives: [34991.89583689987, 9851.677910291495]
min objectives: [5070.478875959234, 1019.7148519375478]
HVOfIntermedidatePopPSL: DoubleSummaryStatistics{count=1000, sum=859.708098, min=0.000000, average=0.859708, max=0.979323}
preferenceDiversityPopAll: DoubleSummaryStatistics{count=1000, sum=3.350576, min=0.000000, average=0.003351, max=0.066896}
Genotype diversity: 1.0
Entropy diversity: 6.8633938594264166
PC diversity: 0.963
MPSLGP top 5 HV by task at generation 30:
  Task 0: #1 ind=15 HV=0.979322889405282; #2 ind=2 HV=0.9715884461002582; #3 ind=3 HV=0.9699040550458745; #4 ind=33 HV=0.9670399257120169; #5 ind=20 HV=0.9621612623799721
  Task 1: #1 ind=0 HV=0.9724486838936983; #2 ind=1 HV=0.972098242938803; #3 ind=16 HV=0.9700655165440187; #4 ind=4 HV=0.9698081090750279; #5 ind=17 HV=0.9686249720734069

Pareto Front of Subpopulation 30
Objective 0: [5070.478875959234, 5156.680005854927, 5157.654871408304, 5214.15134538585, 5242.095484907972, 5269.426488167199, 5324.185219769017, 5480.162124786293, 5543.017722151941, 5613.899128757184, 5832.170311593567, 6037.731248271186, 6259.6692560537485, 6473.0126881649485, 6704.302189084236]
Objective 1: [1646.4025510408683, 1495.333317936631, 1347.6104462649091, 1326.9064484504343, 1315.882912109315, 1211.96441248653, 1208.150780330645, 1138.1481623864674, 1136.7491455729178, 1091.4949726068007, 1085.1850613454226, 1075.8752304616792, 1042.263582988322, 1028.092766860209, 1019.7148519375478]
MPSLGP task 0 best fitness of generation Fitness: [5269.426488167199 1211.96441248653]
MPSLGP task 1 best fitness of generation Fitness: [5613.899128757184 1091.4949726068007]
2
duration: 129.0
Generation 30 elapsed 129.0 seconds.
Generation 31
Preselection cleared number: 1415
MPSLGP task-balanced survival counts: [task 0=500, task 1=500]
Subpop 0 reduced 5000 -> 1000
ideal points: [4677.4944826207475, 946.1614025367817]
nadir points: [6133.218042842869, 1395.5647305421262]
max objectives: [17750.545524865956, 10788.47949353946]
min objectives: [5197.21609180083, 1051.2904472630908]
HVOfIntermedidatePopPSL: DoubleSummaryStatistics{count=1000, sum=833.193501, min=0.000000, average=0.833194, max=0.980000}
preferenceDiversityPopAll: DoubleSummaryStatistics{count=1000, sum=3.238782, min=0.000000, average=0.003239, max=0.072539}
Genotype diversity: 1.0
Entropy diversity: 6.8606212707041765
PC diversity: 0.946
MPSLGP top 5 HV by task at generation 31:
  Task 0: #1 ind=14 HV=0.9714119928607681; #2 ind=2 HV=0.9702519812014969; #3 ind=15 HV=0.970065530652217; #4 ind=3 HV=0.9697721165108091; #5 ind=17 HV=0.9683074335902977
  Task 1: #1 ind=13 HV=0.9800002001503932; #2 ind=0 HV=0.9778398327580073; #3 ind=1 HV=0.9743469457255163; #4 ind=16 HV=0.9690374318659746; #5 ind=4 HV=0.9686556775091817

Pareto Front of Subpopulation 31
Objective 0: [5197.21609180083, 5206.509318231139, 5213.572910692485, 5229.580855612992, 5243.337434354995, 5307.985069054295, 5388.123027504946, 5438.988565053791, 5457.757308422064, 5575.943872960401, 5800.525623460417, 5921.802366966847, 6133.218042842869]
Objective 1: [1395.5647305421262, 1359.2940414000514, 1351.8660511327798, 1317.8228188428875, 1230.2357566483552, 1206.284305211986, 1182.994159550959, 1169.0266522658894, 1141.0165213440305, 1139.2484483206135, 1120.2907073440401, 1108.9168176947642, 1051.2904472630908]
2
duration: 134.0
MPSLGP task 0 best fitness of generation Fitness: [5388.123027504946 1182.994159550959]
MPSLGP task 1 best fitness of generation Fitness: [5243.337434354995 1230.2357566483552]
Generation 31 elapsed 134.0 seconds.
Generation 32
Preselection cleared number: 1544
MPSLGP task-balanced survival counts: [task 0=500, task 1=500]
Subpop 0 reduced 5000 -> 1000
ideal points: [4737.1622895241135, 1016.6182781625423]
nadir points: [6773.66673333192, 2072.6486403162125]
max objectives: [19332.741933161742, 7415.109109426805]
min objectives: [5263.513655026793, 1129.575864625047]
HVOfIntermedidatePopPSL: DoubleSummaryStatistics{count=1000, sum=784.569600, min=0.000000, average=0.784570, max=0.965468}
preferenceDiversityPopAll: DoubleSummaryStatistics{count=1000, sum=2.767151, min=0.000000, average=0.002767, max=0.054083}
Genotype diversity: 1.0
Entropy diversity: 6.883343133691193
PC diversity: 0.947
MPSLGP top 5 HV by task at generation 32:
  Task 0: #1 ind=2 HV=0.952964245043315; #2 ind=16 HV=0.9452205528941564; #3 ind=17 HV=0.9449964016594293; #4 ind=21 HV=0.9362840593772247; #5 ind=37 HV=0.9360655204718352
  Task 1: #1 ind=0 HV=0.9654676267268126; #2 ind=1 HV=0.9611964915284472; #3 ind=14 HV=0.947347393055713; #4 ind=15 HV=0.9472723758163657; #5 ind=139 HV=0.9460263852774659

Pareto Front of Subpopulation 32
Objective 0: [5263.513655026793, 5311.255106269673, 5338.265858854633, 5453.914826318971, 5467.675983594498, 5486.50294439937, 5487.553175767302, 5507.579114625696, 5659.517942989594, 5910.441057424643, 6136.9281407293165, 6353.782977865369, 6660.0929246782325, 6773.66673333192]
Objective 1: [2072.6486403162125, 1520.7017371371912, 1486.7470696024538, 1432.4894066128181, 1423.8241836460948, 1405.0409650375368, 1400.8236085638346, 1309.9154634196311, 1190.0521119556506, 1186.8810633059475, 1168.9981583136541, 1150.6182812903717, 1142.421587785444, 1129.575864625047]
2
duration: 134.0
MPSLGP task 0 best fitness of generation Fitness: [5507.579114625696 1309.9154634196311]
MPSLGP task 1 best fitness of generation Fitness: [5487.553175767302 1400.8236085638346]
Generation 32 elapsed 134.0 seconds.
Generation 33
Preselection cleared number: 1522
MPSLGP task-balanced survival counts: [task 0=500, task 1=500]
Subpop 0 reduced 5000 -> 1000
ideal points: [4602.540071244803, 1003.4163503310687]
nadir points: [6820.257227367372, 1488.6446938218942]
max objectives: [57760.788628898445, 14332.132978732545]
min objectives: [5113.933412494225, 1114.9070559234096]
HVOfIntermedidatePopPSL: DoubleSummaryStatistics{count=1000, sum=894.148276, min=0.000000, average=0.894148, max=0.992559}
preferenceDiversityPopAll: DoubleSummaryStatistics{count=1000, sum=2.221245, min=0.000000, average=0.002221, max=0.058462}
Genotype diversity: 1.0
Entropy diversity: 6.8633938594264166
PC diversity: 0.951
MPSLGP top 5 HV by task at generation 33:
  Task 0: #1 ind=39 HV=0.9925588868014884; #2 ind=76 HV=0.9815639330639541; #3 ind=22 HV=0.9794605653696207; #4 ind=54 HV=0.9790599313658906; #5 ind=9 HV=0.9780285634083749
  Task 1: #1 ind=0 HV=0.9863379878491702; #2 ind=20 HV=0.9863107459026039; #3 ind=1 HV=0.9849885496109334; #4 ind=2 HV=0.9844804828853314; #5 ind=3 HV=0.9839509815826979

Pareto Front of Subpopulation 33
Objective 0: [5113.933412494225, 5122.821671840968, 5123.871495294268, 5192.707850071223, 5269.052038895723, 5318.935352778819, 5354.2604720976815, 5437.724432841525, 5441.590060213726, 5519.986827542307, 5575.001355172775, 5597.130285361243, 5917.476494672592, 5968.207231883702, 6204.667031770194, 6204.828546036733, 6304.4471323815815, 6385.129497262518, 6594.738794132427, 6820.257227367372]
Objective 1: [1488.6446938218942, 1487.1549282676206, 1464.408963584814, 1451.5127849172568, 1347.7820741925316, 1308.5540696154349, 1275.6431971594357, 1266.627765582969, 1262.5837026331137, 1233.0013447009333, 1232.0991922877947, 1188.3880305930797, 1180.372549843596, 1175.733443327168, 1169.986215301884, 1163.9229061866135, 1139.2360500984287, 1131.118540885087, 1127.5160932584404, 1114.9070559234096]
2
duration: 132.0
MPSLGP task 0 best fitness of generation Fitness: [5269.052038895723 1347.7820741925316]
MPSLGP task 1 best fitness of generation Fitness: [5519.986827542307 1233.0013447009333]
Generation 33 elapsed 132.0 seconds.
Generation 34
Preselection cleared number: 1496
MPSLGP task-balanced survival counts: [task 0=500, task 1=500]
Subpop 0 reduced 5000 -> 1000
ideal points: [4648.861167437676, 925.993053536462]
nadir points: [6349.748530612735, 1221.581809912459]
max objectives: [31181.40961963823, 11458.27480976822]
min objectives: [5165.401297152974, 1028.8811705960688]
HVOfIntermedidatePopPSL: DoubleSummaryStatistics{count=1000, sum=869.489866, min=0.000000, average=0.869490, max=0.988749}
preferenceDiversityPopAll: DoubleSummaryStatistics{count=1000, sum=1.486782, min=0.000000, average=0.001487, max=0.078020}
Genotype diversity: 1.0
Entropy diversity: 6.894133907938867
PC diversity: 0.975
MPSLGP top 5 HV by task at generation 34:
  Task 0: #1 ind=0 HV=0.988749108206541; #2 ind=1 HV=0.9850439602444059; #3 ind=5 HV=0.98209197803632; #4 ind=2 HV=0.9786284094215287; #5 ind=44 HV=0.9731018905202006
  Task 1: #1 ind=3 HV=0.9726671097926209; #2 ind=45 HV=0.9724553069423236; #3 ind=6 HV=0.9718501479649372; #4 ind=7 HV=0.9714163187445803; #5 ind=8 HV=0.9709281913453116

Pareto Front of Subpopulation 34
Objective 0: [5165.401297152974, 5356.726860922703, 5606.075217809062, 5660.026087235368, 6349.748530612735]
Objective 1: [1221.581809912459, 1173.4293508375267, 1135.0490136872831, 1054.349240249052, 1028.8811705960688]
2
duration: 142.0
MPSLGP task 0 best fitness of generation Fitness: [5660.026087235368 1054.349240249052]
MPSLGP task 1 best fitness of generation Fitness: [5606.075217809062 1135.0490136872831]
Generation 34 elapsed 142.0 seconds.
Generation 35
Preselection cleared number: 1613
MPSLGP task-balanced survival counts: [task 0=500, task 1=500]
Subpop 0 reduced 5000 -> 1000
ideal points: [4547.061314324756, 779.9279706140326]
nadir points: [5879.695183856267, 1067.454270454764]
max objectives: [21983.261336814438, 7440.343193379958]
min objectives: [5052.290349249728, 866.5866340155917]
HVOfIntermedidatePopPSL: DoubleSummaryStatistics{count=1000, sum=790.070585, min=0.000000, average=0.790071, max=0.972024}
preferenceDiversityPopAll: DoubleSummaryStatistics{count=1000, sum=2.019461, min=0.000000, average=0.002019, max=0.077992}
Genotype diversity: 1.0
Entropy diversity: 6.84382030779006
PC diversity: 1.0
MPSLGP top 5 HV by task at generation 35:
  Task 0: #1 ind=0 HV=0.9720244845387551; #2 ind=2 HV=0.9678781362398524; #3 ind=3 HV=0.967777127666265; #4 ind=10 HV=0.9613516755396816; #5 ind=11 HV=0.9611601382957132
  Task 1: #1 ind=1 HV=0.9683661875860955; #2 ind=39 HV=0.9661758004400934; #3 ind=4 HV=0.9616661223702052; #4 ind=12 HV=0.9606485267349809; #5 ind=5 HV=0.9601163064856612

Pareto Front of Subpopulation 35
Objective 0: [5052.290349249728, 5238.145416053478, 5257.227488218807, 5272.153735099011, 5300.232048098987, 5335.3860163918, 5340.984457620478, 5356.195155313064, 5442.76881444396, 5879.695183856267]
Objective 1: [1067.454270454764, 1066.9054697231477, 1048.9452900824108, 1030.1213061443123, 1028.360689050678, 1017.7643659587629, 958.6334156284211, 950.6739015095518, 912.0278896593227, 866.5866340155917]
MPSLGP task 0 best fitness of generation Fitness: [5052.290349249728 1067.454270454764]
MPSLGP task 1 best fitness of generation Fitness: [5442.76881444396 912.0278896593227]
2
duration: 143.0
Generation 35 elapsed 143.0 seconds.
Generation 36
Preselection cleared number: 1594
MPSLGP task-balanced survival counts: [task 0=500, task 1=500]
Subpop 0 reduced 5000 -> 1000
ideal points: [4670.550046266219, 990.9070624438945]
nadir points: [7025.028572059411, 2098.6254255556996]
max objectives: [52851.16595888784, 19488.032247162264]
min objectives: [5189.500051406911, 1101.0078471598827]
HVOfIntermedidatePopPSL: DoubleSummaryStatistics{count=1000, sum=908.173372, min=0.000000, average=0.908173, max=0.987718}
preferenceDiversityPopAll: DoubleSummaryStatistics{count=1000, sum=2.409241, min=0.000000, average=0.002409, max=0.059232}
Genotype diversity: 1.0
Entropy diversity: 6.8730246429741335
PC diversity: 1.0
MPSLGP top 5 HV by task at generation 36:
  Task 0: #1 ind=0 HV=0.9877181495318266; #2 ind=3 HV=0.9858622760577013; #3 ind=4 HV=0.9842691994021163; #4 ind=13 HV=0.9835119902780417; #5 ind=15 HV=0.982685526034106
  Task 1: #1 ind=65 HV=0.987302498378387; #2 ind=12 HV=0.9872617114540027; #3 ind=1 HV=0.9863108140936215; #4 ind=2 HV=0.9860179786552411; #5 ind=42 HV=0.9851136310455962

Pareto Front of Subpopulation 36
Objective 0: [5189.500051406911, 5214.504922467982, 5261.103390435514, 5285.671145567088, 5386.5676043390995, 5562.211388604483, 5573.671740541875, 5685.5862099730875, 5828.135970948497, 6181.974318833207, 6776.951002064801, 7025.028572059411]
Objective 1: [2098.6254255556996, 1797.8210774286708, 1567.862154130853, 1348.24970241946, 1278.895000683653, 1276.677223120496, 1169.6494596792327, 1150.9717163734458, 1132.091230183476, 1126.2690484208433, 1114.6549913042982, 1101.0078471598827]
2
duration: 146.0
MPSLGP task 0 best fitness of generation Fitness: [5573.671740541875 1169.6494596792327]
MPSLGP task 1 best fitness of generation Fitness: [5685.5862099730875 1150.9717163734458]
Generation 36 elapsed 146.0 seconds.
Generation 37
Preselection cleared number: 1441
MPSLGP task-balanced survival counts: [task 0=500, task 1=500]
Subpop 0 reduced 5000 -> 1000
ideal points: [4698.2464409126615, 1098.1334972484153]
nadir points: [7389.502258925699, 1487.3536344968306]
max objectives: [47741.10041494679, 12546.835538617452]
min objectives: [5220.27382323629, 1220.148330276017]
HVOfIntermedidatePopPSL: DoubleSummaryStatistics{count=1000, sum=893.266599, min=0.000000, average=0.893267, max=0.985542}
preferenceDiversityPopAll: DoubleSummaryStatistics{count=1000, sum=2.879626, min=0.000000, average=0.002880, max=0.056294}
Genotype diversity: 1.0
Entropy diversity: 6.90445944211625
PC diversity: 1.0
MPSLGP top 5 HV by task at generation 37:
  Task 0: #1 ind=1 HV=0.9799306999511731; #2 ind=3 HV=0.9790156165815243; #3 ind=4 HV=0.9775427229013492; #4 ind=14 HV=0.9771874842615973; #5 ind=6 HV=0.9763021605050836
  Task 1: #1 ind=0 HV=0.9855423086424333; #2 ind=2 HV=0.9794440349987136; #3 ind=5 HV=0.9774131730343565; #4 ind=15 HV=0.9752284744353737; #5 ind=8 HV=0.9751286213703567

Pareto Front of Subpopulation 37
Objective 0: [5220.27382323629, 5344.079599824967, 5350.347830949817, 5524.927934678737, 5563.510699175211, 5596.186117448611, 5698.742687571561, 5710.308672646177, 5740.683585659717, 5928.860334430821, 6211.398361948784, 6381.130129644764, 6895.7807760523865, 7389.502258925699]
Objective 1: [1487.3536344968306, 1439.7394767384685, 1420.1309577421925, 1412.3564271780779, 1405.8454532352043, 1395.447680264624, 1378.5890479041554, 1313.693302082189, 1298.729859474348, 1275.8795648038795, 1267.6452133595594, 1251.4131600145483, 1244.5907762789284, 1220.148330276017]
2
duration: 149.0
MPSLGP task 0 best fitness of generation Fitness: [5740.683585659717 1298.729859474348]
MPSLGP task 1 best fitness of generation Fitness: [5596.186117448611 1395.447680264624]
Generation 37 elapsed 149.0 seconds.
Generation 38
Preselection cleared number: 1478
MPSLGP task-balanced survival counts: [task 0=500, task 1=500]
Subpop 0 reduced 5000 -> 1000
ideal points: [4880.430907534598, 1163.190457414156]
nadir points: [7614.834467604815, 1893.9641288705607]
max objectives: [30778.79630480724, 10010.286825868941]
min objectives: [5422.701008371776, 1292.4338415712846]
HVOfIntermedidatePopPSL: DoubleSummaryStatistics{count=1000, sum=851.261723, min=0.000000, average=0.851262, max=0.990615}
preferenceDiversityPopAll: DoubleSummaryStatistics{count=1000, sum=4.522567, min=0.000000, average=0.004523, max=0.068769}
Genotype diversity: 1.0
Entropy diversity: 6.8730246429741335
PC diversity: 1.0
MPSLGP top 5 HV by task at generation 38:
  Task 0: #1 ind=7 HV=0.9824969255048266; #2 ind=1 HV=0.9813495575063715; #3 ind=2 HV=0.9769456012150814; #4 ind=63 HV=0.9668827056237391; #5 ind=11 HV=0.9668335872680105
  Task 1: #1 ind=0 HV=0.9906153377391304; #2 ind=8 HV=0.9715369914046934; #3 ind=9 HV=0.9701973551653342; #4 ind=10 HV=0.9687349710988682; #5 ind=24 HV=0.9666436449431003

Pareto Front of Subpopulation 38
Objective 0: [5422.701008371776, 5441.770039554685, 5480.604596761463, 5548.093728321837, 5619.033556427399, 7190.893451541837, 7614.834467604815]
Objective 1: [1893.9641288705607, 1637.8744670626475, 1470.0415972039482, 1407.2668993946136, 1300.1692705512105, 1293.1805662300467, 1292.4338415712846]
MPSLGP task 0 best fitness of generation Fitness: [5548.093728321837 1407.2668993946136]
MPSLGP task 1 best fitness of generation Fitness: [5619.033556427399 1300.1692705512105]
2
duration: 150.0
Generation 38 elapsed 150.0 seconds.
Generation 39
Preselection cleared number: 1433
MPSLGP task-balanced survival counts: [task 0=500, task 1=500]
Subpop 0 reduced 5000 -> 1000
ideal points: [4577.902262592586, 939.1171821734293]
nadir points: [6524.705809429579, 1625.274290543559]
max objectives: [31034.824171830434, 7185.300946992793]
min objectives: [5086.558069547318, 1043.4635357482548]
HVOfIntermedidatePopPSL: DoubleSummaryStatistics{count=1000, sum=824.793142, min=0.000000, average=0.824793, max=0.971368}
preferenceDiversityPopAll: DoubleSummaryStatistics{count=1000, sum=3.891763, min=0.000000, average=0.003892, max=0.071905}
Genotype diversity: 1.0
Entropy diversity: 6.897004722166886
PC diversity: 1.0
MPSLGP top 5 HV by task at generation 39:
  Task 0: #1 ind=2 HV=0.9646462516426748; #2 ind=3 HV=0.9611918741125927; #3 ind=4 HV=0.9605926430680559; #4 ind=11 HV=0.9572343460187416; #5 ind=12 HV=0.9551320152818652
  Task 1: #1 ind=0 HV=0.9713675555207497; #2 ind=1 HV=0.9649431961230185; #3 ind=24 HV=0.9597490257838793; #4 ind=10 HV=0.958429812197262; #5 ind=25 HV=0.9560864983911681

Pareto Front of Subpopulation 39
Objective 0: [5086.558069547318, 5232.7353209506255, 5289.687283094914, 5311.754358971259, 5320.769370590686, 5358.608651063638, 5486.388402696757, 5600.099269282713, 6350.20202046496, 6524.705809429579]
Objective 1: [1625.274290543559, 1405.6356882983528, 1285.7873534446844, 1229.1839760235453, 1222.207483550228, 1190.7551811604062, 1157.7050251561886, 1089.1643909951163, 1053.9939774474988, 1043.4635357482548]
2
duration: 153.0
MPSLGP task 0 best fitness of generation Fitness: [5358.608651063638 1190.7551811604062]
MPSLGP task 1 best fitness of generation Fitness: [5600.099269282713 1089.1643909951163]
Generation 39 elapsed 153.0 seconds.
Generation 40
Preselection cleared number: 1259
MPSLGP task-balanced survival counts: [task 0=500, task 1=500]
Subpop 0 reduced 5000 -> 1000
ideal points: [4941.548855006369, 1100.3375560597372]
nadir points: [7388.928445821977, 2093.4436508786603]
max objectives: [28823.45561541553, 8164.599366266513]
min objectives: [5490.609838895965, 1222.597284510819]
HVOfIntermedidatePopPSL: DoubleSummaryStatistics{count=1000, sum=824.301724, min=0.000000, average=0.824302, max=0.981687}
preferenceDiversityPopAll: DoubleSummaryStatistics{count=1000, sum=2.890439, min=0.000000, average=0.002890, max=0.055037}
Genotype diversity: 1.0
Entropy diversity: 6.904982690260014
PC diversity: 0.977
MPSLGP top 5 HV by task at generation 40:
  Task 0: #1 ind=20 HV=0.9472773299386589; #2 ind=0 HV=0.9463949120826138; #3 ind=1 HV=0.9457433900173645; #4 ind=3 HV=0.9417342634401692; #5 ind=22 HV=0.93700921017174
  Task 1: #1 ind=19 HV=0.9816869218169099; #2 ind=21 HV=0.9436445926557343; #3 ind=2 HV=0.9421132489019142; #4 ind=4 HV=0.9410854382801005; #5 ind=5 HV=0.9397742048237295

Pareto Front of Subpopulation 40
Objective 0: [5490.609838895965, 5585.318238543929, 5610.593175256159, 5639.959096660896, 5720.897082795273, 5724.032292881457, 5779.537681204383, 5780.069435617304, 6034.516892565298, 6073.451411484799, 6082.955534317822, 6140.273029814765, 6330.232984258677, 6450.260471453366, 6579.3024250215385, 6750.121005584544, 6752.876243142062, 7084.861777052982, 7388.928445821977]
Objective 1: [2093.4436508786603, 1778.0460354080424, 1768.5630313436122, 1731.0416828268935, 1689.1664167654817, 1573.241744961735, 1564.5583979133808, 1502.4072051145922, 1500.9347935269761, 1470.6805961891077, 1450.5054043322452, 1396.726679561776, 1388.5555466610385, 1382.516338661313, 1364.687240755913, 1327.3029591204977, 1319.5312554388802, 1291.922755752632, 1222.597284510819]
MPSLGP task 0 best fitness of generation Fitness: [6140.273029814765 1396.726679561776]
MPSLGP task 1 best fitness of generation Fitness: [5720.897082795273 1689.1664167654817]
2
duration: 156.0
Generation 40 elapsed 156.0 seconds.
Generation 41
Preselection cleared number: 1322
MPSLGP task-balanced survival counts: [task 0=500, task 1=500]
Subpop 0 reduced 5000 -> 1000
ideal points: [4509.509307222802, 855.6257169832701]
nadir points: [6322.706567481509, 1382.3445711769018]
max objectives: [29746.390745349403, 6866.331454478015]
min objectives: [5010.565896914224, 950.6952410925223]
HVOfIntermedidatePopPSL: DoubleSummaryStatistics{count=1000, sum=845.966989, min=0.000000, average=0.845967, max=0.988163}
preferenceDiversityPopAll: DoubleSummaryStatistics{count=1000, sum=3.132742, min=0.000000, average=0.003133, max=0.058343}
Genotype diversity: 1.0
Entropy diversity: 6.887980257786229
PC diversity: 0.96
MPSLGP top 5 HV by task at generation 41:
  Task 0: #1 ind=12 HV=0.9675578791677982; #2 ind=7 HV=0.9645930480925593; #3 ind=31 HV=0.9618866865558449; #4 ind=14 HV=0.9595915455060162; #5 ind=16 HV=0.9593475881730099
  Task 1: #1 ind=0 HV=0.9881629379877784; #2 ind=1 HV=0.9753461244103504; #3 ind=2 HV=0.9728795320971998; #4 ind=3 HV=0.9707995751856451; #5 ind=4 HV=0.9678084052385648

Pareto Front of Subpopulation 41
Objective 0: [5010.565896914224, 5120.229820392793, 5150.900636917679, 5189.2042926895665, 5305.572172576096, 5318.058996231761, 5406.099983953056, 5498.024726680975, 5505.222805924423, 5617.299452127074, 5810.610867045849, 6322.706567481509]
Objective 1: [1382.3445711769018, 1195.2994399634626, 1126.4211298703449, 1117.2978269994055, 1088.6812818177568, 1077.41795091315, 1048.6531480354533, 1008.7084307019541, 986.3807247310906, 986.221076648013, 974.0655030345079, 950.6952410925223]
MPSLGP task 0 best fitness of generation Fitness: [5150.900636917679 1126.4211298703449]
MPSLGP task 1 best fitness of generation Fitness: [5810.610867045849 974.0655030345079]
2
duration: 154.0
Generation 41 elapsed 154.0 seconds.
Generation 42
Preselection cleared number: 1432
MPSLGP task-balanced survival counts: [task 0=500, task 1=500]
Subpop 0 reduced 5000 -> 1000
ideal points: [4598.017323637835, 956.8773131752649]
nadir points: [6746.409607743262, 1660.2517124004953]
max objectives: [28936.90274391923, 7505.878501798652]
min objectives: [5108.9081373753725, 1063.1970146391832]
HVOfIntermedidatePopPSL: DoubleSummaryStatistics{count=1000, sum=818.301028, min=0.000000, average=0.818301, max=0.968873}
preferenceDiversityPopAll: DoubleSummaryStatistics{count=1000, sum=3.099206, min=0.000000, average=0.003099, max=0.083489}
Genotype diversity: 1.0
Entropy diversity: 6.881378430981472
PC diversity: 0.972
MPSLGP top 5 HV by task at generation 42:
  Task 0: #1 ind=1 HV=0.9600499887759978; #2 ind=2 HV=0.9580579041416291; #3 ind=3 HV=0.9572916283607228; #4 ind=4 HV=0.9563687750733528; #5 ind=6 HV=0.9539495969602446
  Task 1: #1 ind=13 HV=0.9688731523385729; #2 ind=0 HV=0.960428110612089; #3 ind=14 HV=0.9575794415329524; #4 ind=60 HV=0.9560886882836936; #5 ind=5 HV=0.954663790967574

Pareto Front of Subpopulation 42
Objective 0: [5108.9081373753725, 5191.999973244674, 5195.342648992839, 5235.00034726967, 5295.112877669744, 5336.923248265637, 5443.811423748382, 5557.8389224330895, 5780.959135361947, 6026.249309748993, 6049.017740119132, 6197.8362468094565, 6746.409607743262]
Objective 1: [1660.2517124004953, 1617.5813324237533, 1341.6394604190718, 1331.250463475997, 1289.8363847398432, 1275.7973529865558, 1221.4790349059622, 1192.0744770712045, 1143.193709657964, 1096.5725788801064, 1093.7514871413005, 1066.4612116909411, 1063.1970146391832]
2
duration: 150.0
MPSLGP task 0 best fitness of generation Fitness: [5557.8389224330895 1192.0744770712045]
MPSLGP task 1 best fitness of generation Fitness: [5443.811423748382 1221.4790349059622]
Generation 42 elapsed 150.0 seconds.
Generation 43
Preselection cleared number: 1397
MPSLGP task-balanced survival counts: [task 0=500, task 1=500]
Subpop 0 reduced 5000 -> 1000
ideal points: [4753.388512496254, 965.7346445104907]
nadir points: [6452.44296560128, 1370.5624455113139]
max objectives: [32519.741623181966, 8672.748498641857]
min objectives: [5281.542791662505, 1073.0384939005453]
HVOfIntermedidatePopPSL: DoubleSummaryStatistics{count=1000, sum=859.996334, min=0.000000, average=0.859996, max=0.981984}
preferenceDiversityPopAll: DoubleSummaryStatistics{count=1000, sum=3.635275, min=0.000000, average=0.003635, max=0.066043}
Genotype diversity: 1.0
Entropy diversity: 6.902210101537775
PC diversity: 0.968
MPSLGP top 5 HV by task at generation 43:
  Task 0: #1 ind=0 HV=0.9819841104168369; #2 ind=2 HV=0.9775262613569364; #3 ind=3 HV=0.9752973570823682; #4 ind=69 HV=0.9716021753345571; #5 ind=70 HV=0.9708301458811568
  Task 1: #1 ind=1 HV=0.9816414062671138; #2 ind=12 HV=0.9760200080518184; #3 ind=4 HV=0.9715078752974328; #4 ind=14 HV=0.9689957313580332; #5 ind=28 HV=0.9670371408230478

Pareto Front of Subpopulation 43
Objective 0: [5281.542791662505, 5365.340108946286, 5419.294119609229, 5430.178110368666, 5508.13244627323, 5731.2335014730925, 6045.090152091347, 6118.535916203633, 6216.341642037674, 6436.093204077566, 6440.6289336386835, 6452.44296560128]
Objective 1: [1370.5624455113139, 1322.5908817185555, 1244.4071467517933, 1160.3894070987153, 1137.312396734531, 1128.8142782046343, 1126.064817725637, 1123.5289344621997, 1102.5563484400482, 1101.4567163350584, 1085.6334808915271, 1073.0384939005453]
2
duration: 160.0
MPSLGP task 0 best fitness of generation Fitness: [5508.13244627323 1137.312396734531]
MPSLGP task 1 best fitness of generation Fitness: [5430.178110368666 1160.3894070987153]
Generation 43 elapsed 160.0 seconds.
Generation 44
Preselection cleared number: 1421
MPSLGP task-balanced survival counts: [task 0=500, task 1=500]
Subpop 0 reduced 5000 -> 1000
ideal points: [4637.13465289328, 970.6548259811243]
nadir points: [6919.027653805475, 1593.805056412035]
max objectives: [23046.093098606972, 5411.409661601465]
min objectives: [5152.371836548089, 1078.5053622012492]
HVOfIntermedidatePopPSL: DoubleSummaryStatistics{count=1000, sum=775.400641, min=0.000000, average=0.775401, max=0.961757}
preferenceDiversityPopAll: DoubleSummaryStatistics{count=1000, sum=4.243460, min=0.000000, average=0.004243, max=0.062901}
Genotype diversity: 1.0
Entropy diversity: 6.897004722166886
PC diversity: 0.965
MPSLGP top 5 HV by task at generation 44:
  Task 0: #1 ind=17 HV=0.9617570816349487; #2 ind=73 HV=0.9495812902499524; #3 ind=1 HV=0.9492487189305968; #4 ind=46 HV=0.9489011229521391; #5 ind=2 HV=0.9423537808298862
  Task 1: #1 ind=0 HV=0.9604860845267682; #2 ind=3 HV=0.9422385106785554; #3 ind=5 HV=0.9310946911722219; #4 ind=6 HV=0.9300430798317079; #5 ind=8 HV=0.928584550184732

Pareto Front of Subpopulation 44
Objective 0: [5152.371836548089, 5170.326282979455, 5234.08742701789, 5326.7672330165515, 5433.868095914542, 5538.9383385136025, 5577.14086078541, 5597.28141840981, 5598.5787134415295, 5783.397562753613, 5790.839418138028, 5812.1388624874235, 6307.930323805951, 6363.884225895599, 6425.04539261738, 6627.819809121953, 6919.027653805475]
Objective 1: [1593.805056412035, 1417.6159783723997, 1388.9740929212421, 1342.776259725666, 1309.1677706252303, 1300.6295209319505, 1292.543280796992, 1272.4562855222903, 1240.3748235172752, 1199.8099307159646, 1169.4387221666111, 1136.1435115990098, 1134.727820919048, 1134.3587841219269, 1100.215443474328, 1093.5559813587533, 1078.5053622012492]
MPSLGP task 0 best fitness of generation Fitness: [5812.1388624874235 1136.1435115990098]
MPSLGP task 1 best fitness of generation Fitness: [5538.9383385136025 1300.6295209319505]
2
duration: 160.0
Generation 44 elapsed 160.0 seconds.
Generation 45
Preselection cleared number: 1310
MPSLGP task-balanced survival counts: [task 0=500, task 1=500]
Subpop 0 reduced 5000 -> 1000
ideal points: [4588.040549338883, 939.2249812164126]
nadir points: [6301.715169428033, 1341.7652031437901]
max objectives: [32036.33865769347, 9456.48316224158]
min objectives: [5097.822832598758, 1043.5833124626806]
HVOfIntermedidatePopPSL: DoubleSummaryStatistics{count=1000, sum=857.281371, min=0.000000, average=0.857281, max=0.982516}
preferenceDiversityPopAll: DoubleSummaryStatistics{count=1000, sum=6.178372, min=0.000000, average=0.006178, max=0.072790}
Genotype diversity: 1.0
Entropy diversity: 6.899708089420084
PC diversity: 0.959
MPSLGP top 5 HV by task at generation 45:
  Task 0: #1 ind=3 HV=0.9724126972301271; #2 ind=30 HV=0.9720970695053295; #3 ind=67 HV=0.9712729824314906; #4 ind=4 HV=0.9710397592792229; #5 ind=5 HV=0.9702304086277121
  Task 1: #1 ind=14 HV=0.9825164554434821; #2 ind=0 HV=0.982339428057948; #3 ind=1 HV=0.9782468028262743; #4 ind=2 HV=0.974163963470874; #5 ind=29 HV=0.9727766748168583

Pareto Front of Subpopulation 45
Objective 0: [5097.822832598758, 5149.365803536726, 5152.530443788739, 5275.439476181578, 5317.366570651124, 5486.981890595052, 5555.684585077688, 5561.152600101137, 5589.764520056662, 5595.995194681105, 5842.738252165029, 6091.681476375845, 6091.682155277114, 6301.715169428033]
Objective 1: [1341.7652031437901, 1275.4634564791195, 1261.8850923052087, 1219.1544673597382, 1189.6811672763724, 1168.7928022728593, 1146.8796353785583, 1142.2404084680602, 1139.5535675298743, 1117.6791446652642, 1112.8783452051284, 1107.4375062743347, 1071.4528714114567, 1043.5833124626806]
MPSLGP task 0 best fitness of generation Fitness: [5595.995194681105 1117.6791446652642]
MPSLGP task 1 best fitness of generation Fitness: [5149.365803536726 1275.4634564791195]
2
duration: 161.0
Generation 45 elapsed 161.0 seconds.
Generation 46
Preselection cleared number: 1397
MPSLGP task-balanced survival counts: [task 0=500, task 1=500]
Subpop 0 reduced 5000 -> 1000
ideal points: [4722.178671616787, 904.3235945491994]
nadir points: [6384.777206455823, 1322.9390051445953]
max objectives: [40262.64107674896, 14748.998991535002]
min objectives: [5246.865190685319, 1004.8039939435548]
HVOfIntermedidatePopPSL: DoubleSummaryStatistics{count=1000, sum=912.776895, min=0.000000, average=0.912777, max=0.989962}
preferenceDiversityPopAll: DoubleSummaryStatistics{count=1000, sum=6.332740, min=0.000000, average=0.006333, max=0.074017}
Genotype diversity: 1.0
Entropy diversity: 6.892747613577747
PC diversity: 0.929
MPSLGP top 5 HV by task at generation 46:
  Task 0: #1 ind=33 HV=0.9857644911777489; #2 ind=13 HV=0.9848032776213322; #3 ind=1 HV=0.9843505481354621; #4 ind=2 HV=0.9818742090098126; #5 ind=4 HV=0.9810692698910672
  Task 1: #1 ind=0 HV=0.9899621202129252; #2 ind=32 HV=0.9870007490707646; #3 ind=34 HV=0.9851341571791735; #4 ind=14 HV=0.9832331750275739; #5 ind=15 HV=0.9824250059852209

Pareto Front of Subpopulation 46
Objective 0: [5246.865190685319, 5351.922116812551, 5358.818578936101, 5364.968879125314, 5378.599806896178, 5386.773343790963, 5406.914358649752, 5742.136339818535, 5773.766582887445, 5834.960371987487, 5958.1662271269015, 6268.704484428687, 6384.777206455823]
Objective 1: [1322.9390051445953, 1292.276616204028, 1258.1628741603054, 1232.8297642604011, 1225.7626835340052, 1200.0555704188664, 1078.9123760384682, 1061.1372520232107, 1045.000095149997, 1038.396456671384, 1013.8789220251638, 1011.7020124041228, 1004.8039939435548]
2
duration: 160.0
MPSLGP task 0 best fitness of generation Fitness: [5364.968879125314 1232.8297642604011]
MPSLGP task 1 best fitness of generation Fitness: [5406.914358649752 1078.9123760384682]
Generation 46 elapsed 160.0 seconds.
Generation 47
Preselection cleared number: 1386
MPSLGP task-balanced survival counts: [task 0=500, task 1=500]
Subpop 0 reduced 5000 -> 1000
ideal points: [4684.523356429674, 969.4754714366936]
nadir points: [6329.097382043605, 1378.2307686789864]
max objectives: [26048.45988330175, 5852.114970825438]
min objectives: [5205.025951588526, 1077.194968262993]
HVOfIntermedidatePopPSL: DoubleSummaryStatistics{count=1000, sum=810.061340, min=0.000000, average=0.810061, max=0.965680}
preferenceDiversityPopAll: DoubleSummaryStatistics{count=1000, sum=6.188063, min=0.000000, average=0.006188, max=0.074053}
Genotype diversity: 1.0
Entropy diversity: 6.900823807176654
PC diversity: 0.963
MPSLGP top 5 HV by task at generation 47:
  Task 0: #1 ind=0 HV=0.9656799623914792; #2 ind=1 HV=0.9621286831387517; #3 ind=2 HV=0.9610688894175541; #4 ind=3 HV=0.96026102505992; #5 ind=4 HV=0.9601793104302992
  Task 1: #1 ind=31 HV=0.9625395673905031; #2 ind=10 HV=0.9616443817791108; #3 ind=5 HV=0.9581530376961138; #4 ind=12 HV=0.9564528453662867; #5 ind=54 HV=0.956373525382946

Pareto Front of Subpopulation 47
Objective 0: [5205.025951588526, 5337.417739868106, 5353.355513793416, 5402.911012893543, 5424.715946951241, 5446.14238331886, 5631.303953854542, 5755.313335346291, 5894.815721594176, 6329.097382043605]
Objective 1: [1378.2307686789864, 1347.815453952935, 1277.529914321538, 1271.8361859124852, 1264.8600624114915, 1228.964550722405, 1200.7464714719827, 1159.3153493887658, 1104.8134131280822, 1077.194968262993]
MPSLGP task 0 best fitness of generation Fitness: [5205.025951588526 1378.2307686789864]
MPSLGP task 1 best fitness of generation Fitness: [5353.355513793416 1277.529914321538]
2
duration: 163.0
Generation 47 elapsed 163.0 seconds.
Generation 48
Preselection cleared number: 1354
MPSLGP task-balanced survival counts: [task 0=500, task 1=500]
Subpop 0 reduced 5000 -> 1000
ideal points: [4620.084743475309, 1001.0235898840227]
nadir points: [7080.814015793556, 1367.4928887685237]
max objectives: [31861.35134602274, 8810.303116268013]
min objectives: [5133.427492750343, 1112.2484332044696]
HVOfIntermedidatePopPSL: DoubleSummaryStatistics{count=1000, sum=858.385965, min=0.000000, average=0.858386, max=0.978560}
preferenceDiversityPopAll: DoubleSummaryStatistics{count=1000, sum=7.898666, min=0.000000, average=0.007899, max=0.100619}
Genotype diversity: 1.0
Entropy diversity: 6.8633938594264166
PC diversity: 0.95
MPSLGP top 5 HV by task at generation 48:
  Task 0: #1 ind=1 HV=0.976250824620047; #2 ind=2 HV=0.9760729430440479; #3 ind=12 HV=0.9742705328551486; #4 ind=6 HV=0.9688071671143337; #5 ind=25 HV=0.9671542350116128
  Task 1: #1 ind=23 HV=0.9785598862452171; #2 ind=0 HV=0.978327046913128; #3 ind=11 HV=0.9746509563700042; #4 ind=3 HV=0.9731622659193271; #5 ind=4 HV=0.9703683957908273

Pareto Front of Subpopulation 48
Objective 0: [5133.427492750343, 5229.195205392782, 5286.546546057798, 5311.744269488321, 5439.797521838627, 5665.804831533838, 5781.674723651842, 5816.67837032635, 6022.23662890878, 6854.7096909823595, 7080.814015793556]
Objective 1: [1367.4928887685237, 1360.4011765092582, 1304.6467921923759, 1266.0518549864355, 1190.4989791815315, 1182.2416038363008, 1172.032286904112, 1147.848651798311, 1131.4414417630032, 1112.69355780787, 1112.2484332044696]
MPSLGP task 0 best fitness of generation Fitness: [5781.674723651842 1172.032286904112]
MPSLGP task 1 best fitness of generation Fitness: [5439.797521838627 1190.4989791815315]
2
duration: 150.0
Generation 48 elapsed 150.0 seconds.
Generation 49
Preselection cleared number: 1393
MPSLGP task-balanced survival counts: [task 0=500, task 1=500]
Subpop 0 reduced 5000 -> 1000
ideal points: [4625.384415138993, 956.671277527661]
nadir points: [6712.406251777313, 1698.8012046555232]
max objectives: [42672.30147497379, 11249.632841520608]
min objectives: [5139.316016821103, 1062.9680861418456]
HVOfIntermedidatePopPSL: DoubleSummaryStatistics{count=1000, sum=883.322555, min=0.000000, average=0.883323, max=0.984338}
preferenceDiversityPopAll: DoubleSummaryStatistics{count=1000, sum=8.186905, min=0.000000, average=0.008187, max=0.083122}
Genotype diversity: 1.0
Entropy diversity: 6.862007565065296
PC diversity: 0.955
MPSLGP top 5 HV by task at generation 49:
  Task 0: #1 ind=1 HV=0.9762627338920175; #2 ind=4 HV=0.9749398516637496; #3 ind=44 HV=0.9730798237615857; #4 ind=19 HV=0.9720056404054361; #5 ind=20 HV=0.9718331401745198
  Task 1: #1 ind=42 HV=0.9843383105761101; #2 ind=0 HV=0.9830499944775016; #3 ind=2 HV=0.9759185317471758; #4 ind=17 HV=0.9755834981277337; #5 ind=3 HV=0.9749789298668662

Pareto Front of Subpopulation 49
Objective 0: [5139.316016821103, 5145.80220754625, 5209.431852930575, 5221.716036460595, 5306.815007039695, 5399.43188444816, 5455.008833648346, 5598.7028888197965, 5606.776412728766, 5608.594511978445, 5657.403962466866, 5714.924697530689, 5782.069405576913, 5921.754326888942, 5937.9562917094445, 6598.484279014869, 6712.406251777313]
Objective 1: [1698.8012046555232, 1381.7568306112953, 1366.6846863143146, 1281.6688165517407, 1251.4289148625103, 1245.7000482570438, 1226.2155732921383, 1210.1965358341113, 1187.7473537003825, 1183.8260493676353, 1181.5749477904756, 1140.967084808537, 1139.25864441038, 1134.5614780327305, 1110.2679247116757, 1067.8572827786847, 1062.9680861418456]
2
duration: 150.0
MPSLGP task 0 best fitness of generation Fitness: [5221.716036460595 1281.6688165517407]
MPSLGP task 1 best fitness of generation Fitness: [5306.815007039695 1251.4289148625103]
Generation 49 elapsed 150.0 seconds.
Generation 50
Preselection cleared number: 1362
MPSLGP task-balanced survival counts: [task 0=500, task 1=500]
Subpop 0 reduced 5000 -> 1000
ideal points: [4684.9048866809235, 1022.1272508430193]
nadir points: [6962.809714914183, 1633.3463216733508]
max objectives: [39594.28506213648, 11018.606931783084]
min objectives: [5205.449874089914, 1135.6969453811325]
HVOfIntermedidatePopPSL: DoubleSummaryStatistics{count=1000, sum=874.742022, min=0.000000, average=0.874742, max=0.982909}
preferenceDiversityPopAll: DoubleSummaryStatistics{count=1000, sum=9.176807, min=0.000000, average=0.009177, max=0.107426}
Genotype diversity: 1.0
Entropy diversity: 6.887980257786229
PC diversity: 0.951
MPSLGP top 5 HV by task at generation 50:
  Task 0: #1 ind=0 HV=0.9829088247752209; #2 ind=17 HV=0.9773532373649375; #3 ind=18 HV=0.9740047169712571; #4 ind=3 HV=0.9687740759318414; #5 ind=94 HV=0.9686736398193122
  Task 1: #1 ind=1 HV=0.9748208910855756; #2 ind=2 HV=0.9706541195264423; #3 ind=46 HV=0.9704478624511198; #4 ind=19 HV=0.9698116476607916; #5 ind=47 HV=0.9679597223068456

Pareto Front of Subpopulation 50
Objective 0: [5205.449874089914, 5372.353477199416, 5380.985607013688, 5383.477997057431, 5504.057817815163, 5619.389591674262, 5659.155783294584, 5743.48725259013, 5924.329401109251, 6006.655945550941, 6077.055426088627, 6146.268810346024, 6198.15415241936, 6276.849981574982, 6443.2686335204635, 6764.7908628798905, 6962.809714914183]
Objective 1: [1633.3463216733508, 1506.4290591758618, 1467.0244268517272, 1434.7829804284847, 1339.2175814377842, 1329.6420617636177, 1314.8947974613693, 1282.1457116509846, 1279.2730873467808, 1272.0748923141655, 1255.1739068491297, 1226.271434290582, 1198.3264562804688, 1193.6183017948642, 1181.3299891604984, 1163.445174082386, 1135.6969453811325]
MPSLGP task 0 best fitness of generation Fitness: [5205.449874089914 1633.3463216733508]
MPSLGP task 1 best fitness of generation Fitness: [6276.849981574982 1193.6183017948642]
1
duration: 149.0
Generation 50 elapsed 149.0 seconds.
The whole program elapsed 6242.0 seconds.

进程已结束，退出代码为 0
