
| ECJ
| An evolutionary computation system (version 23)
| By Sean Luke
| Contributors: L. Panait, G. Balan, S. Paus, Z. Skolicki, R. Kicinger,
|               E. Popovici, K. Sullivan, J. Harrison, J. Bassett, R. Hubley,
|               A. Desai, A. Chircop, J. Compton, W. Haddon, S. Donnelly,
|               B. Jamil, J. Zelibor, E. Kangas, F. Abidi, H. Mooers,
|               J. O'Beirne, L. Manzoni, K. Talukder, and J. McDermott
| URL: http://cs.gmu.edu/~eclab/projects/ecj/
| Mail: ecj-help@cs.gmu.edu
|       (better: join ECJ-INTEREST at URL above)
| Date: June 15, 2015
| Current Java: 26.0.1 / OpenJDK 64-Bit Server VM-26.0.1+8-34
| Required Minimum Java: 1.5


Threads:  breed/1 eval/1
Seed: 1 
Job: 0
Setting up
Processing GP Types
Processing GP Node Constraints
Processing GP Function Sets
No GPFunctionSet specified, assuming the default class: ec.gp.GPFunctionSet for gp.fs.0
Processing GP Tree Constraints
WARNING:
You're using elitism with NSGA2Breeder, which is not permitted and will be ignored.  However the reevaluate-elites parameter *will* bre recognized by NSGAEvaluator.
PARAMETER: breed.elite.0
Initializing Generation 0
ideal points: [1448.3491050993791, 2825.706747500986]
nadir points: [2995.86388040334, 3858.181947261677]
max objectives: [214725.22777783088, 827905.6800393742]
min objectives: [1609.2767834437545, 3139.674163889984]
HVOfIntermedidatePopPSL: DoubleSummaryStatistics{count=1000, sum=668.130550, min=0.000000, average=0.668131, max=0.999117}
preferenceDiversityPopAll: DoubleSummaryStatistics{count=1000, sum=6.783837, min=0.000000, average=0.006784, max=0.110219}
Genotype diversity: 1.0
Entropy diversity: 4.583364243124607
PC diversity: 0.872
MPSLGP top 5 HV by task at generation 0:
  Task 0: #1 ind=0 HV=0.9991170375047541; #2 ind=7 HV=0.9990816493841344; #3 ind=1 HV=0.9990465444127047; #4 ind=5 HV=0.9972265233081856; #5 ind=21 HV=0.9971049231296546
  Task 1: #1 ind=4 HV=0.9985037310470745; #2 ind=8 HV=0.9977207319736469; #3 ind=11 HV=0.9972932406893691; #4 ind=16 HV=0.9971284415348798; #5 ind=12 HV=0.9970741137289193
MPSLGP task 0 best fitness of generation Fitness: [1609.2767834437545 3858.181947261677]
MPSLGP task 1 best fitness of generation Fitness: [1702.6220578590583 3988.5685915545328]

Pareto Front of Subpopulation 0
Objective 0: [1609.2767834437545, 1623.8130543758161, 2536.9744047668937, 2995.86388040334]
Objective 1: [3858.181947261677, 3855.2522175032645, 3585.438946169743, 3139.674163889984]
2
duration: 36.0
Generation 0 elapsed 36.0 seconds.
Generation 1
Preselection cleared number: 1950
MPSLGP task-balanced survival counts: [task 0=500, task 1=500]
Subpop 0 reduced 5000 -> 1000
ideal points: [1312.5792417506252, 2507.306180064945]
nadir points: [1879.695926997112, 3169.7043281322694]
max objectives: [198627.30159844592, 447775.7981593164]
min objectives: [1458.4213797229168, 2785.8957556277164]
HVOfIntermedidatePopPSL: DoubleSummaryStatistics{count=1000, sum=898.084701, min=0.000000, average=0.898085, max=0.999123}
preferenceDiversityPopAll: DoubleSummaryStatistics{count=1000, sum=8.062760, min=0.000000, average=0.008063, max=0.125649}
Genotype diversity: 1.0
Entropy diversity: 6.400814943981915
PC diversity: 0.946
MPSLGP top 5 HV by task at generation 1:
  Task 0: #1 ind=1 HV=0.9981641064955927; #2 ind=3 HV=0.9976475434706283; #3 ind=8 HV=0.9975964997042701; #4 ind=14 HV=0.9975746259838412; #5 ind=4 HV=0.9974295650151221
  Task 1: #1 ind=0 HV=0.9991228679753054; #2 ind=2 HV=0.9976236647043931; #3 ind=5 HV=0.9972036001756248; #4 ind=6 HV=0.9972032590940806; #5 ind=9 HV=0.9971201314937606
MPSLGP task 0 best fitness of generation Fitness: [1879.695926997112 2785.8957556277164]
MPSLGP task 1 best fitness of generation Fitness: [1458.4213797229168 3169.7043281322694]

Pareto Front of Subpopulation 1
Objective 0: [1458.4213797229168, 1778.8613813153352, 1879.695926997112]
Objective 1: [3169.7043281322694, 3110.934853226412, 2785.8957556277164]
2
duration: 65.0
Generation 1 elapsed 65.0 seconds.
Generation 2
Preselection cleared number: 1638
MPSLGP task-balanced survival counts: [task 0=500, task 1=500]
Subpop 0 reduced 5000 -> 1000
ideal points: [1332.3959027923993, 2598.9901848268814]
nadir points: [1936.0305574023514, 3065.8168922996847]
max objectives: [150507.44793952128, 488658.8748029252]
min objectives: [1480.4398919915548, 2887.766872029868]
HVOfIntermedidatePopPSL: DoubleSummaryStatistics{count=1000, sum=961.318077, min=0.000000, average=0.961318, max=0.999625}
preferenceDiversityPopAll: DoubleSummaryStatistics{count=1000, sum=8.204187, min=0.000000, average=0.008204, max=0.106646}
Genotype diversity: 1.0
Entropy diversity: 6.7431295921260075
PC diversity: 0.936
MPSLGP top 5 HV by task at generation 2:
  Task 0: #1 ind=10 HV=0.9995284264389939; #2 ind=4 HV=0.9991982260804813; #3 ind=1 HV=0.9990606376189061; #4 ind=11 HV=0.9989297425423433; #5 ind=2 HV=0.998922694353126
  Task 1: #1 ind=0 HV=0.9996247046132078; #2 ind=54 HV=0.9991167362686025; #3 ind=5 HV=0.9990259224833482; #4 ind=12 HV=0.9988992020284266; #5 ind=14 HV=0.9986167962751484
MPSLGP task 0 best fitness of generation Fitness: [1601.499059273221 2941.0129471920663]
MPSLGP task 1 best fitness of generation Fitness: [1480.4398919915548 3065.8168922996847]

Pareto Front of Subpopulation 2
Objective 0: [1480.4398919915548, 1592.2230871562351, 1601.499059273221, 1936.0305574023514]
Objective 1: [3065.8168922996847, 3034.0733679555706, 2941.0129471920663, 2887.766872029868]
2
duration: 66.0
Generation 2 elapsed 66.0 seconds.
Generation 3
Preselection cleared number: 2120
MPSLGP task-balanced survival counts: [task 0=500, task 1=500]
Subpop 0 reduced 5000 -> 1000
ideal points: [1335.6008135904267, 2358.8385027353593]
nadir points: [2095.8949789971084, 3012.3370021443116]
max objectives: [164437.1310719613, 328346.2621439226]
min objectives: [1484.000903989363, 2620.931669705955]
HVOfIntermedidatePopPSL: DoubleSummaryStatistics{count=1000, sum=949.991268, min=0.000000, average=0.949991, max=0.998762}
preferenceDiversityPopAll: DoubleSummaryStatistics{count=1000, sum=7.130531, min=0.000000, average=0.007131, max=0.101160}
Genotype diversity: 1.0
Entropy diversity: 6.748945346175036
PC diversity: 0.96
MPSLGP top 5 HV by task at generation 3:
  Task 0: #1 ind=11 HV=0.9986917689085724; #2 ind=4 HV=0.998503232944693; #3 ind=18 HV=0.9978858870672608; #4 ind=39 HV=0.997551535042201; #5 ind=28 HV=0.9973192483503764
  Task 1: #1 ind=0 HV=0.9987615913025639; #2 ind=5 HV=0.9981309736952341; #3 ind=6 HV=0.998124927669367; #4 ind=7 HV=0.9979450524097387; #5 ind=12 HV=0.9976381545920326
MPSLGP task 0 best fitness of generation Fitness: [1915.5673596177367 2798.6743389188778]
MPSLGP task 1 best fitness of generation Fitness: [1484.000903989363 3012.3370021443116]

Pareto Front of Subpopulation 3
Objective 0: [1484.000903989363, 1882.8502985610103, 1915.5673596177367, 2095.8949789971084]
Objective 1: [3012.3370021443116, 2883.8520034556277, 2798.6743389188778, 2620.931669705955]
2
duration: 76.0
Generation 3 elapsed 76.0 seconds.
Generation 4
Preselection cleared number: 2032
MPSLGP task-balanced survival counts: [task 0=500, task 1=500]
Subpop 0 reduced 5000 -> 1000
ideal points: [1244.7918667759238, 2081.5445074164195]
nadir points: [2123.7769071446164, 3134.594254822732]
max objectives: [27352.621985931182, 29322.877044417633]
min objectives: [1383.1020741954708, 2312.827230462688]
HVOfIntermedidatePopPSL: DoubleSummaryStatistics{count=1000, sum=871.998664, min=0.000000, average=0.871999, max=0.990377}
preferenceDiversityPopAll: DoubleSummaryStatistics{count=1000, sum=5.723632, min=0.000000, average=0.005724, max=0.076177}
Genotype diversity: 1.0
Entropy diversity: 6.771741594651564
PC diversity: 0.942
MPSLGP top 5 HV by task at generation 4:
  Task 0: #1 ind=0 HV=0.9903774906032643; #2 ind=6 HV=0.9861558414200506; #3 ind=1 HV=0.9858175523484448; #4 ind=7 HV=0.984734659733463; #5 ind=8 HV=0.977384320011895
  Task 1: #1 ind=2 HV=0.9838836601428856; #2 ind=3 HV=0.9836243193597214; #3 ind=9 HV=0.9773435487720777; #4 ind=10 HV=0.9764301482614443; #5 ind=11 HV=0.9748471638555393
MPSLGP task 0 best fitness of generation Fitness: [2123.7769071446164 2312.827230462688]
MPSLGP task 1 best fitness of generation Fitness: [1468.872669937482 2656.0747206294036]

Pareto Front of Subpopulation 4
Objective 0: [1383.1020741954708, 1387.3902035139326, 1392.122915301501, 1468.872669937482, 1677.1354098653974, 2123.7769071446164]
Objective 1: [3134.594254822732, 3002.1809689847287, 2743.91232844349, 2656.0747206294036, 2399.1987954161596, 2312.827230462688]
2
duration: 79.0
Generation 4 elapsed 79.0 seconds.
Generation 5
Preselection cleared number: 2085
MPSLGP task-balanced survival counts: [task 0=500, task 1=500]
Subpop 0 reduced 5000 -> 1000
ideal points: [1255.457857576605, 2171.938191664292]
nadir points: [1852.6269945918684, 3270.5048375899787]
max objectives: [160372.96850448663, 480886.24647153844]
min objectives: [1394.9531750851165, 2413.2646574047685]
HVOfIntermedidatePopPSL: DoubleSummaryStatistics{count=1000, sum=943.977823, min=0.000000, average=0.943978, max=0.999068}
preferenceDiversityPopAll: DoubleSummaryStatistics{count=1000, sum=4.754614, min=0.000000, average=0.004755, max=0.076256}
Genotype diversity: 1.0
Entropy diversity: 6.652723806689279
PC diversity: 0.958
MPSLGP top 5 HV by task at generation 5:
  Task 0: #1 ind=1 HV=0.999049752298756; #2 ind=7 HV=0.998808153335088; #3 ind=3 HV=0.9984695817564112; #4 ind=24 HV=0.9983197854834962; #5 ind=36 HV=0.9982794297976686
  Task 1: #1 ind=0 HV=0.9990683658924835; #2 ind=2 HV=0.998872267210681; #3 ind=8 HV=0.998795186826947; #4 ind=9 HV=0.9984676142446746; #5 ind=23 HV=0.9984154616260065
MPSLGP task 0 best fitness of generation Fitness: [1833.2927736401907 2531.8464858838124]
MPSLGP task 1 best fitness of generation Fitness: [1402.4807600349595 2824.3755528317997]

Pareto Front of Subpopulation 5
Objective 0: [1394.9531750851165, 1402.4807600349595, 1469.7643923996075, 1574.030019277212, 1755.3972281132083, 1833.2927736401907, 1852.6269945918684]
Objective 1: [3270.5048375899787, 2824.3755528317997, 2723.83955937624, 2598.7738950729836, 2581.9815867592697, 2531.8464858838124, 2413.2646574047685]
2
duration: 55146.0
Generation 5 elapsed 55146.0 seconds.
Generation 6
Preselection cleared number: 2063
MPSLGP task-balanced survival counts: [task 0=500, task 1=500]
Subpop 0 reduced 5000 -> 1000
ideal points: [1286.7039637720097, 2122.8216318458844]
nadir points: [1814.4403065574515, 2884.860797005531]
max objectives: [130179.03649861828, 129519.03649861828]
min objectives: [1429.6710708577884, 2358.6907020509825]
HVOfIntermedidatePopPSL: DoubleSummaryStatistics{count=1000, sum=966.903812, min=0.000000, average=0.966904, max=0.999334}
preferenceDiversityPopAll: DoubleSummaryStatistics{count=1000, sum=2.047419, min=0.000000, average=0.002047, max=0.108040}
Genotype diversity: 1.0
Entropy diversity: 6.851216905241783
PC diversity: 0.977
MPSLGP top 5 HV by task at generation 6:
  Task 0: #1 ind=0 HV=0.99933381802917; #2 ind=1 HV=0.9985715549008792; #3 ind=7 HV=0.9974395525723014; #4 ind=8 HV=0.9959322179051306; #5 ind=9 HV=0.9958728814633675
  Task 1: #1 ind=2 HV=0.9973309341761244; #2 ind=3 HV=0.9962663739707783; #3 ind=4 HV=0.9962508318317741; #4 ind=5 HV=0.9962352902998444; #5 ind=10 HV=0.9958529690082649
MPSLGP task 0 best fitness of generation Fitness: [1814.4403065574515 2358.6907020509825]
MPSLGP task 1 best fitness of generation Fitness: [1488.378590956505 2634.293609487184]

Pareto Front of Subpopulation 6
Objective 0: [1429.6710708577884, 1447.620216764888, 1447.620216764888, 1447.620216764888, 1488.378590956505, 1628.7179445411311, 1814.4403065574515]
Objective 1: [2884.860797005531, 2807.8887370107113, 2807.8887370107113, 2807.8887370107113, 2634.293609487184, 2426.7770839686273, 2358.6907020509825]
2
duration: 71.0
Generation 6 elapsed 71.0 seconds.
Generation 7
Preselection cleared number: 1978
MPSLGP task-balanced survival counts: [task 0=500, task 1=500]
Subpop 0 reduced 5000 -> 1000
ideal points: [1217.8871418066979, 2004.7858916540863]
nadir points: [1896.867867407258, 3379.5885977848666]
max objectives: [46939.91579682802, 50737.295619639335]
min objectives: [1353.2079353407753, 2227.5398796156514]
HVOfIntermedidatePopPSL: DoubleSummaryStatistics{count=1000, sum=918.944173, min=0.000000, average=0.918944, max=0.995901}
preferenceDiversityPopAll: DoubleSummaryStatistics{count=1000, sum=1.766274, min=0.000000, average=0.001766, max=0.082373}
Genotype diversity: 1.0
Entropy diversity: 6.743143528600716
PC diversity: 0.963
MPSLGP top 5 HV by task at generation 7:
  Task 0: #1 ind=0 HV=0.9959010447972297; #2 ind=11 HV=0.9905837180853314; #3 ind=12 HV=0.9905022724393138; #4 ind=33 HV=0.9899999770681461; #5 ind=34 HV=0.9897190128313902
  Task 1: #1 ind=1 HV=0.992603921679531; #2 ind=2 HV=0.9914647982741188; #3 ind=13 HV=0.9890232125618309; #4 ind=3 HV=0.9887475007934449; #5 ind=4 HV=0.9886629750283593
MPSLGP task 0 best fitness of generation Fitness: [1894.7545762663358 2257.2112867429387]
MPSLGP task 1 best fitness of generation Fitness: [1450.5101215331524 2481.280811650853]

Pareto Front of Subpopulation 7
Objective 0: [1353.2079353407753, 1409.0989281129441, 1411.930819571251, 1420.7541345899663, 1427.5521600552893, 1430.0071086197859, 1432.3715402875678, 1450.5101215331524, 1712.684722904407, 1894.7545762663358, 1896.867867407258]
Objective 1: [3379.5885977848666, 3244.210942295729, 2961.709734647651, 2877.0755001377547, 2703.114610011864, 2690.4644316719787, 2553.8316092253663, 2481.280811650853, 2399.6524227542104, 2257.2112867429387, 2227.5398796156514]
2
duration: 72.0
Generation 7 elapsed 72.0 seconds.
Generation 8
Preselection cleared number: 1981
MPSLGP task-balanced survival counts: [task 0=500, task 1=500]
Subpop 0 reduced 5000 -> 1000
ideal points: [1300.9325631347165, 2161.9005343080967]
nadir points: [2719.7510944181704, 2960.550111471617]
max objectives: [7596.192498982418, 17894.993797929725]
min objectives: [1445.4806257052405, 2402.1117047867738]
HVOfIntermedidatePopPSL: DoubleSummaryStatistics{count=1000, sum=794.502604, min=0.000000, average=0.794503, max=0.976217}
preferenceDiversityPopAll: DoubleSummaryStatistics{count=1000, sum=2.919800, min=0.000000, average=0.002920, max=0.083838}
Genotype diversity: 1.0
Entropy diversity: 6.673231476669129
PC diversity: 0.954
MPSLGP top 5 HV by task at generation 8:
  Task 0: #1 ind=25 HV=0.9679912374934291; #2 ind=15 HV=0.9670534719201065; #3 ind=7 HV=0.9622143462667856; #4 ind=9 HV=0.960288352070115; #5 ind=38 HV=0.9564126032521182
  Task 1: #1 ind=0 HV=0.976216989069255; #2 ind=1 HV=0.9759976490121581; #3 ind=2 HV=0.9704016955059588; #4 ind=3 HV=0.9701841464326986; #5 ind=4 HV=0.969966734353844
MPSLGP task 0 best fitness of generation Fitness: [1936.823083266092 2463.7117436625995]
MPSLGP task 1 best fitness of generation Fitness: [1491.13600594952 2654.0485545181436]

Pareto Front of Subpopulation 8
Objective 0: [1445.4806257052405, 1471.2333058074582, 1471.2333058074582, 1483.458073864953, 1483.458073864953, 1483.458073864953, 1491.13600594952, 1491.13600594952, 1598.420020436286, 1903.2746080469587, 1921.958333858085, 1936.823083266092, 2010.9718584618095, 2719.7510944181704]
Objective 1: [2960.550111471617, 2802.035264941631, 2802.035264941631, 2753.6819033994107, 2753.6819033994107, 2753.6819033994107, 2654.0485545181436, 2654.0485545181436, 2627.829689615697, 2566.6736517815734, 2508.4244138282957, 2463.7117436625995, 2438.5611058428185, 2402.1117047867738]
2
duration: 78.0
Generation 8 elapsed 78.0 seconds.
Generation 9
Preselection cleared number: 1921
MPSLGP task-balanced survival counts: [task 0=500, task 1=500]
Subpop 0 reduced 5000 -> 1000
ideal points: [1201.3938907492527, 2082.131094473909]
nadir points: [1615.5784255129474, 3020.410226288601]
max objectives: [14669.675430941279, 26661.805212604348]
min objectives: [1334.882100832503, 2313.4789938598988]
HVOfIntermedidatePopPSL: DoubleSummaryStatistics{count=1000, sum=862.938964, min=0.000000, average=0.862939, max=0.991389}
preferenceDiversityPopAll: DoubleSummaryStatistics{count=1000, sum=3.453636, min=0.000000, average=0.003454, max=0.118685}
Genotype diversity: 1.0
Entropy diversity: 6.645126444494621
PC diversity: 0.979
MPSLGP top 5 HV by task at generation 9:
  Task 0: #1 ind=11 HV=0.991389148846502; #2 ind=1 HV=0.9857332241684001; #3 ind=2 HV=0.9856197696766024; #4 ind=22 HV=0.9805377430554535; #5 ind=69 HV=0.9797688981956072
  Task 1: #1 ind=0 HV=0.9864096315050345; #2 ind=12 HV=0.983760568070947; #3 ind=13 HV=0.982909547728523; #4 ind=3 HV=0.9806428073923784; #5 ind=4 HV=0.9800124003193007
MPSLGP task 0 best fitness of generation Fitness: [1545.1958546351598 2462.681977457978]
MPSLGP task 1 best fitness of generation Fitness: [1418.8162090334226 2483.890454065753]

Pareto Front of Subpopulation 9
Objective 0: [1334.882100832503, 1371.239280254129, 1373.0228049477446, 1394.9148584497452, 1413.7105788785339, 1418.8162090334226, 1545.1958546351598, 1545.1958546351598, 1568.4211956632353, 1593.7731865749229, 1615.5784255129474]
Objective 1: [3020.410226288601, 2874.7962201928603, 2753.35410061304, 2672.7491708841408, 2623.4613529419003, 2483.890454065753, 2462.681977457978, 2462.681977457978, 2449.8926419968484, 2322.129027549119, 2313.4789938598988]
2
duration: 89.0
Generation 9 elapsed 89.0 seconds.
Generation 10
Preselection cleared number: 1977
MPSLGP task-balanced survival counts: [task 0=500, task 1=500]
Subpop 0 reduced 5000 -> 1000
ideal points: [1209.8395738756233, 2082.1026039637336]
nadir points: [1915.281002936972, 2953.4598077116534]
max objectives: [93362.16494470664, 93296.16494470664]
min objectives: [1344.266193195137, 2313.4473377374816]
HVOfIntermedidatePopPSL: DoubleSummaryStatistics{count=1000, sum=964.453976, min=0.000000, average=0.964454, max=0.998287}
preferenceDiversityPopAll: DoubleSummaryStatistics{count=1000, sum=4.098537, min=0.000000, average=0.004099, max=0.092893}
Genotype diversity: 1.0
Entropy diversity: 6.563318710534381
PC diversity: 0.969
MPSLGP top 5 HV by task at generation 10:
  Task 0: #1 ind=0 HV=0.9982865718472503; #2 ind=1 HV=0.9969050856387371; #3 ind=2 HV=0.9966618950064822; #4 ind=17 HV=0.9961713726588609; #5 ind=18 HV=0.995881921850408
  Task 1: #1 ind=3 HV=0.9958353255903695; #2 ind=6 HV=0.9955621811267793; #3 ind=8 HV=0.9953780022384312; #4 ind=9 HV=0.9953706867451911; #5 ind=10 HV=0.9952664087113362
MPSLGP task 0 best fitness of generation Fitness: [1709.2183982436836 2374.6787654686486]
MPSLGP task 1 best fitness of generation Fitness: [1509.9953167748608 2513.044192597037]

Pareto Front of Subpopulation 10
Objective 0: [1344.266193195137, 1367.1556347011938, 1387.94489812557, 1427.9582776067255, 1468.8108279053413, 1474.7639473537565, 1493.6677343028205, 1509.9953167748608, 1584.3232672326412, 1624.3468085620843, 1663.5673903344723, 1668.335149163293, 1693.7806061257434, 1709.2183982436836, 1809.7771182495635, 1823.9556068676175, 1915.281002936972]
Objective 1: [2953.4598077116534, 2778.0551604086068, 2685.699345077155, 2626.485899847001, 2611.5088384121773, 2593.486584520433, 2556.0561548405094, 2513.044192597037, 2487.056836147676, 2469.3303567246767, 2447.9277511615073, 2430.746682471363, 2422.12013753911, 2374.6787654686486, 2363.3388802334666, 2335.000242172857, 2313.4473377374816]
2
duration: 99.0
Generation 10 elapsed 99.0 seconds.
Generation 11
Preselection cleared number: 1844
MPSLGP task-balanced survival counts: [task 0=500, task 1=500]
Subpop 0 reduced 5000 -> 1000
ideal points: [1212.2401848877198, 2118.848625665519]
nadir points: [1990.4777149935835, 2830.8894420118304]
max objectives: [17440.045648746367, 30732.405331286835]
min objectives: [1346.9335387641331, 2354.2762507394655]
HVOfIntermedidatePopPSL: DoubleSummaryStatistics{count=1000, sum=884.086865, min=0.000000, average=0.884087, max=0.989163}
preferenceDiversityPopAll: DoubleSummaryStatistics{count=1000, sum=6.763422, min=0.000000, average=0.006763, max=0.086501}
Genotype diversity: 1.0
Entropy diversity: 6.437195269358929
PC diversity: 0.961
MPSLGP top 5 HV by task at generation 11:
  Task 0: #1 ind=0 HV=0.9891633492803736; #2 ind=1 HV=0.9879869478131521; #3 ind=2 HV=0.9879578223157016; #4 ind=28 HV=0.983645561171952; #5 ind=114 HV=0.9830423687812017
  Task 1: #1 ind=3 HV=0.9836038054684355; #2 ind=4 HV=0.9831097740342563; #3 ind=5 HV=0.9830146608439967; #4 ind=7 HV=0.9826697638804829; #5 ind=8 HV=0.9823230132186301
MPSLGP task 0 best fitness of generation Fitness: [1474.5302388038108 2429.2443301770254]
MPSLGP task 1 best fitness of generation Fitness: [1411.9681816936354 2690.05377056211]

Pareto Front of Subpopulation 11
Objective 0: [1346.9335387641331, 1346.9335387641331, 1380.5367983669712, 1411.9681816936354, 1465.575794363227, 1474.5302388038108, 1767.8110363524465, 1990.4777149935835]
Objective 1: [2830.8894420118304, 2830.8894420118304, 2774.214342428255, 2690.05377056211, 2476.853909129568, 2429.2443301770254, 2419.823361774208, 2354.2762507394655]
2
duration: 88.0
Generation 11 elapsed 88.0 seconds.
Generation 12
Preselection cleared number: 2018
MPSLGP task-balanced survival counts: [task 0=500, task 1=500]
Subpop 0 reduced 5000 -> 1000
ideal points: [1197.4574469371291, 1934.754660923191]
nadir points: [1811.951114172116, 2736.922187704826]
max objectives: [14970.324798042056, 17256.250976375013]
min objectives: [1330.508274374588, 2149.727401025768]
HVOfIntermedidatePopPSL: DoubleSummaryStatistics{count=1000, sum=853.302497, min=0.000000, average=0.853302, max=0.981996}
preferenceDiversityPopAll: DoubleSummaryStatistics{count=1000, sum=6.985002, min=0.000000, average=0.006985, max=0.079714}
Genotype diversity: 1.0
Entropy diversity: 6.320180703458911
PC diversity: 0.942
MPSLGP top 5 HV by task at generation 12:
  Task 0: #1 ind=0 HV=0.9819956738428514; #2 ind=1 HV=0.9795631422668158; #3 ind=2 HV=0.9778224569533468; #4 ind=16 HV=0.9696221061789058; #5 ind=7 HV=0.9689736704593946
  Task 1: #1 ind=6 HV=0.9800143268669472; #2 ind=3 HV=0.9730255476721201; #3 ind=33 HV=0.9717518914866694; #4 ind=53 HV=0.9713312589372268; #5 ind=34 HV=0.9699369757919332
MPSLGP task 0 best fitness of generation Fitness: [1454.7084592428 2281.2505601017037]
MPSLGP task 1 best fitness of generation Fitness: [1399.4304409841134 2495.758179133234]

Pareto Front of Subpopulation 12
Objective 0: [1330.508274374588, 1354.4875284660666, 1399.4304409841134, 1438.2367389364808, 1454.7084592428, 1811.951114172116]
Objective 1: [2736.922187704826, 2571.3477128556697, 2495.758179133234, 2360.994703394943, 2281.2505601017037, 2149.727401025768]
2
duration: 85.0
Generation 12 elapsed 85.0 seconds.
Generation 13
Preselection cleared number: 1922
MPSLGP task-balanced survival counts: [task 0=500, task 1=500]
Subpop 0 reduced 5000 -> 1000
ideal points: [1228.2291047277802, 2104.0324319387146]
nadir points: [2264.6892938465026, 2693.14126845391]
max objectives: [29830.244945171027, 29236.244945171027]
min objectives: [1364.6990052530891, 2337.8138132652384]
HVOfIntermedidatePopPSL: DoubleSummaryStatistics{count=1000, sum=888.182425, min=0.000000, average=0.888182, max=0.991618}
preferenceDiversityPopAll: DoubleSummaryStatistics{count=1000, sum=6.532772, min=0.000000, average=0.006533, max=0.107561}
Genotype diversity: 1.0
Entropy diversity: 6.053947721423146
PC diversity: 0.954
MPSLGP top 5 HV by task at generation 13:
  Task 0: #1 ind=1 HV=0.9902926490950622; #2 ind=10 HV=0.9899986066756202; #3 ind=2 HV=0.9894877806502373; #4 ind=22 HV=0.9890019056690981; #5 ind=39 HV=0.9888262724956801
  Task 1: #1 ind=20 HV=0.9916176676403199; #2 ind=21 HV=0.9911759759892956; #3 ind=0 HV=0.9909697555493329; #4 ind=3 HV=0.9879846070466994; #5 ind=41 HV=0.9873487131180363
MPSLGP task 0 best fitness of generation Fitness: [1465.6729992551118 2500.2541719843866]
MPSLGP task 1 best fitness of generation Fitness: [1562.1450948301062 2392.5983571386896]

Pareto Front of Subpopulation 13
Objective 0: [1364.6990052530891, 1364.6990052530891, 1423.2371709705767, 1439.6747459522303, 1445.27286398437, 1465.6729992551118, 1555.236899474694, 1562.1450948301062, 1695.0288353759388, 2264.6892938465026]
Objective 1: [2693.14126845391, 2693.14126845391, 2643.7315498756943, 2607.369524824433, 2539.2653976563597, 2500.2541719843866, 2493.7133718744735, 2392.5983571386896, 2341.2635004604817, 2337.8138132652384]
2
duration: 87.0
Generation 13 elapsed 87.0 seconds.
Generation 14
Preselection cleared number: 1864
MPSLGP task-balanced survival counts: [task 0=500, task 1=500]
Subpop 0 reduced 5000 -> 1000
ideal points: [1212.2592233994626, 2041.7348517669482]
nadir points: [2011.2198977469234, 3184.773342220462]
max objectives: [25373.464963905833, 28208.520312706707]
min objectives: [1346.9546926660696, 2268.5942797410535]
HVOfIntermedidatePopPSL: DoubleSummaryStatistics{count=1000, sum=893.289565, min=0.000000, average=0.893290, max=0.994611}
preferenceDiversityPopAll: DoubleSummaryStatistics{count=1000, sum=7.696215, min=0.000000, average=0.007696, max=0.101513}
Genotype diversity: 1.0
Entropy diversity: 6.17852753579336
PC diversity: 0.957
MPSLGP top 5 HV by task at generation 14:
  Task 0: #1 ind=10 HV=0.9920072396337932; #2 ind=1 HV=0.9887511963549652; #3 ind=2 HV=0.9884899184250767; #4 ind=3 HV=0.9879338297439391; #5 ind=11 HV=0.9865172167686813
  Task 1: #1 ind=0 HV=0.9946110314180278; #2 ind=4 HV=0.9834250797746256; #3 ind=5 HV=0.9800544799376334; #4 ind=6 HV=0.979900813151883; #5 ind=55 HV=0.9797653409063919
MPSLGP task 0 best fitness of generation Fitness: [2011.2198977469234 2268.5942797410535]
MPSLGP task 1 best fitness of generation Fitness: [1470.8492380216921 2270.506953127915]

Pareto Front of Subpopulation 14
Objective 0: [1346.9546926660696, 1358.5258259635302, 1360.0592713433434, 1360.0592713433434, 1364.0334699081577, 1459.2222687830508, 1460.4868998516176, 1461.5609093962703, 1470.8492380216921, 2011.2198977469234]
Objective 1: [3184.773342220462, 3006.3807056513033, 2941.73028830142, 2941.73028830142, 2678.370287965052, 2652.3907232597703, 2447.6078994914424, 2434.000574128382, 2270.506953127915, 2268.5942797410535]
2
duration: 91.0
Generation 14 elapsed 91.0 seconds.
Generation 15
Preselection cleared number: 1953
MPSLGP task-balanced survival counts: [task 0=500, task 1=500]
Subpop 0 reduced 5000 -> 1000
ideal points: [1262.6923244639722, 2100.3336548356924]
nadir points: [1826.7116261406045, 3122.180252274731]
max objectives: [68181.79895869899, 68115.79895869899]
min objectives: [1402.9914716266358, 2333.704060928547]
HVOfIntermedidatePopPSL: DoubleSummaryStatistics{count=1000, sum=894.061208, min=0.000000, average=0.894061, max=0.996218}
preferenceDiversityPopAll: DoubleSummaryStatistics{count=1000, sum=7.272133, min=0.000000, average=0.007272, max=0.093003}
Genotype diversity: 1.0
Entropy diversity: 5.906064117327897
PC diversity: 0.969
MPSLGP top 5 HV by task at generation 15:
  Task 0: #1 ind=13 HV=0.9958616109463603; #2 ind=14 HV=0.9958316423866336; #3 ind=18 HV=0.9948280296548625; #4 ind=7 HV=0.9941479521754492; #5 ind=48 HV=0.9936469882051795
  Task 1: #1 ind=0 HV=0.9962176879899901; #2 ind=1 HV=0.9954763313659195; #3 ind=60 HV=0.9954570158592373; #4 ind=2 HV=0.9954463632414097; #5 ind=3 HV=0.9954163973764257
MPSLGP task 0 best fitness of generation Fitness: [1490.4210608929861 2617.168485332688]
MPSLGP task 1 best fitness of generation Fitness: [1610.5793236212921 2374.201149888686]

Pareto Front of Subpopulation 15
Objective 0: [1402.9914716266358, 1404.8324370182236, 1409.1196991659817, 1450.9760072582358, 1459.6601047307704, 1490.4210608929861, 1505.8232638092595, 1593.4345346018235, 1593.4345346018235, 1593.4345346018235, 1593.4345346018235, 1610.5793236212921, 1826.7116261406045]
Objective 1: [3122.180252274731, 2939.4087578164763, 2844.5590112151112, 2843.4083905834705, 2632.4320478390437, 2617.168485332688, 2573.8155291190487, 2438.062495409744, 2438.062495409744, 2438.062495409744, 2438.062495409744, 2374.201149888686, 2333.704060928547]
2
duration: 90.0
Generation 15 elapsed 90.0 seconds.
Generation 16
Preselection cleared number: 1930
MPSLGP task-balanced survival counts: [task 0=500, task 1=500]
Subpop 0 reduced 5000 -> 1000
ideal points: [1254.1030936257418, 2112.0840693059845]
nadir points: [1749.6821795611759, 3143.9890800031135]
max objectives: [183058.3810470824, 182992.3810470824]
min objectives: [1393.4478818063799, 2346.760077006649]
HVOfIntermedidatePopPSL: DoubleSummaryStatistics{count=1000, sum=932.531791, min=0.000000, average=0.932532, max=0.998675}
preferenceDiversityPopAll: DoubleSummaryStatistics{count=1000, sum=7.820035, min=0.000000, average=0.007820, max=0.106709}
Genotype diversity: 1.0
Entropy diversity: 6.05174998899313
PC diversity: 0.958
MPSLGP top 5 HV by task at generation 16:
  Task 0: #1 ind=2 HV=0.998122672439252; #2 ind=9 HV=0.9976972242462131; #3 ind=47 HV=0.9975513736698579; #4 ind=84 HV=0.9975235011170963; #5 ind=13 HV=0.9975230540287043
  Task 1: #1 ind=0 HV=0.9986752329041709; #2 ind=1 HV=0.9984806526901088; #3 ind=7 HV=0.9981800096249492; #4 ind=35 HV=0.9981159475190727; #5 ind=3 HV=0.9980280508040885
MPSLGP task 0 best fitness of generation Fitness: [1596.801121298835 2477.8592213914962]
MPSLGP task 1 best fitness of generation Fitness: [1462.6167459205026 2509.3928256115178]

Pareto Front of Subpopulation 16
Objective 0: [1393.4478818063799, 1423.9933359169954, 1432.7882378761715, 1462.6167459205026, 1596.801121298835, 1598.7358932317584, 1749.6821795611759]
Objective 1: [3143.9890800031135, 2959.3001593705267, 2902.0618457653327, 2509.3928256115178, 2477.8592213914962, 2413.182709178014, 2346.760077006649]
2
duration: 90.0
Generation 16 elapsed 90.0 seconds.
Generation 17
Preselection cleared number: 1645
MPSLGP task-balanced survival counts: [task 0=500, task 1=500]
Subpop 0 reduced 5000 -> 1000
ideal points: [1455.4537378228795, 2231.9567995049874]
nadir points: [2230.6993427816487, 4092.683279212797]
max objectives: [16147.19495351144, 35853.50570449175]
min objectives: [1617.1708198031993, 2479.951999449986]
HVOfIntermedidatePopPSL: DoubleSummaryStatistics{count=1000, sum=859.039648, min=0.000000, average=0.859040, max=0.982622}
preferenceDiversityPopAll: DoubleSummaryStatistics{count=1000, sum=6.718316, min=0.000000, average=0.006718, max=0.098951}
Genotype diversity: 1.0
Entropy diversity: 6.342148096501236
PC diversity: 0.964
MPSLGP top 5 HV by task at generation 17:
  Task 0: #1 ind=23 HV=0.9826217903217005; #2 ind=0 HV=0.9818856099624195; #3 ind=9 HV=0.9792090270308248; #4 ind=2 HV=0.9790397699618688; #5 ind=24 HV=0.9782937837358247
  Task 1: #1 ind=1 HV=0.9815709152254973; #2 ind=10 HV=0.9783286827941546; #3 ind=29 HV=0.9713709065282123; #4 ind=30 HV=0.9711338049595746; #5 ind=47 HV=0.9691494811049306
MPSLGP task 0 best fitness of generation Fitness: [1713.7250952592003 2858.8176229530945]
MPSLGP task 1 best fitness of generation Fitness: [1867.352079546603 2517.8192420190317]

Pareto Front of Subpopulation 17
Objective 0: [1617.1708198031993, 1636.889892645413, 1643.0194284144382, 1644.2333844610548, 1706.974821821641, 1713.7250952592003, 1800.4181326866674, 1867.352079546603, 2230.6993427816487]
Objective 1: [4092.683279212797, 4030.334713872522, 3511.6421638136962, 3450.022686498007, 3108.5045063234866, 2858.8176229530945, 2752.439012614428, 2517.8192420190317, 2479.951999449986]
2
duration: 93.0
Generation 17 elapsed 93.0 seconds.
Generation 18
Preselection cleared number: 1730
MPSLGP task-balanced survival counts: [task 0=500, task 1=500]
Subpop 0 reduced 5000 -> 1000
ideal points: [1231.523335717371, 2075.7201966683615]
nadir points: [1624.0949066950416, 2917.9037570290966]
max objectives: [15250.206056644965, 28096.82986768798]
min objectives: [1368.35926190819, 2306.355774075957]
HVOfIntermedidatePopPSL: DoubleSummaryStatistics{count=1000, sum=858.576616, min=0.000000, average=0.858577, max=0.988271}
preferenceDiversityPopAll: DoubleSummaryStatistics{count=1000, sum=7.101456, min=0.000000, average=0.007101, max=0.095803}
Genotype diversity: 1.0
Entropy diversity: 6.461707864285795
PC diversity: 0.977
MPSLGP top 5 HV by task at generation 18:
  Task 0: #1 ind=0 HV=0.9882705777070425; #2 ind=1 HV=0.9858205222562894; #3 ind=11 HV=0.9839665481780597; #4 ind=12 HV=0.9816871059217063; #5 ind=3 HV=0.9809274396618908
  Task 1: #1 ind=10 HV=0.9841278593678943; #2 ind=2 HV=0.9825023288285258; #3 ind=13 HV=0.9811005369839989; #4 ind=14 HV=0.9803223433351281; #5 ind=15 HV=0.9800447247958587
MPSLGP task 0 best fitness of generation Fitness: [1449.032722584714 2457.051517559332]
MPSLGP task 1 best fitness of generation Fitness: [1416.7402839928109 2660.616252066684]

Pareto Front of Subpopulation 18
Objective 0: [1368.35926190819, 1379.8785053750908, 1379.8785053750908, 1386.282332637289, 1400.8909040377475, 1401.1405827942654, 1416.7402839928109, 1449.032722584714, 1525.6670075949369, 1624.0949066950416]
Objective 1: [2917.9037570290966, 2879.514021500363, 2879.514021500363, 2814.5096392616397, 2812.320363510051, 2727.207537142909, 2660.616252066684, 2457.051517559332, 2374.986768044211, 2306.355774075957]
2
duration: 106.0
Generation 18 elapsed 106.0 seconds.
Generation 19
Preselection cleared number: 1760
MPSLGP task-balanced survival counts: [task 0=500, task 1=500]
Subpop 0 reduced 5000 -> 1000
ideal points: [1207.9541519639533, 2133.5336985770614]
nadir points: [1720.518474559518, 2568.025541730225]
max objectives: [20086.427875751033, 23184.7139185688]
min objectives: [1342.1712799599482, 2370.592998418957]
HVOfIntermedidatePopPSL: DoubleSummaryStatistics{count=1000, sum=858.076381, min=0.000000, average=0.858076, max=0.992459}
preferenceDiversityPopAll: DoubleSummaryStatistics{count=1000, sum=9.164236, min=0.000000, average=0.009164, max=0.091254}
Genotype diversity: 1.0
Entropy diversity: 6.257868336504344
PC diversity: 0.967
MPSLGP top 5 HV by task at generation 19:
  Task 0: #1 ind=5 HV=0.9899150877373272; #2 ind=6 HV=0.9892843293234588; #3 ind=12 HV=0.986179199079585; #4 ind=13 HV=0.9860030960856143; #5 ind=37 HV=0.985568680322987
  Task 1: #1 ind=0 HV=0.9924591378696017; #2 ind=1 HV=0.9923589216900672; #3 ind=2 HV=0.9922587309263509; #4 ind=3 HV=0.9921585655691575; #5 ind=4 HV=0.99158981375057
MPSLGP task 0 best fitness of generation Fitness: [1342.1712799599482 2568.025541730225]
MPSLGP task 1 best fitness of generation Fitness: [1442.3288118828495 2414.4798911842518]

Pareto Front of Subpopulation 19
Objective 0: [1342.1712799599482, 1360.7030107421015, 1410.3432482899952, 1442.3288118828495, 1442.3288118828495, 1442.3288118828495, 1442.3288118828495, 1720.518474559518, 1720.518474559518, 1720.518474559518]
Objective 1: [2568.025541730225, 2514.786058471771, 2514.762095115322, 2414.4798911842518, 2414.4798911842518, 2414.4798911842518, 2414.4798911842518, 2370.592998418957, 2370.592998418957, 2370.592998418957]
2
duration: 112.0
Generation 19 elapsed 112.0 seconds.
Generation 20
Preselection cleared number: 1744
MPSLGP task-balanced survival counts: [task 0=500, task 1=500]
Subpop 0 reduced 5000 -> 1000
ideal points: [1196.3170895672718, 2085.1991488592116]
nadir points: [1625.3790954971337, 3114.8997150250943]
max objectives: [27018.893594540918, 51867.33725660399]
min objectives: [1329.2412106303018, 2316.887943176902]
HVOfIntermedidatePopPSL: DoubleSummaryStatistics{count=1000, sum=914.734689, min=0.000000, average=0.914735, max=0.993345}
preferenceDiversityPopAll: DoubleSummaryStatistics{count=1000, sum=7.911642, min=0.000000, average=0.007912, max=0.100929}
Genotype diversity: 1.0
Entropy diversity: 6.501076729420981
PC diversity: 0.976
MPSLGP top 5 HV by task at generation 20:
  Task 0: #1 ind=0 HV=0.9933450281846423; #2 ind=1 HV=0.991548657758278; #3 ind=9 HV=0.9898897048641176; #4 ind=11 HV=0.9884657266078344; #5 ind=15 HV=0.9880643897501115
  Task 1: #1 ind=2 HV=0.9905800111253348; #2 ind=8 HV=0.9903388517521428; #3 ind=10 HV=0.9893512697632253; #4 ind=3 HV=0.9884562916899611; #5 ind=12 HV=0.9884285416765967
MPSLGP task 0 best fitness of generation Fitness: [1463.6742334989685 2378.9805301300366]
MPSLGP task 1 best fitness of generation Fitness: [1362.1859046458558 2717.7319957052823]

Pareto Front of Subpopulation 20
Objective 0: [1329.2412106303018, 1349.3437920100623, 1349.3437920100623, 1362.1859046458558, 1408.5324220844486, 1463.6742334989685, 1610.8388575508434, 1625.3790954971337]
Objective 1: [3114.8997150250943, 2911.6568283209344, 2911.6568283209344, 2717.7319957052823, 2577.7376563062426, 2378.9805301300366, 2325.719316264731, 2316.887943176902]
2
duration: 116.0
Generation 20 elapsed 116.0 seconds.
Generation 21
Preselection cleared number: 1758
MPSLGP task-balanced survival counts: [task 0=500, task 1=500]
Subpop 0 reduced 5000 -> 1000
ideal points: [1149.9531082184549, 1998.6943184400677]
nadir points: [1598.7284434783214, 2391.3221903201193]
max objectives: [36667.54966925469, 36205.54966925469]
min objectives: [1277.7256757982832, 2220.7714649334084]
HVOfIntermedidatePopPSL: DoubleSummaryStatistics{count=1000, sum=911.484916, min=0.000000, average=0.911485, max=0.994924}
preferenceDiversityPopAll: DoubleSummaryStatistics{count=1000, sum=10.791091, min=0.000000, average=0.010791, max=0.104721}
Genotype diversity: 1.0
Entropy diversity: 6.497037119156581
PC diversity: 0.94
MPSLGP top 5 HV by task at generation 21:
  Task 0: #1 ind=0 HV=0.9949243150546264; #2 ind=1 HV=0.994898819929847; #3 ind=7 HV=0.9919944070777049; #4 ind=8 HV=0.9915646129437616; #5 ind=9 HV=0.9911299113948556
  Task 1: #1 ind=24 HV=0.9938595015700648; #2 ind=2 HV=0.9937202559120151; #3 ind=3 HV=0.9921379369401696; #4 ind=4 HV=0.992080949133544; #5 ind=10 HV=0.9908802662750977
MPSLGP task 0 best fitness of generation Fitness: [1277.7256757982832 2391.3221903201193]
MPSLGP task 1 best fitness of generation Fitness: [1411.9667174609203 2353.743087183102]

Pareto Front of Subpopulation 21
Objective 0: [1277.7256757982832, 1410.9314007699431, 1411.9667174609203, 1411.9667174609203, 1411.9667174609203, 1416.5082296563633, 1598.7284434783214]
Objective 1: [2391.3221903201193, 2384.1774088596576, 2353.743087183102, 2353.743087183102, 2353.743087183102, 2257.113009763416, 2220.7714649334084]
2
duration: 92.0
Generation 21 elapsed 92.0 seconds.
Generation 22
Preselection cleared number: 1747
MPSLGP task-balanced survival counts: [task 0=500, task 1=500]
Subpop 0 reduced 5000 -> 1000
ideal points: [1193.373539797918, 2053.45074938121]
nadir points: [1625.1005993369472, 2945.8438458450837]
max objectives: [13956.81716804995, 35253.035368165]
min objectives: [1325.9705997754645, 2281.6119437568996]
HVOfIntermedidatePopPSL: DoubleSummaryStatistics{count=1000, sum=888.751499, min=0.000000, average=0.888751, max=0.991247}
preferenceDiversityPopAll: DoubleSummaryStatistics{count=1000, sum=8.526399, min=0.000000, average=0.008526, max=0.097651}
Genotype diversity: 1.0
Entropy diversity: 6.548766623998569
PC diversity: 0.947
MPSLGP top 5 HV by task at generation 22:
  Task 0: #1 ind=6 HV=0.9875795772888919; #2 ind=7 HV=0.9861048437535521; #3 ind=11 HV=0.9854314195832756; #4 ind=48 HV=0.985082205512044; #5 ind=13 HV=0.9839272594392813
  Task 1: #1 ind=0 HV=0.9912469610051962; #2 ind=1 HV=0.9909613314288505; #3 ind=2 HV=0.9897588727250418; #4 ind=15 HV=0.9888799516542339; #5 ind=16 HV=0.9888398873966194
MPSLGP task 0 best fitness of generation Fitness: [1349.1587795350933 2609.90388525452]
MPSLGP task 1 best fitness of generation Fitness: [1395.9337962477948 2377.428629754111]

Pareto Front of Subpopulation 22
Objective 0: [1325.9705997754645, 1337.800339443791, 1373.5415040841763, 1395.9337962477948, 1625.1005993369472]
Objective 1: [2945.8438458450837, 2585.1188818455557, 2448.956190803845, 2377.428629754111, 2281.6119437568996]
2
duration: 94.0
Generation 22 elapsed 94.0 seconds.
Generation 23
Preselection cleared number: 1831
MPSLGP task-balanced survival counts: [task 0=500, task 1=500]
Subpop 0 reduced 5000 -> 1000
ideal points: [1182.8096968292637, 1998.420019908494]
nadir points: [1427.3490714424843, 2494.6009821008192]
max objectives: [13852.739618249849, 22281.30806756392]
min objectives: [1314.2329964769597, 2220.4666887872154]
HVOfIntermedidatePopPSL: DoubleSummaryStatistics{count=1000, sum=864.517345, min=0.000000, average=0.864517, max=0.990443}
preferenceDiversityPopAll: DoubleSummaryStatistics{count=1000, sum=8.384440, min=0.000000, average=0.008384, max=0.090379}
Genotype diversity: 1.0
Entropy diversity: 6.4839190349363065
PC diversity: 0.973
MPSLGP top 5 HV by task at generation 23:
  Task 0: #1 ind=6 HV=0.9904430550257163; #2 ind=3 HV=0.9898851323221323; #3 ind=4 HV=0.9878443148171504; #4 ind=5 HV=0.9862077264424516; #5 ind=41 HV=0.9830449612735009
  Task 1: #1 ind=0 HV=0.9903404677718433; #2 ind=1 HV=0.9902129880229681; #3 ind=2 HV=0.9899757807295017; #4 ind=11 HV=0.9803369629962254; #5 ind=23 HV=0.9778632658300248
MPSLGP task 0 best fitness of generation Fitness: [1366.0505886380124 2333.2570657938486]
MPSLGP task 1 best fitness of generation Fitness: [1427.3490714424843 2220.4666887872154]

Pareto Front of Subpopulation 23
Objective 0: [1314.2329964769597, 1353.2941938454169, 1366.0505886380124, 1412.1800895798951, 1427.3490714424843, 1427.3490714424843]
Objective 1: [2494.6009821008192, 2354.358395145042, 2333.2570657938486, 2298.0096910868015, 2220.4666887872154, 2220.4666887872154]
2
duration: 96.0
Generation 23 elapsed 96.0 seconds.
Generation 24
Preselection cleared number: 1816
MPSLGP task-balanced survival counts: [task 0=500, task 1=500]
Subpop 0 reduced 5000 -> 1000
ideal points: [1241.0368739804633, 2123.4815223136393]
nadir points: [1486.7450536154793, 3240.848658041621]
max objectives: [11093.212258041109, 29565.687709556776]
min objectives: [1378.9298599782924, 2359.4239136818214]
HVOfIntermedidatePopPSL: DoubleSummaryStatistics{count=1000, sum=858.450027, min=0.000000, average=0.858450, max=0.988764}
preferenceDiversityPopAll: DoubleSummaryStatistics{count=1000, sum=8.836017, min=0.000000, average=0.008836, max=0.103884}
Genotype diversity: 1.0
Entropy diversity: 6.5705319498099675
PC diversity: 0.958
MPSLGP top 5 HV by task at generation 24:
  Task 0: #1 ind=0 HV=0.9887643959293526; #2 ind=7 HV=0.9846457692146154; #3 ind=2 HV=0.980905355176429; #4 ind=10 HV=0.9784492018789631; #5 ind=22 HV=0.977106577857388
  Task 1: #1 ind=1 HV=0.9862358298723239; #2 ind=8 HV=0.9820033919877713; #3 ind=9 HV=0.9801161104106758; #4 ind=3 HV=0.9788569933257925; #5 ind=11 HV=0.9777299364695076
MPSLGP task 0 best fitness of generation Fitness: [1486.7450536154793 2359.4239136818214]
MPSLGP task 1 best fitness of generation Fitness: [1435.898788732593 2656.476017063018]

Pareto Front of Subpopulation 24
Objective 0: [1378.9298599782924, 1382.5634053977847, 1412.908787374341, 1429.501513688665, 1435.898788732593, 1481.3111449859862, 1486.7450536154793]
Objective 1: [3240.848658041621, 2902.4849262774223, 2874.5343168114778, 2862.773576569394, 2656.476017063018, 2587.2046026685275, 2359.4239136818214]
2
duration: 95.0
Generation 24 elapsed 95.0 seconds.
Generation 25
Preselection cleared number: 1750
MPSLGP task-balanced survival counts: [task 0=500, task 1=500]
Subpop 0 reduced 5000 -> 1000
ideal points: [1254.4674656775867, 2150.704550358077]
nadir points: [1756.8367912339454, 3096.0192581618903]
max objectives: [13391.560239491431, 36397.815897163004]
min objectives: [1393.852739641763, 2389.6717226200853]
HVOfIntermedidatePopPSL: DoubleSummaryStatistics{count=1000, sum=874.682012, min=0.000000, average=0.874682, max=0.995839}
preferenceDiversityPopAll: DoubleSummaryStatistics{count=1000, sum=6.168563, min=0.000000, average=0.006169, max=0.088464}
Genotype diversity: 1.0
Entropy diversity: 6.345555914791644
PC diversity: 0.968
MPSLGP top 5 HV by task at generation 25:
  Task 0: #1 ind=0 HV=0.9958387982733573; #2 ind=1 HV=0.9957268410525011; #3 ind=20 HV=0.9848378558988772; #4 ind=27 HV=0.983427376721394; #5 ind=28 HV=0.9830605872203392
  Task 1: #1 ind=19 HV=0.991387071341947; #2 ind=2 HV=0.9889708248818374; #3 ind=3 HV=0.9887840467850606; #4 ind=4 HV=0.9861471688916541; #5 ind=5 HV=0.9860373097008349
MPSLGP task 0 best fitness of generation Fitness: [1426.6837015088531 2430.618826087797]
MPSLGP task 1 best fitness of generation Fitness: [1405.0015104920894 2729.688184525643]

Pareto Front of Subpopulation 25
Objective 0: [1393.852739641763, 1403.8296665378148, 1403.8296665378148, 1403.8296665378148, 1403.8296665378148, 1403.8296665378148, 1403.8296665378148, 1403.8296665378148, 1405.0015104920894, 1414.2589697181247, 1426.6837015088531, 1426.6837015088531, 1539.3714829691744, 1539.3714829691744, 1539.3714829691744, 1539.3714829691744, 1539.3714829691744, 1539.3714829691744, 1756.8367912339454]
Objective 1: [3096.0192581618903, 2937.7960651244503, 2937.7960651244503, 2937.7960651244503, 2937.7960651244503, 2937.7960651244503, 2937.7960651244503, 2937.7960651244503, 2729.688184525643, 2698.680585272785, 2430.618826087797, 2430.618826087797, 2399.7441416140646, 2399.7441416140646, 2399.7441416140646, 2399.7441416140646, 2399.7441416140646, 2399.7441416140646, 2389.6717226200853]
2
duration: 95.0
Generation 25 elapsed 95.0 seconds.
Generation 26
Preselection cleared number: 1714
MPSLGP task-balanced survival counts: [task 0=500, task 1=500]
Subpop 0 reduced 5000 -> 1000
ideal points: [1194.8043778891442, 1986.2508810063825]
nadir points: [1710.4617581167695, 2745.0450607494568]
max objectives: [19619.73646507907, 55433.62575931329]
min objectives: [1327.560419876827, 2206.945423340425]
HVOfIntermedidatePopPSL: DoubleSummaryStatistics{count=1000, sum=889.645994, min=0.000000, average=0.889646, max=0.993314}
preferenceDiversityPopAll: DoubleSummaryStatistics{count=1000, sum=6.359770, min=0.000000, average=0.006360, max=0.114209}
Genotype diversity: 1.0
Entropy diversity: 6.286988296570332
PC diversity: 0.985
MPSLGP top 5 HV by task at generation 26:
  Task 0: #1 ind=0 HV=0.9933136337369852; #2 ind=1 HV=0.99267064948903; #3 ind=2 HV=0.9925923974079806; #4 ind=3 HV=0.9920155390809952; #5 ind=12 HV=0.9905166791981412
  Task 1: #1 ind=7 HV=0.9916740164309571; #2 ind=8 HV=0.9911977189598451; #3 ind=9 HV=0.9911253249766812; #4 ind=10 HV=0.9910529461571471; #5 ind=11 HV=0.9906575485572495
MPSLGP task 0 best fitness of generation Fitness: [1401.5160547455307 2328.7893950433354]
MPSLGP task 1 best fitness of generation Fitness: [1578.8278176469466 2357.5999672048492]

Pareto Front of Subpopulation 26
Objective 0: [1327.560419876827, 1339.083433262589, 1357.626048902006, 1384.4436357141676, 1401.5160547455307, 1540.2525517517643, 1710.4617581167695]
Objective 1: [2745.0450607494568, 2590.9052828509593, 2502.6178254898405, 2416.724775914452, 2328.7893950433354, 2244.8482453965116, 2206.945423340425]
2
duration: 105.0
Generation 26 elapsed 105.0 seconds.
Generation 27
Preselection cleared number: 1806
MPSLGP task-balanced survival counts: [task 0=500, task 1=500]
Subpop 0 reduced 5000 -> 1000
ideal points: [1216.181430068845, 2196.4632549842004]
nadir points: [1565.735727791005, 2765.2508003059775]
max objectives: [17646.903604944993, 62322.07466484385]
min objectives: [1351.3127000764944, 2440.5147277602227]
HVOfIntermedidatePopPSL: DoubleSummaryStatistics{count=1000, sum=911.317015, min=0.000000, average=0.911317, max=0.995814}
preferenceDiversityPopAll: DoubleSummaryStatistics{count=1000, sum=6.615778, min=0.000000, average=0.006616, max=0.091588}
Genotype diversity: 1.0
Entropy diversity: 6.508985646043984
PC diversity: 0.982
MPSLGP top 5 HV by task at generation 27:
  Task 0: #1 ind=21 HV=0.9883989458354566; #2 ind=25 HV=0.9882220675698009; #3 ind=26 HV=0.9880510762150458; #4 ind=27 HV=0.9874516517106662; #5 ind=36 HV=0.9868337740603392
  Task 1: #1 ind=0 HV=0.9958143173852942; #2 ind=1 HV=0.9944994842119261; #3 ind=16 HV=0.9939019216306646; #4 ind=17 HV=0.9893599104441989; #5 ind=18 HV=0.9891972700786231
MPSLGP task 0 best fitness of generation Fitness: [1389.845679753067 2907.2969265957363]
MPSLGP task 1 best fitness of generation Fitness: [1383.453832596002 2564.0031946583185]

Pareto Front of Subpopulation 27
Objective 0: [1351.3127000764944, 1383.453832596002, 1509.958018991194, 1521.4503767459246, 1521.4503767459246, 1560.058407358505, 1560.058407358505, 1560.058407358505, 1560.058407358505, 1560.058407358505, 1560.058407358505, 1560.058407358505, 1560.058407358505, 1560.058407358505, 1565.735727791005, 1565.735727791005]
Objective 1: [2765.2508003059775, 2564.0031946583185, 2562.332474169438, 2546.694628059515, 2546.694628059515, 2535.68848353019, 2535.68848353019, 2535.68848353019, 2535.68848353019, 2535.68848353019, 2535.68848353019, 2535.68848353019, 2535.68848353019, 2535.68848353019, 2440.5147277602227, 2440.5147277602227]
2
duration: 119.0
Generation 27 elapsed 119.0 seconds.
Generation 28
Preselection cleared number: 1765
MPSLGP task-balanced survival counts: [task 0=500, task 1=500]
Subpop 0 reduced 5000 -> 1000
ideal points: [1174.8252635770768, 1963.7426628928283]
nadir points: [1817.8647435877356, 2496.833175035892]
max objectives: [27526.866505948048, 38935.41606475285]
min objectives: [1305.3614039745298, 2181.9362921031425]
HVOfIntermedidatePopPSL: DoubleSummaryStatistics{count=1000, sum=876.499591, min=0.000000, average=0.876500, max=0.993518}
preferenceDiversityPopAll: DoubleSummaryStatistics{count=1000, sum=5.886491, min=0.000000, average=0.005886, max=0.079298}
Genotype diversity: 1.0
Entropy diversity: 6.2146099059862685
PC diversity: 0.992
MPSLGP top 5 HV by task at generation 28:
  Task 0: #1 ind=0 HV=0.9935176662672018; #2 ind=12 HV=0.9925275754640683; #3 ind=32 HV=0.9913031061029333; #4 ind=33 HV=0.9899918685131693; #5 ind=41 HV=0.9894650586717649
  Task 1: #1 ind=1 HV=0.9932446766720509; #2 ind=2 HV=0.993149520527754; #3 ind=3 HV=0.9930848748553124; #4 ind=4 HV=0.9930839142140315; #5 ind=5 HV=0.9930202399081706
MPSLGP task 0 best fitness of generation Fitness: [1340.0730318897113 2364.635325872863]
MPSLGP task 1 best fitness of generation Fitness: [1364.9825511330564 2337.4919382128865]

Pareto Front of Subpopulation 28
Objective 0: [1305.3614039745298, 1315.1482224969077, 1340.0730318897113, 1364.9825511330564, 1393.0362575535692, 1393.0362575535692, 1393.0362575535692, 1393.0362575535692, 1393.0362575535692, 1393.0362575535692, 1393.0362575535692, 1393.0362575535692, 1393.0362575535692, 1393.0362575535692, 1393.0362575535692, 1393.0362575535692, 1393.0362575535692, 1393.0362575535692, 1393.0362575535692, 1393.0362575535692, 1393.0362575535692, 1393.0362575535692, 1393.0362575535692, 1393.0362575535692, 1393.0362575535692, 1393.0362575535692, 1393.0362575535692, 1393.0362575535692, 1393.0362575535692, 1393.0362575535692, 1393.0362575535692, 1393.0362575535692, 1393.0362575535692, 1427.8532660664787, 1454.179457571532, 1752.2407032213523, 1817.8647435877356]
Objective 1: [2496.833175035892, 2440.5765840141103, 2364.635325872863, 2337.4919382128865, 2299.3322787871584, 2299.3322787871584, 2299.3322787871584, 2299.3322787871584, 2299.3322787871584, 2299.3322787871584, 2299.3322787871584, 2299.3322787871584, 2299.3322787871584, 2299.3322787871584, 2299.3322787871584, 2299.3322787871584, 2299.3322787871584, 2299.3322787871584, 2299.3322787871584, 2299.3322787871584, 2299.3322787871584, 2299.3322787871584, 2299.3322787871584, 2299.3322787871584, 2299.3322787871584, 2299.3322787871584, 2299.3322787871584, 2299.3322787871584, 2299.3322787871584, 2299.3322787871584, 2299.3322787871584, 2299.3322787871584, 2299.3322787871584, 2298.1598527135793, 2267.902379458508, 2263.3752964602318, 2181.9362921031425]
2
duration: 120.0
Generation 28 elapsed 120.0 seconds.
Generation 29
Preselection cleared number: 1733
MPSLGP task-balanced survival counts: [task 0=500, task 1=500]
Subpop 0 reduced 5000 -> 1000
ideal points: [1275.2179278901256, 2111.7087743159386]
nadir points: [1575.9445152710832, 3027.635235067224]
max objectives: [25623.00936162597, 25227.00936162597]
min objectives: [1416.908808766806, 2346.343082573265]
HVOfIntermedidatePopPSL: DoubleSummaryStatistics{count=1000, sum=877.988990, min=0.000000, average=0.877989, max=0.993346}
preferenceDiversityPopAll: DoubleSummaryStatistics{count=1000, sum=5.860363, min=0.000000, average=0.005860, max=0.086011}
Genotype diversity: 1.0
Entropy diversity: 6.147402557492434
PC diversity: 0.978
MPSLGP top 5 HV by task at generation 29:
  Task 0: #1 ind=0 HV=0.9933457548447615; #2 ind=10 HV=0.9890397902859384; #3 ind=38 HV=0.9827659447193728; #4 ind=2 HV=0.98105630280411; #5 ind=12 HV=0.9791095418030477
  Task 1: #1 ind=1 HV=0.99296341946345; #2 ind=5 HV=0.9902939862825797; #3 ind=6 HV=0.9902102841940698; #4 ind=7 HV=0.9901265998690565; #5 ind=8 HV=0.990042933302108
MPSLGP task 0 best fitness of generation Fitness: [1575.9445152710832 2346.343082573265]
MPSLGP task 1 best fitness of generation Fitness: [1454.6644179628638 2467.9968302971683]

Pareto Front of Subpopulation 29
Objective 0: [1416.908808766806, 1422.3263555520389, 1434.5551362006518, 1454.6644179628638, 1575.9445152710832]
Objective 1: [3027.635235067224, 2996.7884109101724, 2757.738431766629, 2467.9968302971683, 2346.343082573265]
2
duration: 136.0
Generation 29 elapsed 136.0 seconds.
Generation 30
Preselection cleared number: 1779
MPSLGP task-balanced survival counts: [task 0=500, task 1=500]
Subpop 0 reduced 5000 -> 1000
ideal points: [1192.5550959515183, 2017.6447303067312]
nadir points: [1494.899647106242, 2787.8276945720427]
max objectives: [15945.906940812594, 44139.75103640603]
min objectives: [1325.061217723909, 2241.82747811859]
HVOfIntermedidatePopPSL: DoubleSummaryStatistics{count=1000, sum=874.265147, min=0.000000, average=0.874265, max=0.992236}
preferenceDiversityPopAll: DoubleSummaryStatistics{count=1000, sum=6.332480, min=0.000000, average=0.006332, max=0.107541}
Genotype diversity: 1.0
Entropy diversity: 6.106179411552351
PC diversity: 0.982
MPSLGP top 5 HV by task at generation 30:
  Task 0: #1 ind=3 HV=0.9906858688694031; #2 ind=10 HV=0.9887469108558026; #3 ind=11 HV=0.988336864972508; #4 ind=22 HV=0.9882108020450971; #5 ind=13 HV=0.9878247603046063
  Task 1: #1 ind=0 HV=0.9922360958744468; #2 ind=1 HV=0.9921450312330589; #3 ind=2 HV=0.9920539904967491; #4 ind=4 HV=0.9895032229164494; #5 ind=5 HV=0.9894123172918652
MPSLGP task 0 best fitness of generation Fitness: [1351.0445754721004 2539.0560860161204]
MPSLGP task 1 best fitness of generation Fitness: [1410.045812082244 2316.3841180973686]

Pareto Front of Subpopulation 30
Objective 0: [1325.061217723909, 1334.3183978562738, 1337.789728080912, 1340.5048111367505, 1340.5048111367505, 1351.0445754721004, 1410.045812082244, 1410.045812082244, 1410.045812082244, 1494.899647106242]
Objective 1: [2787.8276945720427, 2707.351898275083, 2706.1566847353242, 2614.88550961297, 2614.88550961297, 2539.0560860161204, 2316.3841180973686, 2316.3841180973686, 2316.3841180973686, 2241.82747811859]
2
duration: 103.0
Generation 30 elapsed 103.0 seconds.
Generation 31
Preselection cleared number: 1842
MPSLGP task-balanced survival counts: [task 0=500, task 1=500]
Subpop 0 reduced 5000 -> 1000
ideal points: [1149.6756570508587, 2034.2917978114945]
nadir points: [1573.9303504308336, 2469.6695868927054]
max objectives: [17316.557010687895, 29826.88269848691]
min objectives: [1277.4173967231764, 2260.3242197905493]
HVOfIntermedidatePopPSL: DoubleSummaryStatistics{count=1000, sum=875.903038, min=0.000000, average=0.875903, max=0.993119}
preferenceDiversityPopAll: DoubleSummaryStatistics{count=1000, sum=5.425393, min=0.000000, average=0.005425, max=0.089331}
Genotype diversity: 1.0
Entropy diversity: 6.376200549923257
PC diversity: 0.976
MPSLGP top 5 HV by task at generation 31:
  Task 0: #1 ind=0 HV=0.9931189745972445; #2 ind=1 HV=0.9917232429887858; #3 ind=2 HV=0.9916258318666615; #4 ind=3 HV=0.9912728367581639; #5 ind=4 HV=0.9897498207638623
  Task 1: #1 ind=41 HV=0.9880943342407402; #2 ind=6 HV=0.9875461524241703; #3 ind=9 HV=0.9858685574587637; #4 ind=10 HV=0.9847600408492494; #5 ind=11 HV=0.9842362203839582
MPSLGP task 0 best fitness of generation Fitness: [1334.2001940965201 2350.044522809447]
MPSLGP task 1 best fitness of generation Fitness: [1461.0029204085877 2283.0359999230423]

Pareto Front of Subpopulation 31
Objective 0: [1277.4173967231764, 1277.4173967231764, 1305.4958292276424, 1334.2001940965201, 1384.5037413028185, 1402.9367428274418, 1461.0029204085877, 1573.9303504308336]
Objective 1: [2469.6695868927054, 2469.6695868927054, 2436.8418268974638, 2350.044522809447, 2348.7231014614226, 2330.3730393261067, 2283.0359999230423, 2260.3242197905493]
2
duration: 93.0
Generation 31 elapsed 93.0 seconds.
Generation 32
Preselection cleared number: 1814
MPSLGP task-balanced survival counts: [task 0=500, task 1=500]
Subpop 0 reduced 5000 -> 1000
ideal points: [1186.8498299413711, 2186.522680017783]
nadir points: [1484.3471314710914, 2634.88813307276]
max objectives: [9832.247750725219, 30029.732614981825]
min objectives: [1318.72203326819, 2429.469644464203]
HVOfIntermedidatePopPSL: DoubleSummaryStatistics{count=1000, sum=844.853189, min=0.000000, average=0.844853, max=0.992101}
preferenceDiversityPopAll: DoubleSummaryStatistics{count=1000, sum=5.649867, min=0.000000, average=0.005650, max=0.088974}
Genotype diversity: 1.0
Entropy diversity: 6.485764049121663
PC diversity: 0.963
MPSLGP top 5 HV by task at generation 32:
  Task 0: #1 ind=0 HV=0.992100844861313; #2 ind=1 HV=0.9915600414111181; #3 ind=7 HV=0.9896744655634984; #4 ind=11 HV=0.9867625264741576; #5 ind=17 HV=0.9845514220671313
  Task 1: #1 ind=3 HV=0.9902790095414838; #2 ind=4 HV=0.9901277720537961; #3 ind=5 HV=0.9899766022595038; #4 ind=6 HV=0.9898255001116942; #5 ind=8 HV=0.9895234985680909
MPSLGP task 0 best fitness of generation Fitness: [1318.72203326819 2634.88813307276]
MPSLGP task 1 best fitness of generation Fitness: [1484.3471314710914 2429.469644464203]

Pareto Front of Subpopulation 32
Objective 0: [1318.72203326819, 1355.412791789684, 1484.3471314710914]
Objective 1: [2634.88813307276, 2535.5473888592096, 2429.469644464203]
2
duration: 97.0
Generation 32 elapsed 97.0 seconds.
Generation 33
Preselection cleared number: 1754
MPSLGP task-balanced survival counts: [task 0=500, task 1=500]
Subpop 0 reduced 5000 -> 1000
ideal points: [1197.214808311788, 2092.9598031087603]
nadir points: [1799.6729768287041, 2630.5005530529306]
max objectives: [10665.833065701663, 21591.583523740643]
min objectives: [1330.2386759019864, 2325.510892343067]
HVOfIntermedidatePopPSL: DoubleSummaryStatistics{count=1000, sum=817.722209, min=0.000000, average=0.817722, max=0.984617}
preferenceDiversityPopAll: DoubleSummaryStatistics{count=1000, sum=5.970193, min=0.000000, average=0.005970, max=0.111646}
Genotype diversity: 1.0
Entropy diversity: 6.501818659186374
PC diversity: 0.99
MPSLGP top 5 HV by task at generation 33:
  Task 0: #1 ind=0 HV=0.9846172949163711; #2 ind=2 HV=0.9806884754285894; #3 ind=19 HV=0.9788644732141045; #4 ind=7 HV=0.976734538150493; #5 ind=5 HV=0.9751456173292012
  Task 1: #1 ind=1 HV=0.9840139493327323; #2 ind=3 HV=0.9795780448842741; #3 ind=4 HV=0.9772372053458162; #4 ind=20 HV=0.9767116760032071; #5 ind=9 HV=0.9722155373439123
MPSLGP task 0 best fitness of generation Fitness: [1333.7751394239458 2608.682584932307]
MPSLGP task 1 best fitness of generation Fitness: [1330.2386759019864 2630.5005530529306]

Pareto Front of Subpopulation 33
Objective 0: [1330.2386759019864, 1333.7751394239458, 1395.0621121832082, 1441.8058453684644, 1453.4031346739212, 1491.7033006696147, 1799.6729768287041]
Objective 1: [2630.5005530529306, 2608.682584932307, 2578.0169759341516, 2565.176602756692, 2497.363562877901, 2346.9191235209582, 2325.510892343067]
2
duration: 119.0
Generation 33 elapsed 119.0 seconds.
Generation 34
Preselection cleared number: 1821
MPSLGP task-balanced survival counts: [task 0=500, task 1=500]
Subpop 0 reduced 5000 -> 1000
ideal points: [1221.8195164879696, 2026.2662762784341]
nadir points: [1677.5478584368611, 3054.308962168754]
max objectives: [49645.01873011954, 49051.01873011954]
min objectives: [1357.5772405421885, 2251.4069736427045]
HVOfIntermedidatePopPSL: DoubleSummaryStatistics{count=1000, sum=918.560511, min=0.000000, average=0.918561, max=0.994592}
preferenceDiversityPopAll: DoubleSummaryStatistics{count=1000, sum=7.693343, min=0.000000, average=0.007693, max=0.112145}
Genotype diversity: 1.0
Entropy diversity: 6.444887013980515
PC diversity: 1.0
MPSLGP top 5 HV by task at generation 34:
  Task 0: #1 ind=0 HV=0.994592389606788; #2 ind=6 HV=0.9935823748766277; #3 ind=7 HV=0.9926244380751086; #4 ind=8 HV=0.9922515878395757; #5 ind=20 HV=0.9919963091523996
  Task 1: #1 ind=1 HV=0.9943806227268528; #2 ind=2 HV=0.9942852463446513; #3 ind=3 HV=0.9938982178072813; #4 ind=4 HV=0.9938565542636482; #5 ind=5 HV=0.9935824143421501
MPSLGP task 0 best fitness of generation Fitness: [1581.19650920009 2254.5546870887047]
MPSLGP task 1 best fitness of generation Fitness: [1405.264285924517 2444.931546247448]

Pareto Front of Subpopulation 34
Objective 0: [1357.5772405421885, 1357.5772405421885, 1357.5772405421885, 1358.781970352975, 1360.6199131676112, 1361.9507699241076, 1361.9507699241076, 1361.9507699241076, 1371.0019244763243, 1379.1131288885517, 1382.8421324957599, 1405.264285924517, 1424.5828171563044, 1477.505159713095, 1485.8429264875303, 1485.8429264875303, 1581.19650920009, 1677.5478584368611]
Objective 1: [3054.308962168754, 3054.308962168754, 3054.308962168754, 2963.8025600966066, 2818.71389126539, 2695.8565951035125, 2695.8565951035125, 2695.8565951035125, 2650.7398168018553, 2626.511267813272, 2505.9399986935314, 2444.931546247448, 2428.7772807490546, 2408.599837470567, 2383.733769251383, 2383.733769251383, 2254.5546870887047, 2251.4069736427045]
2
duration: 110.0
Generation 34 elapsed 110.0 seconds.
Generation 35
Preselection cleared number: 1679
MPSLGP task-balanced survival counts: [task 0=500, task 1=500]
Subpop 0 reduced 5000 -> 1000
ideal points: [1186.885183766816, 2026.941648485855]
nadir points: [1453.4190334396262, 2610.367500413442]
max objectives: [9628.0083690982, 29143.401032274123]
min objectives: [1318.7613152964623, 2252.1573872065055]
HVOfIntermedidatePopPSL: DoubleSummaryStatistics{count=1000, sum=815.632649, min=0.000000, average=0.815633, max=0.988793}
preferenceDiversityPopAll: DoubleSummaryStatistics{count=1000, sum=3.959935, min=0.000000, average=0.003960, max=0.106562}
Genotype diversity: 1.0
Entropy diversity: 6.303780961456867
PC diversity: 0.988
MPSLGP top 5 HV by task at generation 35:
  Task 0: #1 ind=0 HV=0.9887925886960881; #2 ind=1 HV=0.9867880974294083; #3 ind=3 HV=0.9852877150387916; #4 ind=8 HV=0.9825778155738567; #5 ind=12 HV=0.9809660310624507
  Task 1: #1 ind=2 HV=0.9861464254514888; #2 ind=9 HV=0.985636602681635; #3 ind=10 HV=0.9854830663116558; #4 ind=4 HV=0.9836412371245978; #5 ind=5 HV=0.9834883109304428
MPSLGP task 0 best fitness of generation Fitness: [1351.140873249773 2420.227759367437]
MPSLGP task 1 best fitness of generation Fitness: [1342.364464587241 2515.808547466877]

Pareto Front of Subpopulation 35
Objective 0: [1318.7613152964623, 1342.364464587241, 1351.140873249773, 1372.7111028979707, 1412.52972716777, 1412.5605039169313, 1430.8283506243024, 1453.4190334396262, 1453.4190334396262]
Objective 1: [2610.367500413442, 2515.808547466877, 2420.227759367437, 2408.950894418347, 2398.250598912942, 2386.3545002486208, 2336.6300241708523, 2252.1573872065055, 2252.1573872065055]
2
duration: 96.0
Generation 35 elapsed 96.0 seconds.
Generation 36
Preselection cleared number: 1748
MPSLGP task-balanced survival counts: [task 0=500, task 1=500]
Subpop 0 reduced 5000 -> 1000
ideal points: [1191.2374115965883, 1995.3853530271795]
nadir points: [1558.056513116826, 2758.835965138627]
max objectives: [13346.667094384567, 40207.23904148961]
min objectives: [1323.5971239962091, 2217.094836696866]
HVOfIntermedidatePopPSL: DoubleSummaryStatistics{count=1000, sum=871.149384, min=0.000000, average=0.871149, max=0.992919}
preferenceDiversityPopAll: DoubleSummaryStatistics{count=1000, sum=4.212620, min=0.000000, average=0.004213, max=0.112145}
Genotype diversity: 1.0
Entropy diversity: 6.444285254971224
PC diversity: 1.0
MPSLGP top 5 HV by task at generation 36:
  Task 0: #1 ind=8 HV=0.9883576456037922; #2 ind=10 HV=0.9874051685117925; #3 ind=13 HV=0.9856324138260707; #4 ind=18 HV=0.9843266844901843; #5 ind=20 HV=0.9837860728309892
  Task 1: #1 ind=0 HV=0.9929185983356112; #2 ind=1 HV=0.9908156195496863; #3 ind=2 HV=0.9892386370759128; #4 ind=3 HV=0.9891309736665336; #5 ind=4 HV=0.9888600196770346
MPSLGP task 0 best fitness of generation Fitness: [1378.3059729767992 2438.463579525647]
MPSLGP task 1 best fitness of generation Fitness: [1328.590618084956 2627.750183178112]

Pareto Front of Subpopulation 36
Objective 0: [1323.5971239962091, 1328.590618084956, 1328.590618084956, 1328.590618084956, 1328.590618084956, 1328.590618084956, 1328.590618084956, 1345.7308824749925, 1346.1259379464318, 1357.315058279899, 1357.315058279899, 1378.3059729767992, 1412.784741810261, 1427.0227001723251, 1483.6060946767102, 1558.056513116826]
Objective 1: [2758.835965138627, 2627.750183178112, 2627.750183178112, 2627.750183178112, 2627.750183178112, 2627.750183178112, 2627.750183178112, 2615.7197972997965, 2588.274457121268, 2479.1415159361204, 2479.1415159361204, 2438.463579525647, 2392.8246815161547, 2345.1636156591703, 2308.3912367539597, 2217.094836696866]
2
duration: 98.0
Generation 36 elapsed 98.0 seconds.
Generation 37
Preselection cleared number: 1704
MPSLGP task-balanced survival counts: [task 0=500, task 1=500]
Subpop 0 reduced 5000 -> 1000
ideal points: [1263.2716978648912, 2133.8398762455095]
nadir points: [2115.395492263284, 2998.1077080379473]
max objectives: [20160.443716357084, 34177.02962331916]
min objectives: [1403.635219849879, 2370.9331958283437]
HVOfIntermedidatePopPSL: DoubleSummaryStatistics{count=1000, sum=876.401350, min=0.000000, average=0.876401, max=0.988640}
preferenceDiversityPopAll: DoubleSummaryStatistics{count=1000, sum=4.796444, min=0.000000, average=0.004796, max=0.106722}
Genotype diversity: 1.0
Entropy diversity: 6.442786412908622
PC diversity: 0.994
MPSLGP top 5 HV by task at generation 37:
  Task 0: #1 ind=1 HV=0.9848029747878918; #2 ind=2 HV=0.9835938889516649; #3 ind=3 HV=0.9834861023728445; #4 ind=13 HV=0.9820454647546365; #5 ind=4 HV=0.9818661249815721
  Task 1: #1 ind=0 HV=0.988640112327162; #2 ind=30 HV=0.9853192378626942; #3 ind=70 HV=0.9830433447445202; #4 ind=5 HV=0.9814113898804285; #5 ind=6 HV=0.9804905249644569
MPSLGP task 0 best fitness of generation Fitness: [1571.2157246515562 2558.632885352301]
MPSLGP task 1 best fitness of generation Fitness: [1566.6846755295992 2591.74830234854]

Pareto Front of Subpopulation 37
Objective 0: [1403.635219849879, 1406.673468659923, 1451.780657645868, 1499.4998497377674, 1537.4458177360066, 1556.1178230914811, 1566.6846755295992, 1571.2157246515562, 1665.6837303469802, 1665.6837303469802, 1683.2343581834284, 1776.5047598066449, 2115.395492263284]
Objective 1: ideal points: [1209.5737420566336, 2076.2579667144455]
nadir points: [1528.31886381394, 3181.963881578995]
max objectives: [25957.244408096652, 49653.54041887331]
min objectives: [1343.9708245073707, 2306.953296349384]
HVOfIntermedidatePopPSL: DoubleSummaryStatistics{count=1000, sum=914.349665, min=0.000000, average=0.914350Preselection cleared number: 1742
MPSLGP task-balanced survival counts: [task 0=500, task 1=500]
Subpop 0 reduced 5000 -> 1000
ideal points: [1216.1024465011724, 2031.6078854389693]
nadir points: [1504.023040644708, 2700.318632879964]
max objectives: [13315.319290634885, 43339.540334458114]
min objectives: [1351.2249405568582, 2257.342094932188]
HVOfIntermedidatePopPSL: DoubleSummaryStatistics{count=1000, sum=878.336868, min=0.000000, average=0.878337, max=0.989401}
preferenceDiversityPopAll: DoubleSummaryStatistics{count=1000, sum=3.703107, min=0.000000, average=0.003703, max=0.093163}
Genotype diversity: 1.0
Entropy diversity: 6.551661619941394
PC diversity: 0.992
MPSLGP top 5 HV by task at generation 38:
  Task 0: #1 ind=4 HV=0.9878643059454522; #2 ind=7 HV=0.9870992169590077; #3 ind=9 HV=0.9862932898749882; #4 ind=10 HV=0.9861000385981262; #5 ind=6 HV=0.9859004835839995
  Task 1: #1 ind=0 HV=0.9894010854800291; #2 ind=1 HV=0.9891108299941772; #3 ind=2 HV=0.9890981184842198; #4 ind=3 HV=0.9888377367034841; #5 ind=8 HV=0.9870123749663019
MPSLGP task 0 best fitness of generation Fitness: [1413.27634755295 2526.809620973072]
MPSLGP task 1 best fitness of generation Fitness: [1372.7199262941795 2610.85135406896]

Pareto Front of Subpopulation 38
Objective 0: [1351.2249405568582, 1372.7199262941795, 1393.880728098884, 1413.27634755295, 1444.1037876857154, 1478.5412191998912, 1504.023040644708]
Objective 1: [2700.318632879964, 2610.85135406896, 2546.6790ideal points: [1186.8239185215848, 2025.2559492138041]
nadir points: [1658.2411323056003, 2729.8543378788454]
max objectives: [8124.80586773876, 27249.1717586Preselection cleared number: 1816
MPSLGP task-balanced survival counts: [task 0=500, task 1=500]
Subpop 0 reduced 5000 -> 1000
ideal points: [1199.2195452627172, 2004.4431093206629]
nadir points: [1575.9309934535268, 2863.1610625695903]
max objectives: [11656.07738710256, 26169.698085634504]
min objectives: [1332.4661614030192, 2227.159010356292]
HVOfIntermedidatePopPSL: DoubleSummaryStatistics{count=1000, sum=861.626777, min=0.000000, average=0.861627, max=0.985612}
preferenceDiversityPopAll: DoubleSummaryStatistics{count=1000, sum=3.919092, min=0.000000, average=0.003919, max=0.083716}
Genotype diversity: 1.0
Entropy diversity: 6.5742909704909405
PC diversity: 1.0
MPSLGP top 5 HV by task at generation 39:
  Task 0: #1 ind=1 HV=0.9842691197305319; #2 ind=2 HV=0.9838662293463454; #3 ind=3 HV=0.9822535185272108; #4 ind=4 HV=0.9820015304396883; #5 ind=50 HV=0.9814342865638388
  Task 1: #1 ind=0 HV=0.9856118532241723; #2 ind=12 HV=0.9853992701762614; #3 ind=5 HV=0.9816589035393921; #4 ind=6 HV=0.9815560422269316; #5 ind=13 HV=0.9812482374447268
MPSLGP task 0 best fitness of generation Fitness: [1362.002536405751 2516.639329929312]
MPSLGP task 1 best fitness of generation Fitness: [1413.4859359562397 2358.807191773667]

Pareto Front of Subpopulation 39
Objective 0: [1332.4661614030192, 1340.5799821815162, 1349.0002873465855, 1354.7395077721449, 1359.1913488014543, 1362.002536405751, 1396.9106146393751, 1413.4859359562397, 1456.4545071353496, 1460.3391536129493, 1494.5483184419427, 1575.9309934535268]
Objective 1: [2863.1610625695903, 2834.994413151988, 2779.8744726720033, 2643.810507ideal points: [1198.6752595278842, 2096.0222979826794]
nadir points: [1721.2855424144655, 3254.483309485193]
max objectives: [11317.779663330133, 38562.675898217596]
min objectives: [1331.8613994754269, 2328.9136644251994]
HVOfIntePreselection cleared number: 1858
MPSLGP task-balanced survival counts: [task 0=500, task 1=500]
Subpop 0 reduced 5000 -> 1000
ideal points: [1192.092589491466, 2105.9580141982415]
nadir points: [1790.6634644340666, 2754.587368942448]
max objectives: [100489.14455817343, 99829.14455817343]
min objectives: [1324.5473216571845, 2339.953349109157]
HVOfIntermedidatePopPSL: DoubleSummaryStatistics{count=1000, sum=930.206519, min=0.000000, average=0.930207, max=0.997794}
preferenceDiversityPopAll: DoubleSummaryStatistics{count=1000, sum=3.920531, min=0.000000, average=0.003921, max=0.083587}
Genotype diversity: 1.0
Entropy diversity: 6.549438131846383
PC diversity: 1.0
MPSLGP top 5 HV by task at generation 40:
  Task 0: #1 ind=0 HV=0.9977935565886867; #2 ind=1 HV=0.9977609857936683; #3 ind=2 HV=0.996908349971857; #4 ind=6 HV=0.9962285152869705; #5 ind=7 HV=0.9960610414158867
  Task 1: #1 ind=21 HV=0.9963126559593384; #2 ind=10 HV=0.9958808095158957; #3 ind=4 HV=0.9957266607522828; #4 ind=13 HV=0.9957135743748324; #5 ind=15 HV=0.9955841320122446
MPSLGP task 0 best fitness of generation Fitness: [1443.1176407193852 2430.692839929834]
MPSLGP task 1 best fitness of generation Fitness: [1324.5473216571845 2754.587368942448]

Pareto Front of Subpopulation 40
Objective 0: [1324.5473216571845, 1337.6316862241074, 1360.6037108764285, 1443.1176407193852, 1642.6407868853858, 1790.6634644340666]
Objective 1: [2754.587368942448, 2624.582253642555, 2516.9207804009784, 2430.692839929834, 2420.7229202977614, 2339.9533491ideal points: [1203.0095242637094, 2008.0697380440777]
nadir points: [1579.506Preselection cleared number: 1878
MPSLGP task-balanced survival counts: [task 0=500, task 1=500]
Subpop 0 reduced 5000 -> 1000
ideal points: [1206.1527783581319, 2049.9129284465394]
nadir points: [2249.462626671535, 2720.67901492503]
max objectives: [13725.385763827944, 52261.54305531178]
min objectives: [1340.1697537312575, 2277.681031607266]
HVOfIntermedidatePopPSL: DoubleSummaryStatistics{count=1000, sum=905.796280, min=0.000000, average=0.905796, max=0.992919}
preferenceDiversityPopAll: DoubleSummaryStatistics{count=1000, sum=3.512359, min=0.000000, average=0.003512, max=0.067666}
Genotype diversity: 1.0
Entropy diversity: 6.713239464100028
PC diversity: 1.0
MPSLGP top 5 HV by task at generation 41:
  Task 0: #1 ind=1 HV=0.991996342356394; #2 ind=2 HV=0.9914448923622737; #3 ind=3 HV=0.9910375174082906; #4 ind=4 HV=0.9907712450557699; #5 ind=9 HV=0.9889089727740362
  Task 1: #1 ind=0 HV=0.9929185891890013; #2 ind=10 HV=0.9888807690521979; #3 ind=5 HV=0.9885533864470596; #4 ind=11 HV=0.9882045276492138; #5 ind=12 HV=0.9879777893952724
MPSLGP task 0 best fitness of generation Fitness: [1372.8052049383841 2526.7665232687723]
MPSLGP task 1 best fitness of generation Fitness: [1358.1272663092823 2544.5874211417977]

Pareto Front of Subpopulation 41
Objective 0: [1340.1697537312575, 1347.82141715131, 1358.1272663092823, 1372.8052049383841, 1429.9029766036838, 1465.2913739650103, 1482.7729348952998, 1545.1573133859201, 2249.462626671535]
Objective 1: [2720.67901492503, 2664.69320960436, 2544.587421141797ideal points: [1221.3869032186544, 2086.6123176893975]
nadir points: [1463.614042793757, 2840.5810224353336]
max objectives: [9409.92885021973, 21154.303955627372]
min objectives: [1357.0965591318381, 2318.4581307659973]
HVOfIntermedidatePopPSL: DoubleSummaryStatistics{count=1000, sum=827.099366, min=0.000000, average=0ideal points: [1211.8070534368658, 2055.2181838915394]
nadir points: [1493.6541851422226, 3157.420693637454]
max objectives: [11491.177305556936, 35727.26006984187]
min objectives: [1346.4522815965174, 2283.575759879488]
HVOfIntermedidatePopPSL: DoubleSummaryStatistics{count=1000, sum=833.664491, min=0.000000, average=0.833664, max=0.989171}
preferenceDiversityPopAll: DoubleSummaryStatistics{count=1000, sum=4.135615, min=0.000000, average=0.004136, max=0.085357}
Genotype diversity: 1.0
Entropy diversity: 6.48475025653217
PC diversity: 0.992
MPSLGP top 5 HV by task at generation 42:
  Task 0: #1 ind=1 HV=0.9856731004279082; #2 ind=2 HV=0.9855475526435853; #3 ind=3 HV=0.9853646520157604; #4 ind=4 HV=0.9828011032667371; #5 ind=6 HV=0.9824883088991003
  Task 1: #1 ind=0 HV=0.9891707771405907; #2 ind=8 HV=0.9801631504165261; #3 ind=9 HV=0.9800388253991242; #4 ind=13 HV=0.9782201196661021; #5 ind=23 HV=0.9767628966959895
MPSLGP task 0 best fitness of generation Fitness: [1432.7415782819444 2471.4495327564655]
MPSLGP task 1 best fitness of generation Fitness: [1359.4195202171104 2586.4398658813443]

Pareto Front of Subpopulation 42
Objective 0: [1346.4522815965174, 1359.4195202171104, 1432.7415782819444, 1432.7415782819444, 1460.44582314117, 1493.6541851422226]
Objective 1: [3157.420693637454, 2586.4398658813443, 2471.4495327564655, 2471.4495327564655, 2464.1044218442403, 2283.575759879488]
2
duration: 95.0
Generation 42 elapsed 95.0 seconds.
Generation 43
Preselection cleared number: 1801
MPSLGP task-balaideal points: [1235.8763403872988, 2085.2548257734047]
nadir points: [1576.344ideal points: [1207.1952413412175, 2004.7365800281987]
nadir points: [1527.7095526792982, 2822.7269967689645]
max objectives: [21966.477527517425, 30848.215266839252]
min objectives: [1341.328045934686, 2227.4850889202207]
HVOfIntermedidatePopPSL: DoubleSummaryStatistics{count=1000, sum=874.184627, min=0.000000, average=0.874185, max=0.989814}
preferenceDiversityPopAll: DoubleSummaryStatistics{count=1000, sum=4.072116, min=0.000000, average=0.004072, max=0.106899}
Genotype diversity: 1.0
Entropy diversity: 6.5935178330633
PC diversity: 1.0
MPSLGP top 5 HV by task at generation 43:
  Task 0: #1 ind=0 HV=0.9898138382377695; #2 ind=1 HV=0.9857237562284165; #3 ind=14 HV=0.9846378943726068; #4 ind=15 HV=0.9838230849324008; #5 ind=6 HV=0.9825190373172659
  Task 1: #1 ind=2 HV=0.9832518884746932; #2 ind=3 HV=0.98304972331192; #3 ind=4 HV=0.9829349403710838; #4 ind=26 HV=0.9828039510121459; #5 ind=5 HV=0.9827027117720848
MPSLGP task 0 best fitness of generation Fitness: [1527.7095526792982 2227.4850889202207]
MPSLGP task 1 best fitness of generation Fitness: [1441.789788359456 2552.7001989235287]

Pareto Front of Subpopulation 43
Objective 0: [1341.328045934686, 1356.6146174751775, 1356.6146174751775, 1358.4394687970344, 1359.757984000782, 1441.1801950645167, 1441.789788359456, 1453.3521918455372, 1477.0524807746115, 1510.7996489106445, 1510.7996489106445, 1510.7996489106445, 1517.9594078907976, 1527.7095526792982]
Objective 1: [2822.7269967689645, 2765.022635822126, 2765.022635822126, 2701.218998285942, 2599.1436185621424, 2598.3121737929177, 2552.7001989235287, 2540.2338338895934, 2515.157727777725, 2471.381313870894, 2471.381313870894, 2471.381313870894, 2442.3843299873406, 2227.4850889202207]
2
durideal points: [1213.3344248283117, 2072.2332271364867]
nadir points: [2208.42491202362, 2670.1566969391424]
max objectives: [16174.364323045564, 49508.49578349985]
min objectives: [1348.14936092ideal points: [1187.2694783024665, 2085.251179530483]
nadir points: [1613.7691708557832, 2755.564636951778]
max objectives: [13091.266556755581, 49122.467834313866]
min objectives: [1319.1883092249627, 2316.9457550338702]
HVOfIntermedidatePopPSL: DoubleSummaryStatistics{count=1000, sum=865.970643, min=0.000000, average=0.865971, max=0.992877}
preferenceDiversityPopAll: DoubleSummaryStatistics{count=1000, sum=3.757849, min=0.000000, average=0.003758, max=0.068545}
Genotype diversity: 1.0
Entropy diversity: 6.556928805830886
PC diversity: 0.994
MPSLGP top 5 HV by task at generation 44:
  Task 0: #1 ind=0 HV=0.992876582683891; #2 ind=3 HV=0.9907974940763893; #3 ind=6 HV=0.989789069851519; #4 ind=7 HV=0.9897332517766942; #5 ind=12 HV=0.9876568130891594
  Task 1: #1 ind=1 HV=0.9923038713212896; #2 ind=2 HV=0.9908137041290525; #3 ind=9 HV=0.9908103134611405; #4 ind=10 HV=0.9907055735128585; #5 ind=4 HV=0.9904371342987813
MPSLGP task 0 best fitness of generation Fitness: [1341.1997890511702 2548.49467003264]
MPSLGP task 1 best fitness of generation Fitness: [1340.0576058025763 2574.9522648128623]

Pareto Front of Subpopulation 44
Objective 0: [1319.1883092249627, 1336.066555368394, 1336.066555368394, 1340.0576058025763, 1341.1997890511702, 1379.3698896666538, 1401.3367657824128, 1423.501274262264, 1613.7691708557832]
Objective 1: [2755.564636951778, 2668.4554531073663, 2668.4554531073663, 2574.9522648128623, 2548.49467003264, 2534.ideal points: [1231.734976312783, 2056.073041159421]
nadir points: [1482.630299805547, 3008.437062139041]
max objectives: [17536.802157561717, 36668.99783655221]
min objectives: [1368.5944181253144, 2284.5256012882455]
HVOfIntermedidatePopPSL: DoubleSummaryStatistics{countideal points: [1239.5659973480026, 2065.4081267483884]
nadir points: [1968.4925908122532, 2958.2031537367147]
max objectives: [22338.607227174463, 43782.909806143114]
min objectives: [1377.2955526088917, 2294.89791860932]
HVOfIntermedidatePopPSL: DoubleSummaryStatistics{count=1000, sum=900.042727, min=0.000000, average=0.900043, max=0.991822}
preferenceDiversityPopAll: DoubleSummaryStatistics{count=1000, sum=2.565046, min=0.000000, average=0.002565, max=0.062194}
Genotype diversity: 1.0
Entropy diversity: 6.56047473039913
PC diversity: 0.984
MPSLGP top 5 HV by task at generation 45:
  Task 0: #1 ind=18 HV=0.9918216496818414; #2 ind=0 HV=0.9907270413895605; #3 ind=1 HV=0.9899094057810743; #4 ind=8 HV=0.9893297936798273; #5 ind=19 HV=0.9889181679205984
  Task 1: #1 ind=2 HV=0.989871999043345; #2 ind=3 HV=0.9898065600098481; #3 ind=4 HV=0.9897358740291531; #4 ind=5 HV=0.9896652015391048; #5 ind=6 HV=0.9896325958905902
MPSLGP task 0 best fitness of generation Fitness: [1483.5991960367246 2452.3853584056487]
MPSLGP task 1 best fitness of generation Fitness: [1576.0682505726727 2316.005273577757]

Pareto Front of Subpopulation 45
Objective 0: [1377.2955526088917, 1387.093277951004, 1393.578466036779, 1413.0133308180084, 1422.6208963084646, 1436.2278073645284, 1436.2278073645284, 1448.6425915274012, 1448.642591527401ideal points: [1179.2024534002383, 1977.4496456030408]
nadir points: [2501.0708429697333, 2499.3896332607837]
max objectives: [7666.634041745041, 14101.194532544585]
min objectives: [1310.224948222487, 2197.1662728922674]
HVOfIntermedidatePopPSL: DoubleSummaryStatistics{count=1000, sum=782.741268, min=0.000000, average=0.782741, max=0.974379}
preferenceDiversityPopAll: DoubleSummaryStatistics{count=1000, sum=8.039020, min=0.000000, average=0.008039, max=0.121134}
Genotype diversity: 1.0
Entropy diversity: 6.139513092060642
PC diversity: 0.978
MPSLGP top 5 HV by task at generation 46:
  Task 0: #1 ind=1 HV=0.9683543264971906; #2 ind=2 HV=0.9681320461120061; #3 ind=3 HV=0.9654593551914414; #4 ind=4 HV=0.9612510172398682; #5 ind=5 HV=ideal points: [1170.5424603946565, 2061.7615323275327]
nadir points: [2204.3408322192045, 2554.833983927383]
max objectives: [20508.283999601816, 31516.89059027523]
min objectives: [1300.6027337718406, 2290.846147030592]
HVOfIntermedidatePopPSL: DoubleSummaryStatistics{count=1000, sum=889.581769, min=0.000000, average=0.889582, max=0.995779}
preferenceDiversityPopAll: DoubleSummaryStatistics{count=1000, sum=2.917972, min=0.000000, average=0.002918, max=0.089408}
Genotype diversity: 1.0
Entropy diversity: 6.662419614835291
PC diversity: 0.995
MPSLGP top 5 HV by task at generation 46:
  Task 0: #1 ind=1 HV=0.993471691509614; #2 ind=6 HV=0.9929861152360739; #3 ind=4 HV=0.9906689956362876; #4 ind=13 HV=0.9882548568080084; #5 ind=14 HV=0.9867316997921591
  Task 1: #1 ind=0 HV=0.9957790578498572; #2 ind=2 Preselection cleared number: 2010
MPSLGP task-balanced survival counts: [task 0=500, task 1=500]
Subpop 0 reduced 5000 -> 1000
ideal points: [1210.346696452122, 2119.8373820943875]
nadir points: [1455.8300288521277, 3176.877486342797]
max objectives: [14657.118583652657, 55244.90942538413]
min objectives: [1344.82966272458, 2355.374868993764]
HVOfIntermedidatePopPSL: DoubleSummaryStatistics{count=1000, sum=892.754482, min=0.000000, average=0.892754, max=0.994383}
preferenceDiversityPopAll: DoubleSummaryStatistics{count=1000, sum=8.318628, min=0.000000, average=0.008319, max=0.113648}
Genotype diversity: 1.0
Entropy diversity: 6.187682780638122
PC diversity: 0.972
MPSLGP top 5 HV by task at generation 47:
  Task 0: #1 ind=13 HV=0.9943828025729193; #2 ind=1 HV=0.992206646562779ideal points: [1207.4526926854494, 2053.5787122924753]
nadir points: [1782.7202696442837, 2738.115334700793]
max objectives: [199649.29556427948, 797277.1822571179]
min objectives: [1341.6141029838327, 2281.754124769417]
HVOfIntermedidatePopPSL: DoubleSummaryStatistics{count=1000, sum=948.489110, min=0.000000, average=0.948489, max=0.999369}
preferenceDiversityPopAll: DoubleSummaryStatistics{count=1000, sum=3.576588, min=0.000000, average=0.003577, max=0.109162}
Genotype diversity: 1.0
Entropy diversity: 6.570953534310603
PC diversity: 0.984
MPSLGP top 5 HV by task at generation 47:
  Task 0: #1 ind=0 HV=0.9993692725501068; #2 ind=1 HV=0.9993630014825428; #3 ind=2 HV=0.9993263103608246; #4 ind=3 HV=0.9993213462883294; #5 ind=5 HV=0.9992953328465487
  Task 1: #1 ind=4 HV=0.9993130676335432; #2 ind=6 HV=0.9992584109798948; #3 ind=7 HV=0.9992407948896502; #4 ind=14 HV=0.999225506360892; #5 ind=16 HV=0.9991765310268084
MPSLGP task 0 best fitness of generation Fitness: [1354.301916445591 2692.3029868532903]
MPSLGP task 1 best fitness of generation Fitness: [1403.450791152Preselection cleared number: 2214
MPSLGP task-balanced survival counts: [task 0=500, task 1=500]
Subpop 0 reduced 5000 -> 1000
ideal points: [1202.214290343653, 1972.9572491483298]
nadir points: [1458.1374061046663, 2585.742785247392]
max objectives: [15168.291340026713, 55993.69488565158]
min objectives: [1335.793655937392, 2192.174721275922]
HVOfIntermedidatePopPSL: DoubleSummaryStatistics{count=1000, sum=900.332987, min=0.000000, average=0.900333, max=0.992928}
preferenceDiversityPopAll: DoubleSummaryStatistics{count=1000, sum=7.336964, min=0.000000, average=0.007337, max=0.097647}
Genotype diversity: 1.0
Entropy diversity: 6.440785663604501
PC diversity: 0.98
MPSLGP top 5 HV by task at generation 48:
  Task 0: #1 ind=18 HV=0.9919245875053594; #2 ind=2 HV=0.99170097226563ideal points: [1179.2768363617959, 2000.2672566730414]
nadir points: [1510.2612813444284, 2601.230383830203]
max objectives: [13989.222012748593, 52873.50083034509]
min objectives: [1310.3075959575508, 2222.519174081157]
HVOfIntermedidatePopPSL: DoubleSummaryStatistics{count=1000, sum=909.973819, min=0.000000, average=0.909974, max=0.993022}
preferenceDiversityPopAll: DoubleSummaryStatistics{count=1000, sum=3.733159, min=0.000000, average=0.003733, max=0.103477}
Genotype diversity: 1.0
Entropy diversity: 6.724584891608355
PC diversity: 0.978
MPSLGP top 5 HV by task at generation 48:
  Task 0: #1 ind=1 HV=0.9917993182604101; #2 ind=8 HV=0.9901071380330074; #3 ind=9 HV=0.9899008283250392; #4 ind=10 HV=0.9893712275399772; #5 ind=11 HV=0.9892256129706863
  Task 1: #1 ind=0 HV=0.9930215804943527; #2 ind=2 HV=0.9917422255001935; #3 ind=3 HV=0.990Preselection cleared number: 2164
MPSLGP task-balanced survival counts: [task 0=500, task 1=500]
Subpop 0 reduced 5000 -> 1000
ideal points: [1223.0401436061788, 2048.299777598813]
nadir points: [2589.9116274475527, 3316.537058232818]
max objectives: [11074.116861169168, 40817.05373758194]
min objectives: [1358.9334928957542, 2275.888641776459]
HVOfIntermedidatePopPSL: DoubleSummaryStatistics{count=1000, sum=846.354446, min=0.000000, average=0.846354, max=0.997013}
preferenceDiversityPopAll: DoubleSummaryStatistics{count=1000, sum=13.170289, min=0.000000, average=0.013170, max=0.105953}
Genotype diversity: 1.0
Entropy diversity: 6.164287927674774
PC diversity: 0.977
MPSLGP top 5 HV by task at generation 49:
  Task 0: #1 ind=0 HV=0.9970132449730861; #2 ind=6 HV=0.9875579390328106; #3 ind=8 HV=0.9850162895950156; #4 indideal points: [1212.7930524842757, 2079.7498968968634]
nadir points: [1389.8255854248127, 2860.0244768739212]
max objectives: [16705.447949613517, 38614.21137583989]
min objectives: [1347.5478360936395, 2310.8332187742926]
HVOfIntermedidatePopPSL: DoubleSummaryStatistics{count=1000, sum=868.395387, min=0.000000, average=0.868395, max=0.997155}
preferenceDiversityPopAll: DoubleSummaryStatistics{count=1000, sum=4.617835, min=0.000000, average=0.004618, max=0.131450}
Genotype diversity: 1.0
Entropy diversity: 6.5713691788361395
PC diversity: 0.99
MPSLGP top 5 HV by task at generation 49:
  Task 0: #1 ind=0 HV=0.9971549533511102; #2 ind=2 HV=0.9898300352206199; #3 ind=3 HV=0.9887111683191245; #4 ind=10 HV=0.9878485544333494; #5 ind=11 HV=0.9876944143434911
  Task 1: #1 Preselection cleared number: 2088
MPSLGP task-balanced survival counts: [task 0=500, task 1=500]
Subpop 0 reduced 5000 -> 1000
ideal points: [1211.5727706420264, 2041.4351009191946]
nadir points: [1566.7455376047, 2885.723045542458]
max objectives: [48077.69927141851, 189670.79708567404]
min objectives: [1346.1919673800294, 2268.2612232435495]
HVOfIntermedidatePopPSL: DoubleSummaryStatistics{count=1000, sum=943.160396, min=0.000000, average=0.943160, max=0.997238}
preferenceDiversityPopAll: DoubleSummaryStatistics{count=1000, sum=10.863609, min=0.000000, average=0.010864, max=0.112368}
Genotype diversity: 1.0
Entropy diversity: 6.543346940072069
PC diversity: 0.973
MPSLGP top 5 HV by task at generation 50:
  Task 0: #1 ind=0 HV=0.9972383158750786; #2 ind=1 HV=0.9969174079192951; #3 ind=2 HV=0.9969131415909109; #4 ind=5 HV=0.9966222932041959; #5 ind=6 HV=0.9964174342637077
  Task 1: #1 ind=3 HVideal points: [1202.4494608374632, 1988.96402500025]
nadir points: [1547.5948458721687, 2832.915793232445]
max objectives: [28700.622636031345, 76229.67594938562]
min objectives: [1336.0549564860703, 2209.9600277780555]
HVOfIntermedidatePopPSL: DoubleSummaryStatistics{count=1000, sum=929.767411, min=0.000000, average=0.929767, max=0.992832}
preferenceDiversityPopAll: DoubleSummaryStatistics{count=1000, sum=4.235805, min=0.000000, average=0.004236, max=0.103973}
Genotype diversity: 1.0
Entropy diversity: 6.704260449810235
PC diversity: 0.985
MPSLGP top 5 HV by task at generation 50:
  Task 0: #1 ind=0 HV=0.9928320410163248; #2 ind=1 HV=0.9928269709759754; #3 ind=2 HV=0.9927775016279721; #4 ind=3 HV=0.9926816421813436; #5 ind=5 HV=0.9922201888615052
  Task 1: #1 ind=4 HV=0.99255074509616; #2 ind=11 HV=0.9916594265682783; #3 ind=12 HV=0.9915037683714161; #4 ind=14 HV=0.9910872908725364; #5 ind=17 HV=0.9903504522551875
MPSLGP task 0 best fitness of generation Fitness: [1383.4318323042535 2591.029260219424]
MPSLGP task 1 best fitness of generation Fitness: [1413.7230226970496 2533.8582045807852]

Pareto Front of Subpopulation 50
Objective 0: [1336.0549564860703, 1362.622260971053, 1363.5328290124016, 1376.1287822055747, 1380.3443173609849, 1383.4318323042535, 1413.7230226970496, 1437.6900172203314, 1475.6014480692393, 1475.6014480692393, 1547.5948458721687]
Objective 1: [2832.915793232445, 2746.29882267653, 2714.6934860626934, 2701.1289902803255, 2697.441181299044, 2591.029260219424, 2533.8582045807852, 2463.028765710653, 2356.8638588702306, 2356.8638588702306, 2209.9600277780555]
1
duration: 110.0
Generation 50 elapsed 110.0 seconds.
The whole program elapsed 60127.0 seconds.
