
| ECJ
| An evolutionary computation system (version 23)
| By Sean Luke
| Contributors: L. Panait, G. Balan, S. Paus, Z. Skolicki, R. Kicinger,
|               E. Popovici, K. Sullivan, J. Harrison, J. Bassett, R. Hubley,
|               A. Desai, A. Chircop, J. Compton, W. Haddon, S. Donnelly,
|               B. Jamil, J. Zelibor, E. Kangas, F. Abidi, H. Mooers,
|               J. O'Beirne, L. Manzoni, K. Talukder, and J. McDermott
| URL: http://cs.gmu.edu/~eclab/projects/ecj/
| Mail: ecj-help@cs.gmu.edu
|       (better: join ECJ-INTEREST at URL above)
| Date: June 15, 2015
| Current Java: 26.0.1 / OpenJDK 64-Bit Server VM-26.0.1+8-34
| Required Minimum Java: 1.5


Threads:  breed/1 eval/1
Seed: 0 
Job: 0
Setting up
Processing GP Types
Processing GP Node Constraints
Processing GP Function Sets
No GPFunctionSet specified, assuming the default class: ec.gp.GPFunctionSet for gp.fs.0
Processing GP Tree Constraints
WARNING:
You're using elitism with NSGA2Breeder, which is not permitted and will be ignored.  However the reevaluate-elites parameter *will* bre recognized by NSGAEvaluator.
PARAMETER: breed.elite.0
Initializing Generation 0
ideal points: [1545.9857753265476, 3595.6822219722903]
nadir points: [2122.3319579043746, 4066.4206927314517]
max objectives: [211188.41909980826, 830645.4623514155]
min objectives: [1717.7619725850527, 3995.2024688581005]
HVOfIntermedidatePopPSL: DoubleSummaryStatistics{count=1000, sum=642.344958, min=0.000000, average=0.642345, max=0.999908}
preferenceDiversityPopAll: DoubleSummaryStatistics{count=1000, sum=8.230365, min=0.000000, average=0.008230, max=0.127994}
Genotype diversity: 1.0
Entropy diversity: 4.420926421293087
PC diversity: 0.879
MPSLGP top 5 HV by task at generation 0:
  Task 0: #1 ind=3 HV=0.9989180616685475; #2 ind=5 HV=0.9987906273552398; #3 ind=7 HV=0.9986265172592844; #4 ind=9 HV=0.9983708811588509; #5 ind=6 HV=0.9983595096955388
  Task 1: #1 ind=0 HV=0.9999078642471073; #2 ind=2 HV=0.9991776083956343; #3 ind=4 HV=0.9989113840774094; #4 ind=18 HV=0.9986831396322812; #5 ind=33 HV=0.9986115006448836
MPSLGP task 0 best fitness of generation Fitness: [1798.7975762033457 4555.190304813383]
MPSLGP task 1 best fitness of generation Fitness: [1717.7619725850527 4066.4206927314517]

Pareto Front of Subpopulation 0
Objective 0: [1717.7619725850527, 2122.3319579043746]
Objective 1: [4066.4206927314517, 3995.2024688581005]
2
duration: 35.0
Generation 0 elapsed 35.0 seconds.
Generation 1
Preselection cleared number: 2100
MPSLGP task-balanced survival counts: [task 0=500, task 1=500]
Subpop 0 reduced 5000 -> 1000
ideal points: [1328.8067076559616, 2847.4552278472634]
nadir points: [1545.8064697805894, 3449.017124277656]
max objectives: [208537.7020353368, 775129.6548324614]
min objectives: [1476.4518973955128, 3163.839142052515]
HVOfIntermedidatePopPSL: DoubleSummaryStatistics{count=1000, sum=940.478816, min=0.000000, average=0.940479, max=0.999653}
preferenceDiversityPopAll: DoubleSummaryStatistics{count=1000, sum=7.394551, min=0.000000, average=0.007395, max=0.118283}
Genotype diversity: 1.0
Entropy diversity: 6.612169743026409
PC diversity: 1.0
MPSLGP top 5 HV by task at generation 1:
  Task 0: #1 ind=0 HV=0.9996528106627242; #2 ind=4 HV=0.9990622226216666; #3 ind=5 HV=0.9990438771206983; #4 ind=6 HV=0.9983588639096249; #5 ind=11 HV=0.9976878030756015
  Task 1: #1 ind=1 HV=0.9996244600251394; #2 ind=2 HV=0.999571242732112; #3 ind=3 HV=0.9991601288157852; #4 ind=7 HV=0.9983226490986256; #5 ind=8 HV=0.9980500061943167
MPSLGP task 0 best fitness of generation Fitness: [1545.8064697805894 3163.839142052515]
MPSLGP task 1 best fitness of generation Fitness: [1476.4518973955128 3449.017124277656]

Pareto Front of Subpopulation 1
Objective 0: [1476.4518973955128, 1545.8064697805894]
Objective 1: [3449.017124277656, 3163.839142052515]
2
duration: 64.0
Generation 1 elapsed 64.0 seconds.
Generation 2
Preselection cleared number: 2032
MPSLGP task-balanced survival counts: [task 0=500, task 1=500]
Subpop 0 reduced 5000 -> 1000
ideal points: [1328.4669055776496, 2562.481352949745]
nadir points: [1902.0090781527688, 3056.460653652088]
max objectives: [172731.557329592, 690662.229318368]
min objectives: [1476.0743395307218, 2847.2015032774943]
HVOfIntermedidatePopPSL: DoubleSummaryStatistics{count=1000, sum=958.559930, min=0.000000, average=0.958560, max=0.999681}
preferenceDiversityPopAll: DoubleSummaryStatistics{count=1000, sum=7.047287, min=0.000000, average=0.007047, max=0.120556}
Genotype diversity: 1.0
Entropy diversity: 6.730774436035101
PC diversity: 0.939
MPSLGP top 5 HV by task at generation 2:
  Task 0: #1 ind=2 HV=0.9994119607503227; #2 ind=3 HV=0.9991731039951628; #3 ind=57 HV=0.9990114088637739; #4 ind=11 HV=0.9988413254012624; #5 ind=12 HV=0.9988358261366787
  Task 1: #1 ind=0 HV=0.9996811818915498; #2 ind=7 HV=0.9991736750729807; #3 ind=4 HV=0.9990348670537182; #4 ind=8 HV=0.9989305778013189; #5 ind=10 HV=0.9989213765903814
MPSLGP task 0 best fitness of generation Fitness: [1478.973917907104 3204.9357206738787]
MPSLGP task 1 best fitness of generation Fitness: [1476.0743395307218 3056.460653652088]

Pareto Front of Subpopulation 2
Objective 0: [1476.0743395307218, 1902.0090781527688]
Objective 1: [3056.460653652088, 2847.2015032774943]
2
duration: 65.0
Generation 2 elapsed 65.0 seconds.
Generation 3
Preselection cleared number: 2007
MPSLGP task-balanced survival counts: [task 0=500, task 1=500]
Subpop 0 reduced 5000 -> 1000
ideal points: [1371.4553372749804, 2375.0461821933977]
nadir points: [2147.7119086583843, 3106.5051072778297]
max objectives: [110471.73628586203, 132630.51325936354]
min objectives: [1523.8392636388671, 2638.9402024371084]
HVOfIntermedidatePopPSL: DoubleSummaryStatistics{count=1000, sum=929.837066, min=0.000000, average=0.929837, max=0.996514}
preferenceDiversityPopAll: DoubleSummaryStatistics{count=1000, sum=6.385385, min=0.000000, average=0.006385, max=0.110444}
Genotype diversity: 1.0
Entropy diversity: 6.68288248456033
PC diversity: 0.933
MPSLGP top 5 HV by task at generation 3:
  Task 0: #1 ind=1 HV=0.9963695488466214; #2 ind=14 HV=0.9961514464279628; #3 ind=2 HV=0.9952903764027554; #4 ind=7 HV=0.9946445082675468; #5 ind=138 HV=0.9940270539074931
  Task 1: #1 ind=0 HV=0.9965136166404557; #2 ind=4 HV=0.9954261286901815; #3 ind=5 HV=0.9948506989234517; #4 ind=6 HV=0.9946478216586254; #5 ind=8 HV=0.9942382099788915
MPSLGP task 0 best fitness of generation Fitness: [1523.8392636388671 3106.5051072778297]
MPSLGP task 1 best fitness of generation Fitness: [1534.6256038468273 3077.132272564748]

Pareto Front of Subpopulation 3
Objective 0: [1523.8392636388671, 1534.6256038468273, 1904.324747310442, 2147.7119086583843]
Objective 1: [3106.5051072778297, 3077.132272564748, 2791.173216801835, 2638.9402024371084]
2
duration: 79.0
Generation 3 elapsed 79.0 seconds.
Generation 4
Preselection cleared number: 2155
MPSLGP task-balanced survival counts: [task 0=500, task 1=500]
Subpop 0 reduced 5000 -> 1000
ideal points: [1247.9996395427283, 2154.1889733353864]
nadir points: [1712.874175850011, 2831.189905674197]
max objectives: [19650.521995274496, 19056.521995274496]
min objectives: [1386.666266158587, 2393.5433037059847]
HVOfIntermedidatePopPSL: DoubleSummaryStatistics{count=1000, sum=818.835307, min=0.000000, average=0.818835, max=0.982027}
preferenceDiversityPopAll: DoubleSummaryStatistics{count=1000, sum=8.299530, min=0.000000, average=0.008300, max=0.127691}
Genotype diversity: 1.0
Entropy diversity: 6.788085757585316
PC diversity: 0.93
MPSLGP top 5 HV by task at generation 4:
  Task 0: #1 ind=21 HV=0.9678783963408842; #2 ind=6 HV=0.9673240196659063; #3 ind=7 HV=0.9660931075996001; #4 ind=9 HV=0.9635581966297356; #5 ind=10 HV=0.9632330932001275
  Task 1: #1 ind=0 HV=0.98202743181332; #2 ind=1 HV=0.9782839989597731; #3 ind=2 HV=0.973294941510322; #4 ind=4 HV=0.972064538837064; #5 ind=3 HV=0.9702400003760696
MPSLGP task 0 best fitness of generation Fitness: [1651.523951516021 2757.0695379292883]
MPSLGP task 1 best fitness of generation Fitness: [1712.874175850011 2393.5433037059847]

Pareto Front of Subpopulation 4
Objective 0: [1386.666266158587, 1452.9756774993875, 1609.796942459754, 1712.874175850011]
Objective 1: [2831.189905674197, 2825.024124305346, 2550.0349851050414, 2393.5433037059847]
2
duration: 89.0
Generation 4 elapsed 89.0 seconds.
Generation 5
Preselection cleared number: 2079
MPSLGP task-balanced survival counts: [task 0=500, task 1=500]
Subpop 0 reduced 5000 -> 1000
ideal points: [1250.0765292788005, 2251.4048268610727]
nadir points: [2436.1582771525136, 2915.8956856835575]
max objectives: [40640.9685740181, 46253.14212737235]
min objectives: [1388.9739214208894, 2501.5609187345253]
HVOfIntermedidatePopPSL: DoubleSummaryStatistics{count=1000, sum=885.043530, min=0.000000, average=0.885044, max=0.994942}
preferenceDiversityPopAll: DoubleSummaryStatistics{count=1000, sum=11.063625, min=0.000000, average=0.011064, max=0.141705}
Genotype diversity: 1.0
Entropy diversity: 6.5896235808716845
PC diversity: 0.934
MPSLGP top 5 HV by task at generation 5:
  Task 0: #1 ind=30 HV=0.9875790079977441; #2 ind=8 HV=0.9872381425672935; #3 ind=10 HV=0.9867419450244367; #4 ind=85 HV=0.9865617735414717; #5 ind=12 HV=0.9849523784805984
  Task 1: #1 ind=0 HV=0.9949423601962005; #2 ind=4 HV=0.9910657396226648; #3 ind=1 HV=0.990434527724223; #4 ind=5 HV=0.9900804251902166; #5 ind=6 HV=0.9900328173629821
MPSLGP task 0 best fitness of generation Fitness: [2186.0128599404998 2674.0090940732043]
MPSLGP task 1 best fitness of generation Fitness: [1392.7816221078756 2716.5184270725586]

Pareto Front of Subpopulation 5
Objective 0: [1388.9739214208894, 1392.7816221078756, 2186.0128599404998, 2436.1582771525136]
Objective 1: [2915.8956856835575, 2716.5184270725586, 2674.0090940732043, 2501.5609187345253]
2
duration: 55155.0
Generation 5 elapsed 55155.0 seconds.
Generation 6
Preselection cleared number: 2009
MPSLGP task-balanced survival counts: [task 0=500, task 1=500]
Subpop 0 reduced 5000 -> 1000
ideal points: [1268.5505140526918, 2226.290356999019]
nadir points: [2129.1665132489943, 2998.0022846786305]
max objectives: [200581.0166586368, 200317.0166586368]
min objectives: [1409.5005711696576, 2473.655952221132]
HVOfIntermedidatePopPSL: DoubleSummaryStatistics{count=1000, sum=964.744952, min=0.000000, average=0.964745, max=0.998562}
preferenceDiversityPopAll: DoubleSummaryStatistics{count=1000, sum=10.625843, min=0.000000, average=0.010626, max=0.113385}
Genotype diversity: 1.0
Entropy diversity: 6.754486380462997
PC diversity: 0.886
MPSLGP top 5 HV by task at generation 6:
  Task 0: #1 ind=10 HV=0.9985617450704902; #2 ind=1 HV=0.9978380092169837; #3 ind=2 HV=0.9978279673168148; #4 ind=12 HV=0.9977140068541653; #5 ind=13 HV=0.9975616086561989
  Task 1: #1 ind=0 HV=0.9981555563231633; #2 ind=11 HV=0.9978763731230065; #3 ind=3 HV=0.9977329509686583; #4 ind=59 HV=0.9975980085996508; #5 ind=4 HV=0.9975369878666162
MPSLGP task 0 best fitness of generation Fitness: [1618.2337160431343 2682.3475657579256]
MPSLGP task 1 best fitness of generation Fitness: [1622.9306694938132 2616.7741723068757]

Pareto Front of Subpopulation 6
Objective 0: [1409.5005711696576, 1461.9604812924808, 1464.5927423926769, 1521.5487476860872, 1618.2337160431343, 1618.2337160431343, 1622.9306694938132, 1799.5433940670628, 1897.4121299323087, 2129.1665132489943]
Objective 1: [2998.0022846786305, 2965.303624857159, 2902.368397276441, 2805.102323089959, 2682.3475657579256, 2682.3475657579256, 2616.7741723068757, 2614.412397334061, 2581.6053823317634, 2473.655952221132]
2
duration: 77.0
Generation 6 elapsed 77.0 seconds.
Generation 7
Preselection cleared number: 2054
MPSLGP task-balanced survival counts: [task 0=500, task 1=500]
Subpop 0 reduced 5000 -> 1000
ideal points: [1251.6930913352844, 2166.935556837672]
nadir points: [2413.9621705514583, 2854.264567045786]
max objectives: [52560.52380266326, 52098.52380266326]
min objectives: [1390.7701014836493, 2407.70617426408]
HVOfIntermedidatePopPSL: DoubleSummaryStatistics{count=1000, sum=916.849739, min=0.000000, average=0.916850, max=0.995457}
preferenceDiversityPopAll: DoubleSummaryStatistics{count=1000, sum=12.016411, min=0.000000, average=0.012016, max=0.108722}
Genotype diversity: 1.0
Entropy diversity: 6.657973540805566
PC diversity: 0.905
MPSLGP top 5 HV by task at generation 7:
  Task 0: #1 ind=5 HV=0.992696103983235; #2 ind=19 HV=0.9900097919953115; #3 ind=39 HV=0.9897437615594102; #4 ind=34 HV=0.9895319975260655; #5 ind=70 HV=0.989187918906869
  Task 1: #1 ind=0 HV=0.9954570018775174; #2 ind=28 HV=0.9941928256048533; #3 ind=1 HV=0.9939131409802373; #4 ind=2 HV=0.9931570882380455; #5 ind=3 HV=0.9931155849711675
MPSLGP task 0 best fitness of generation Fitness: [1437.9931045238336 2713.369395549118]
MPSLGP task 1 best fitness of generation Fitness: [1516.2561099311279 2509.8852048402186]

Pareto Front of Subpopulation 7
Objective 0: [1390.7701014836493, 1408.3891015699337, 1408.3891015699337, 1437.9931045238336, 1453.419426416629, 1491.0829530322517, 1516.2561099311279, 1643.684692510462, 1696.5906996320118, 2413.9621705514583]
Objective 1: [2854.264567045786, 2743.797735724307, 2743.797735724307, 2713.369395549118, 2681.379920128733, 2645.046957124083, 2509.8852048402186, 2496.4118636042112, 2409.288576971041, 2407.70617426408]
2
duration: 74.0
Generation 7 elapsed 74.0 seconds.
Generation 8
Preselection cleared number: 2086
MPSLGP task-balanced survival counts: [task 0=500, task 1=500]
Subpop 0 reduced 5000 -> 1000
ideal points: [1283.3034875280894, 2119.9407140660333]
nadir points: [2123.8048446803587, 3161.6304437144427]
max objectives: [73596.72070771901, 73200.72070771901]
min objectives: [1425.8927639200992, 2355.4896822955925]
HVOfIntermedidatePopPSL: DoubleSummaryStatistics{count=1000, sum=950.102781, min=0.000000, average=0.950103, max=0.995636}
preferenceDiversityPopAll: DoubleSummaryStatistics{count=1000, sum=14.927469, min=0.000000, average=0.014927, max=0.114139}
Genotype diversity: 1.0
Entropy diversity: 6.760275745982514
PC diversity: 0.875
MPSLGP top 5 HV by task at generation 8:
  Task 0: #1 ind=8 HV=0.9936653065765808; #2 ind=12 HV=0.9924170505379795; #3 ind=13 HV=0.9923684476898815; #4 ind=24 HV=0.9914739103081838; #5 ind=14 HV=0.9912087568475717
  Task 1: #1 ind=0 HV=0.9956356241856992; #2 ind=1 HV=0.9947002984079085; #3 ind=2 HV=0.9939218281954942; #4 ind=3 HV=0.9933158925065545; #5 ind=9 HV=0.9929044777803651
MPSLGP task 0 best fitness of generation Fitness: [1475.283865924328 2964.269150463748]
MPSLGP task 1 best fitness of generation Fitness: [2123.8048446803587 2355.4896822955925]

Pareto Front of Subpopulation 8
Objective 0: [1425.8927639200992, 1446.617889275367, 1624.2580395977711, 1628.3026713252475, 1814.5018031458894, 1818.4933472822886, 1919.7512726461864, 2123.8048446803587]
Objective 1: [3161.6304437144427, 2708.739399537677, 2691.456579888123, 2584.121044524596, 2494.675253267982, 2436.2290780543117, 2408.3267384473, 2355.4896822955925]
2
duration: 75.0
Generation 8 elapsed 75.0 seconds.
Generation 9
Preselection cleared number: 2041
MPSLGP task-balanced survival counts: [task 0=500, task 1=500]
Subpop 0 reduced 5000 -> 1000
ideal points: [1217.2344169333076, 2100.253627345618]
nadir points: [1968.6351007220874, 2785.38605395396]
max objectives: [58194.856438301766, 57666.856438301766]
min objectives: [1352.4826854814528, 2333.615141495131]
HVOfIntermedidatePopPSL: DoubleSummaryStatistics{count=1000, sum=919.156893, min=0.000000, average=0.919157, max=0.996604}
preferenceDiversityPopAll: DoubleSummaryStatistics{count=1000, sum=14.071083, min=0.000000, average=0.014071, max=0.124515}
Genotype diversity: 1.0
Entropy diversity: 6.605349313509503
PC diversity: 0.911
MPSLGP top 5 HV by task at generation 9:
  Task 0: #1 ind=2 HV=0.9946274878773677; #2 ind=30 HV=0.9944842629044426; #3 ind=4 HV=0.9936739423802637; #4 ind=20 HV=0.9933046923122526; #5 ind=23 HV=0.9916969937113796
  Task 1: #1 ind=0 HV=0.9966035716012462; #2 ind=8 HV=0.9954502092782731; #3 ind=9 HV=0.9953185029494873; #4 ind=1 HV=0.9946904419427236; #5 ind=3 HV=0.9941742864912699
MPSLGP task 0 best fitness of generation Fitness: [1378.4053950112138 2603.8248947373067]
MPSLGP task 1 best fitness of generation Fitness: [1451.2239680972561 2417.7229912864277]

Pareto Front of Subpopulation 9
Objective 0: [1352.4826854814528, 1377.6929282571364, 1378.4053950112138, 1451.2239680972561, 1595.7661949340254, 1635.5600228768017, 1732.501500657323, 1968.6351007220874]
Objective 1: [2785.38605395396, 2655.348800453561, 2603.8248947373067, 2417.7229912864277, 2409.6901938145747, 2340.133443336119, 2338.1617289971327, 2333.615141495131]
2
duration: 87.0
Generation 9 elapsed 87.0 seconds.
Generation 10
Preselection cleared number: 1952
MPSLGP task-balanced survival counts: [task 0=500, task 1=500]
Subpop 0 reduced 5000 -> 1000
ideal points: [1209.0694469180773, 2015.1254982191488]
nadir points: [2001.3516116586106, 2853.760032293736]
max objectives: [131515.39696211592, 131185.39696211592]
min objectives: [1343.4104965756414, 2239.0283313546097]
HVOfIntermedidatePopPSL: DoubleSummaryStatistics{count=1000, sum=981.305810, min=0.000000, average=0.981306, max=0.998003}
preferenceDiversityPopAll: DoubleSummaryStatistics{count=1000, sum=13.046179, min=0.000000, average=0.013046, max=0.133163}
Genotype diversity: 1.0
Entropy diversity: 6.83470860245085
PC diversity: 0.901
MPSLGP top 5 HV by task at generation 10:
  Task 0: #1 ind=2 HV=0.9957813690121868; #2 ind=3 HV=0.9957485271772216; #3 ind=4 HV=0.9957266542733998; #4 ind=5 HV=0.995694504342599; #5 ind=6 HV=0.9956791685309345
  Task 1: #1 ind=0 HV=0.9980027864375002; #2 ind=9 HV=0.9972051504758302; #3 ind=10 HV=0.9970470131912069; #4 ind=11 HV=0.9969562872890042; #5 ind=1 HV=0.9964078866396535
MPSLGP task 0 best fitness of generation Fitness: [1390.6386667593324 2730.466289665317]
MPSLGP task 1 best fitness of generation Fitness: [1443.6079091520223 2389.48495867732]

Pareto Front of Subpopulation 10
Objective 0: [1343.4104965756414, 1365.5138198315399, 1390.6386667593324, 1436.6576808830723, 1436.6576808830723, 1436.6576808830723, 1443.6079091520223, 1718.0922515437123, 2001.3516116586106]
Objective 1: [2853.760032293736, 2789.28484665812, 2730.466289665317, 2690.293807649694, 2690.293807649694, 2690.293807649694, 2389.48495867732, 2315.4448109163204, 2239.0283313546097]
2
duration: 90.0
Generation 10 elapsed 90.0 seconds.
Generation 11
Preselection cleared number: 2097
MPSLGP task-balanced survival counts: [task 0=500, task 1=500]
Subpop 0 reduced 5000 -> 1000
ideal points: [1201.2468550751423, 2056.1560376201815]
nadir points: [1657.5862377732847, 2785.8868305952055]
max objectives: [34491.76787842784, 33831.76787842784]
min objectives: [1334.7187278612691, 2284.6178195779794]
HVOfIntermedidatePopPSL: DoubleSummaryStatistics{count=1000, sum=921.307594, min=0.000000, average=0.921308, max=0.990896}
preferenceDiversityPopAll: DoubleSummaryStatistics{count=1000, sum=11.691694, min=0.000000, average=0.011692, max=0.115910}
Genotype diversity: 1.0
Entropy diversity: 6.736863684699215
PC diversity: 0.937
MPSLGP top 5 HV by task at generation 11:
  Task 0: #1 ind=29 HV=0.9897966613806333; #2 ind=30 HV=0.9881096818452684; #3 ind=11 HV=0.9866142462705181; #4 ind=6 HV=0.9858086461809072; #5 ind=16 HV=0.985565677163815
  Task 1: #1 ind=0 HV=0.9908955212212578; #2 ind=1 HV=0.9897142003746519; #3 ind=2 HV=0.9889704945133971; #4 ind=3 HV=0.9882452841638676; #5 ind=4 HV=0.9881420772676398
MPSLGP task 0 best fitness of generation Fitness: [1347.149898473319 2716.829748037155]
MPSLGP task 1 best fitness of generation Fitness: [1469.8542023781483 2434.2491386880865]

Pareto Front of Subpopulation 11
Objective 0: [1334.7187278612691, 1347.149898473319, 1394.1244962112396, 1412.0393346286874, 1469.8542023781483, 1599.1887952777906, 1614.0967205544002, 1616.0455073686317, 1657.5862377732847]
Objective 1: [2785.8868305952055, 2716.829748037155, 2699.739136030781, 2578.1527668882627, 2434.2491386880865, 2412.158758535981, 2376.98894216225, 2350.0989852880593, 2284.6178195779794]
2
duration: 79.0
Generation 11 elapsed 79.0 seconds.
Generation 12
Preselection cleared number: 2131
MPSLGP task-balanced survival counts: [task 0=500, task 1=500]
Subpop 0 reduced 5000 -> 1000
ideal points: [1202.9709295048772, 2010.9283981125627]
nadir points: [1561.0784733070104, 3325.4560150515754]
max objectives: [123694.51435014451, 123100.51435014451]
min objectives: [1336.6343661165301, 2234.3648867917364]
HVOfIntermedidatePopPSL: DoubleSummaryStatistics{count=1000, sum=941.992322, min=0.000000, average=0.941992, max=0.997969}
preferenceDiversityPopAll: DoubleSummaryStatistics{count=1000, sum=10.164789, min=0.000000, average=0.010165, max=0.107033}
Genotype diversity: 1.0
Entropy diversity: 6.686757023286899
PC diversity: 1.0
MPSLGP top 5 HV by task at generation 12:
  Task 0: #1 ind=1 HV=0.9977761212831501; #2 ind=3 HV=0.9976502126978504; #3 ind=5 HV=0.9974298721212634; #4 ind=7 HV=0.9970128893113325; #5 ind=16 HV=0.9967369833039107
  Task 1: #1 ind=0 HV=0.9979689091917837; #2 ind=2 HV=0.9976670898212464; #3 ind=4 HV=0.9975072846042444; #4 ind=6 HV=0.9971768173076135; #5 ind=12 HV=0.997096868566014
MPSLGP task 0 best fitness of generation Fitness: [1422.4476709015144 2402.6575483044144]
MPSLGP task 1 best fitness of generation Fitness: [1561.0784733070104 2234.3648867917364]

Pareto Front of Subpopulation 12
Objective 0: [1336.6343661165301, 1348.2957370605145, 1352.8509614148934, 1356.5634159263864, 1368.7151084556535, 1396.4306900141528, 1411.6818413196015, 1422.4476709015144, 1468.438381473039, 1474.8164035966329, 1551.946341506351, 1561.0784733070104]
Objective 1: [3325.4560150515754, 2881.167459700315, 2834.5579882288584, 2628.923739806749, 2553.9049611153314, 2474.175112581026, 2430.4964171305182, 2402.6575483044144, 2387.7939052685397, 2360.1700898895506, 2341.318964846432, 2234.3648867917364]
2
duration: 76.0
Generation 12 elapsed 76.0 seconds.
Generation 13
Preselection cleared number: 2098
MPSLGP task-balanced survival counts: [task 0=500, task 1=500]
Subpop 0 reduced 5000 -> 1000
ideal points: [1212.8425187626942, 2060.8615950351436]
nadir points: [1814.2651916531177, 3070.0691795091843]
max objectives: [5062.287625863304, 16219.165957328281]
min objectives: [1347.6027986252157, 2289.846216705715]
HVOfIntermedidatePopPSL: DoubleSummaryStatistics{count=1000, sum=765.813944, min=0.000000, average=0.765814, max=0.971395}
preferenceDiversityPopAll: DoubleSummaryStatistics{count=1000, sum=11.038509, min=0.000000, average=0.011039, max=0.099656}
Genotype diversity: 1.0
Entropy diversity: 6.878119849254968
PC diversity: 1.0
MPSLGP top 5 HV by task at generation 13:
  Task 0: #1 ind=0 HV=0.9713946325845318; #2 ind=1 HV=0.9660226460892265; #3 ind=4 HV=0.9622779218012175; #4 ind=24 HV=0.9606349664410602; #5 ind=5 HV=0.9580027612285584
  Task 1: #1 ind=2 HV=0.9652130382300759; #2 ind=3 HV=0.9643225362490498; #3 ind=26 HV=0.9515070996595767; #4 ind=27 HV=0.9466340006748812; #5 ind=19 HV=0.9440812741976238
MPSLGP task 0 best fitness of generation Fitness: [1490.7676308555529 2428.220691868919]
MPSLGP task 1 best fitness of generation Fitness: [1372.4470167568797 2665.6363686768454]

Pareto Front of Subpopulation 13
Objective 0: [1347.6027986252157, 1352.1529082249472, 1364.72953137703, 1372.4470167568797, 1413.3093203877797, 1418.8110743674333, 1488.7502731547575, 1490.7676308555529, 1527.2337217949826, 1536.4609985240968, 1621.5478442135936, 1657.7630788286333, 1674.657496596381, 1814.2651916531177]
Objective 1: [3070.0691795091843, 2849.4541743507143, 2739.5825325914193, 2665.6363686768454, 2522.0555779377464, 2472.614364025998, 2470.9219744749134, 2428.220691868919, 2427.263057208038, 2407.643185645924, 2393.7146098534577, 2305.9581517754705, 2290.7337320644874, 2289.846216705715]
2
duration: 79.0
Generation 13 elapsed 79.0 seconds.
Generation 14
Preselection cleared number: 1991
MPSLGP task-balanced survival counts: [task 0=500, task 1=500]
Subpop 0 reduced 5000 -> 1000
ideal points: [1210.5838919383998, 2023.9961284673307]
nadir points: [2121.171716890356, 2848.230593721033]
max objectives: [20241.003775582416, 30587.329187396856]
min objectives: [1345.0932132648886, 2248.884587185923]
HVOfIntermedidatePopPSL: DoubleSummaryStatistics{count=1000, sum=888.186671, min=0.000000, average=0.888187, max=0.987185}
preferenceDiversityPopAll: DoubleSummaryStatistics{count=1000, sum=13.215062, min=0.000000, average=0.013215, max=0.104824}
Genotype diversity: 1.0
Entropy diversity: 6.756992535737206
PC diversity: 0.94
MPSLGP top 5 HV by task at generation 14:
  Task 0: #1 ind=4 HV=0.982979911150177; #2 ind=5 HV=0.982622097952393; #3 ind=8 HV=0.9813274475886767; #4 ind=20 HV=0.9812904259621289; #5 ind=10 HV=0.9808146961470054
  Task 1: #1 ind=0 HV=0.9871854026127312; #2 ind=1 HV=0.984522135170738; #3 ind=2 HV=0.983958314102888; #4 ind=3 HV=0.983526110477263; #5 ind=18 HV=0.9818479308678513
MPSLGP task 0 best fitness of generation Fitness: [1411.9437267762842 2652.4442670659046]
MPSLGP task 1 best fitness of generation Fitness: [1485.9670195951767 2399.4311897528823]

Pareto Front of Subpopulation 14
Objective 0: [1345.0932132648886, 1349.7440489841538, 1364.5717480662715, 1365.2561327693838, 1388.9717207923968, 1398.3809729544737, 1411.9437267762842, 1411.9437267762842, 1428.163705538027, 1456.5097616664134, 1466.9206305054686, 1485.9670195951767, 1567.616858421461, 1649.1982007047627, 1678.2506970017275, 1815.3395753155346, 1890.4117142119358, 2121.171716890356]
Objective 1: [2848.230593721033, 2814.676973794587, 2793.414273964998, 2766.9843102599843, 2678.746548006311, 2676.310784365749, 2652.4442670659046, 2652.4442670659046, 2632.5881699993042, 2535.691085763974, 2496.624227364664, 2399.4311897528823, 2366.2660808734945, 2352.260312726052, 2299.173135543824, 2272.8802128900425, 2249.380404240219, 2248.884587185923]
2
duration: 76.0
Generation 14 elapsed 76.0 seconds.
Generation 15
Preselection cleared number: 2040
MPSLGP task-balanced survival counts: [task 0=500, task 1=500]
Subpop 0 reduced 5000 -> 1000
ideal points: [1218.9977917286292, 2000.661329172476]
nadir points: [1664.4290355808334, 2743.1846724886855]
max objectives: [16431.38146142295, 57581.272219246486]
min objectives: [1354.4419908095879, 2222.957032413862]
HVOfIntermedidatePopPSL: DoubleSummaryStatistics{count=1000, sum=900.130584, min=0.000000, average=0.900131, max=0.992106}
preferenceDiversityPopAll: DoubleSummaryStatistics{count=1000, sum=10.360456, min=0.000000, average=0.010360, max=0.093106}
Genotype diversity: 1.0
Entropy diversity: 6.790518548233968
PC diversity: 1.0
MPSLGP top 5 HV by task at generation 15:
  Task 0: #1 ind=1 HV=0.9915877871922522; #2 ind=28 HV=0.9885923090232511; #3 ind=8 HV=0.9880954529485575; #4 ind=41 HV=0.9856990999929235; #5 ind=29 HV=0.9852974483978822
  Task 1: #1 ind=0 HV=0.9921062792963727; #2 ind=9 HV=0.9862838967443751; #3 ind=10 HV=0.9854304753526753; #4 ind=11 HV=0.9853479983796334; #5 ind=13 HV=0.9849482496967605
MPSLGP task 0 best fitness of generation Fitness: [1354.4419908095879 2743.1846724886855]
MPSLGP task 1 best fitness of generation Fitness: [1381.065534262947 2553.5255174478516]

Pareto Front of Subpopulation 15
Objective 0: [1354.4419908095879, 1381.065534262947, 1514.1738590760797, 1517.2624015134352, 1529.4438366308168, 1629.9729813113663, 1645.9210885855719, 1664.4290355808334]
Objective 1: [2743.1846724886855, 2553.5255174478516, 2524.978226476349, 2448.0327021266567, 2408.8379200324125, 2392.4759010909474, 2382.815040020505, 2222.957032413862]
2
duration: 77.0
Generation 15 elapsed 77.0 seconds.
Generation 16
Preselection cleared number: 1884
MPSLGP task-balanced survival counts: [task 0=500, task 1=500]
Subpop 0 reduced 5000 -> 1000
ideal points: [1217.4818350797025, 2017.704314001894]
nadir points: [1742.658249092754, 2690.10291098326]
max objectives: [31248.801110402368, 110783.26392703457]
min objectives: [1352.7575945330027, 2241.8936822243268]
HVOfIntermedidatePopPSL: DoubleSummaryStatistics{count=1000, sum=932.379548, min=0.000000, average=0.932380, max=0.997309}
preferenceDiversityPopAll: DoubleSummaryStatistics{count=1000, sum=9.758590, min=0.000000, average=0.009759, max=0.075049}
Genotype diversity: 1.0
Entropy diversity: 6.766169804077843
PC diversity: 1.0
MPSLGP top 5 HV by task at generation 16:
  Task 0: #1 ind=0 HV=0.9973092027889955; #2 ind=8 HV=0.996311950778748; #3 ind=1 HV=0.9958281684672039; #4 ind=19 HV=0.993541869280448; #5 ind=20 HV=0.9926628077936072
  Task 1: #1 ind=9 HV=0.9945825801656802; #2 ind=2 HV=0.9928822804669093; #3 ind=3 HV=0.9919722930453703; #4 ind=4 HV=0.9918223471214381; #5 ind=22 HV=0.9912580465553247
MPSLGP task 0 best fitness of generation Fitness: [1354.0446432371537 2520.0651726715732]
MPSLGP task 1 best fitness of generation Fitness: [1523.059099034741 2374.0356802039896]

Pareto Front of Subpopulation 16
Objective 0: [1352.7575945330027, 1354.0446432371537, 1517.7794320206158, 1520.119685445883, 1523.059099034741, 1678.2491345304588, 1727.6124033762317, 1742.658249092754]
Objective 1: [2690.10291098326, 2520.0651726715732, 2518.1899244380184, 2488.7022840645513, 2374.0356802039896, 2370.9406194482, 2359.676238043816, 2241.8936822243268]
2
duration: 81.0
Generation 16 elapsed 81.0 seconds.
Generation 17
Preselection cleared number: 2045
MPSLGP task-balanced survival counts: [task 0=500, task 1=500]
Subpop 0 reduced 5000 -> 1000
ideal points: [1391.1278584421118, 2183.3841381812063]
nadir points: [2003.6554848877422, 3685.6522048851475]
max objectives: [19764.49986454443, 65364.67988489126]
min objectives: [1545.6976204912353, 2425.9823757568956]
HVOfIntermedidatePopPSL: DoubleSummaryStatistics{count=1000, sum=883.146686, min=0.000000, average=0.883147, max=0.991931}
preferenceDiversityPopAll: DoubleSummaryStatistics{count=1000, sum=9.465542, min=0.000000, average=0.009466, max=0.112516}
Genotype diversity: 1.0
Entropy diversity: 6.710978920298653
PC diversity: 0.97
MPSLGP top 5 HV by task at generation 17:
  Task 0: #1 ind=0 HV=0.9919311739428673; #2 ind=1 HV=0.9875063928699264; #3 ind=32 HV=0.9859188251966379; #4 ind=33 HV=0.9845850372654532; #5 ind=3 HV=0.9843112764254519
  Task 1: #1 ind=2 HV=0.9853325381018084; #2 ind=16 HV=0.9825126717189758; #3 ind=5 HV=0.982283645361727; #4 ind=77 HV=0.9821407821071846; #5 ind=8 HV=0.9804248026205634
MPSLGP task 0 best fitness of generation Fitness: [1622.4860304060276 3654.9243685415713]
MPSLGP task 1 best fitness of generation Fitness: [1650.4405323046667 3334.599093688652]

Pareto Front of Subpopulation 17
Objective 0: [1545.6976204912353, 1622.4860304060276, 1637.1522619861935, 1640.9427236743795, 1650.4405323046667, 1725.9647831413022, 1725.9647831413022, 1751.2787049275648, 1764.880158942513, 1770.790894574573, 1788.0738612855203, 1818.8297721808485, 1883.7716310959659, 1903.1539628399478, 1921.2794208617997, 2003.6554848877422]
Objective 1: [3685.6522048851475, 3654.9243685415713, 3650.4411501591094, 3628.7337434806395, 3334.599093688652, 2938.718024910777, 2938.718024910777, 2916.29204672412, 2913.4076646149624, 2894.1459714029916, 2681.1579290353693, 2676.579275946715, 2579.09274936124, 2570.405368484906, 2546.6347666670335, 2425.9823757568956]
2
duration: 83.0
Generation 17 elapsed 83.0 seconds.
Generation 18
Preselection cleared number: 1929
MPSLGP task-balanced survival counts: [task 0=500, task 1=500]
Subpop 0 reduced 5000 -> 1000
ideal points: [1219.8484304479412, 2009.1970412218857]
nadir points: [1494.7371838034014, 2908.1091336708632]
max objectives: [169595.97466095648, 676799.8986438259]
min objectives: [1355.3871449421567, 2232.441156913206]
HVOfIntermedidatePopPSL: DoubleSummaryStatistics{count=1000, sum=963.784558, min=0.000000, average=0.963785, max=0.999488}
preferenceDiversityPopAll: DoubleSummaryStatistics{count=1000, sum=12.465423, min=0.000000, average=0.012465, max=0.108423}
Genotype diversity: 1.0
Entropy diversity: 6.759880462383683
PC diversity: 0.972
MPSLGP top 5 HV by task at generation 18:
  Task 0: #1 ind=0 HV=0.9994883605361168; #2 ind=13 HV=0.9993385132326453; #3 ind=6 HV=0.9993337623646549; #4 ind=35 HV=0.9991768383977156; #5 ind=14 HV=0.9991529622941655
  Task 1: #1 ind=1 HV=0.9994776509396104; #2 ind=2 HV=0.9992437326096738; #3 ind=3 HV=0.9991643064919626; #4 ind=4 HV=0.9989737379713832; #5 ind=8 HV=0.9987518233677652
MPSLGP task 0 best fitness of generation Fitness: [1382.7852196068561 2452.7408534392016]
MPSLGP task 1 best fitness of generation Fitness: [1359.870713102806 2541.8007223682944]

Pareto Front of Subpopulation 18
Objective 0: [1355.3871449421567, 1359.870713102806, 1382.7852196068561, 1477.0330388074508, 1483.5129881696193, 1494.7371838034014]
Objective 1: [2908.1091336708632, 2541.8007223682944, 2452.7408534392016, 2438.492758064531, 2401.1247074637795, 2232.441156913206]
2
duration: 83.0
Generation 18 elapsed 83.0 seconds.
Generation 19
Preselection cleared number: 1834
MPSLGP task-balanced survival counts: [task 0=500, task 1=500]
Subpop 0 reduced 5000 -> 1000
ideal points: [1180.0588402534981, 2099.6421992753053]
nadir points: [1438.3462205021933, 2604.7059566822136]
max objectives: [19848.840799397076, 31496.652264612843]
min objectives: [1311.1764891705534, 2332.935776972561]
HVOfIntermedidatePopPSL: DoubleSummaryStatistics{count=1000, sum=911.602054, min=0.000000, average=0.911602, max=0.993378}
preferenceDiversityPopAll: DoubleSummaryStatistics{count=1000, sum=13.616043, min=0.000000, average=0.013616, max=0.122105}
Genotype diversity: 1.0
Entropy diversity: 6.810561905618077
PC diversity: 0.961
MPSLGP top 5 HV by task at generation 19:
  Task 0: #1 ind=6 HV=0.9933784482687228; #2 ind=7 HV=0.9915887045349863; #3 ind=1 HV=0.9912143774094481; #4 ind=17 HV=0.9910704647601528; #5 ind=2 HV=0.9902460115084025
  Task 1: #1 ind=0 HV=0.993052678787253; #2 ind=16 HV=0.9927140377420703; #3 ind=8 HV=0.988058992754164; #4 ind=9 HV=0.9876033264739447; #5 ind=26 HV=0.9875293810060408
MPSLGP task 0 best fitness of generation Fitness: [1402.4775641094093 2440.9750026258407]
MPSLGP task 1 best fitness of generation Fitness: [1438.3462205021933 2332.935776972561]

Pareto Front of Subpopulation 19
Objective 0: [1311.1764891705534, 1367.4833641200967, 1385.5612313057645, 1398.9430714274786, 1402.4775641094093, 1438.3462205021933]
Objective 1: [2604.7059566822136, 2602.143892539956, 2558.4383890152676, 2510.2450404696865, 2440.9750026258407, 2332.935776972561]
2
duration: 101.0
Generation 19 elapsed 101.0 seconds.
Generation 20
Preselection cleared number: 1795
MPSLGP task-balanced survival counts: [task 0=500, task 1=500]
Subpop 0 reduced 5000 -> 1000
ideal points: [1216.0266409638862, 2021.8912558523007]
nadir points: [1580.3165060119645, 2711.562418384012]
max objectives: [12436.747591483378, 42378.15655006567]
min objectives: [1351.1407121820957, 2246.5458398358896]
HVOfIntermedidatePopPSL: DoubleSummaryStatistics{count=1000, sum=893.896345, min=0.000000, average=0.893896, max=0.995140}
preferenceDiversityPopAll: DoubleSummaryStatistics{count=1000, sum=15.631088, min=0.000000, average=0.015631, max=0.120578}
Genotype diversity: 1.0
Entropy diversity: 6.811843007715793
PC diversity: 0.947
MPSLGP top 5 HV by task at generation 20:
  Task 0: #1 ind=0 HV=0.9951399858446207; #2 ind=1 HV=0.9871665391990802; #3 ind=11 HV=0.9866496064594251; #4 ind=2 HV=0.9861917593840511; #5 ind=4 HV=0.9847258402610637
  Task 1: #1 ind=64 HV=0.9873023495566665; #2 ind=22 HV=0.9864020684355926; #3 ind=3 HV=0.9857181806389583; #4 ind=12 HV=0.9842667486873644; #5 ind=24 HV=0.9835092528081983
MPSLGP task 0 best fitness of generation Fitness: [1580.3165060119645 2246.5458398358896]
MPSLGP task 1 best fitness of generation Fitness: [1409.570145277743 2569.150515420595]

Pareto Front of Subpopulation 20
Objective 0: [1351.1407121820957, 1366.5802436308877, 1409.570145277743, 1436.9435586206382, 1447.5050128169678, 1464.4097275210952, 1495.2045606604079, 1514.9713969254663, 1518.9478666029463, 1529.6880281798076, 1580.3165060119645]
Objective 1: [2711.562418384012, 2700.0557028939947, 2569.150515420595, 2546.2536973198876, 2521.4851555682253, 2424.245674666832, 2374.4685463632923, 2363.2991300880676, 2326.605756804114, 2298.147835274576, 2246.5458398358896]
2
duration: 104.0
Generation 20 elapsed 104.0 seconds.
Generation 21
Preselection cleared number: 1801
MPSLGP task-balanced survival counts: [task 0=500, task 1=500]
Subpop 0 reduced 5000 -> 1000
ideal points: [1170.8602986080514, 1973.3671857710578]
nadir points: [1672.9965097550594, 3001.8125457619317]
max objectives: [56360.34243309834, 56096.34243309834]
min objectives: [1300.9558873422793, 2192.6302064122865]
HVOfIntermedidatePopPSL: DoubleSummaryStatistics{count=1000, sum=958.158566, min=0.000000, average=0.958159, max=0.997129}
preferenceDiversityPopAll: DoubleSummaryStatistics{count=1000, sum=13.112823, min=0.000000, average=0.013113, max=0.116083}
Genotype diversity: 1.0
Entropy diversity: 6.853707703963907
PC diversity: 0.942
MPSLGP top 5 HV by task at generation 21:
  Task 0: #1 ind=1 HV=0.9964857887639033; #2 ind=18 HV=0.9951450106349565; #3 ind=7 HV=0.9950262358451123; #4 ind=9 HV=0.9948684772072334; #5 ind=19 HV=0.994653594085696
  Task 1: #1 ind=0 HV=0.9971289665376302; #2 ind=2 HV=0.9962021898392996; #3 ind=8 HV=0.9949786483731727; #4 ind=3 HV=0.9945352160383217; #5 ind=11 HV=0.9940837261837449
MPSLGP task 0 best fitness of generation Fitness: [1420.6806508374866 2257.113009763416]
MPSLGP task 1 best fitness of generation Fitness: [1672.9965097550594 2192.6302064122865]

Pareto Front of Subpopulation 21
Objective 0: [1300.9558873422793, 1310.3790223315882, 1346.914756146347, 1347.1116587368815, 1420.6806508374866, 1553.5690131660085, 1672.9965097550594]
Objective 1: [3001.8125457619317, 2521.5008298127796, 2444.4192785255727, 2350.323749913601, 2257.113009763416, 2228.277375984122, 2192.6302064122865]
2
duration: 106.0
Generation 21 elapsed 106.0 seconds.
Generation 22
Preselection cleared number: 1820
MPSLGP task-balanced survival counts: [task 0=500, task 1=500]
Subpop 0 reduced 5000 -> 1000
ideal points: [1160.4394143209283, 2089.1521204921883]
nadir points: [1802.5430269388307, 2713.0811964088352]
max objectives: [11468.456698600232, 19401.14861885947]
min objectives: [1289.3771270232537, 2321.280133880209]
HVOfIntermedidatePopPSL: DoubleSummaryStatistics{count=1000, sum=867.810747, min=0.000000, average=0.867811, max=0.987403}
preferenceDiversityPopAll: DoubleSummaryStatistics{count=1000, sum=11.254727, min=0.000000, average=0.011255, max=0.140495}
Genotype diversity: 1.0
Entropy diversity: 6.857288178698664
PC diversity: 0.955
MPSLGP top 5 HV by task at generation 22:
  Task 0: #1 ind=12 HV=0.9864820431879148; #2 ind=2 HV=0.9863085794177526; #3 ind=3 HV=0.9839059349545779; #4 ind=4 HV=0.9837531302878431; #5 ind=5 HV=0.9828893570792249
  Task 1: #1 ind=0 HV=0.9874032618511127; #2 ind=1 HV=0.9873972384261033; #3 ind=30 HV=0.9866799100366981; #4 ind=13 HV=0.980937077900186; #5 ind=46 HV=0.9796428907980763
MPSLGP task 0 best fitness of generation Fitness: [1347.1402899482928 2568.984641800751]
MPSLGP task 1 best fitness of generation Fitness: [1364.0724512257293 2454.0015065685147]

Pareto Front of Subpopulation 22
Objective 0: [1289.3771270232537, 1326.937544146087, 1347.1402899482928, 1349.266892569227, 1364.0724512257293, 1389.3090444814588, 1393.4295275152108, 1393.4295275152108, 1398.7417152059206, 1585.0327825636778, 1604.363574482617, 1802.5430269388307]
Objective 1: [2713.0811964088352, 2584.6242146601435, 2568.984641800751, 2557.90996141464, 2454.0015065685147, 2437.3258810805855, 2414.6899684137315, 2414.6899684137315, 2350.7185242940905, 2332.873750358238, 2324.3462813901133, 2321.280133880209]
2
duration: 85.0
Generation 22 elapsed 85.0 seconds.
Generation 23
Preselection cleared number: 1936
MPSLGP task-balanced survival counts: [task 0=500, task 1=500]
Subpop 0 reduced 5000 -> 1000
ideal points: [1159.6929482472945, 2007.4661846319214]
nadir points: [1558.3303301236301, 2765.5176728648366]
max objectives: [69431.5934004474, 133312.85479060095]
min objectives: [1288.5477202747716, 2230.517982924357]
HVOfIntermedidatePopPSL: DoubleSummaryStatistics{count=1000, sum=966.563079, min=0.000000, average=0.966563, max=0.998164}
preferenceDiversityPopAll: DoubleSummaryStatistics{count=1000, sum=12.057834, min=0.000000, average=0.012058, max=0.127899}
Genotype diversity: 1.0
Entropy diversity: 6.827479451973955
PC diversity: 0.955
MPSLGP top 5 HV by task at generation 23:
  Task 0: #1 ind=0 HV=0.9981640181136329; #2 ind=1 HV=0.998087721056956; #3 ind=2 HV=0.9977219532136273; #4 ind=8 HV=0.9977200791643392; #5 ind=9 HV=0.9976669296952221
  Task 1: #1 ind=10 HV=0.9975930424387481; #2 ind=13 HV=0.9969517539726387; #3 ind=14 HV=0.9967130739273785; #4 ind=20 HV=0.9966394524836863; #5 ind=22 HV=0.9964658251766683
MPSLGP task 0 best fitness of generation Fitness: [1391.9099987318914 2269.4955896736355]
MPSLGP task 1 best fitness of generation Fitness: [1558.3303301236301 2230.517982924357]

Pareto Front of Subpopulation 23
Objective 0: [1288.5477202747716, 1309.4379004164512, 1309.938484282262, 1361.13400284831, 1369.751874140231, 1391.9099987318914, 1467.9567995363614, 1558.3303301236301]
Objective 1: [2765.5176728648366, 2738.8507201448083, 2425.517927224282, 2419.066895979573, 2364.341207780293, 2269.4955896736355, 2251.770796997007, 2230.517982924357]
2
duration: 86.0
Generation 23 elapsed 86.0 seconds.
Generation 24
Preselection cleared number: 1927
MPSLGP task-balanced survival counts: [task 0=500, task 1=500]
Subpop 0 reduced 5000 -> 1000
ideal points: [1209.278624977301, 2080.1109949137317]
nadir points: [1521.0408911077975, 2930.533337149245]
max objectives: [20057.413691172434, 19595.413691172434]
min objectives: [1343.6429166414455, 2311.234438793035]
HVOfIntermedidatePopPSL: DoubleSummaryStatistics{count=1000, sum=878.792159, min=0.000000, average=0.878792, max=0.990687}
preferenceDiversityPopAll: DoubleSummaryStatistics{count=1000, sum=12.742196, min=0.000000, average=0.012742, max=0.119555}
Genotype diversity: 1.0
Entropy diversity: 6.826263606741623
PC diversity: 0.952
MPSLGP top 5 HV by task at generation 24:
  Task 0: #1 ind=1 HV=0.9846075353332825; #2 ind=9 HV=0.9796640160795927; #3 ind=31 HV=0.9785616702839118; #4 ind=20 HV=0.9785603567197261; #5 ind=32 HV=0.9784982113404997
  Task 1: #1 ind=0 HV=0.9906867110578644; #2 ind=7 HV=0.9861118138346301; #3 ind=8 HV=0.9860778668511498; #4 ind=2 HV=0.983883536804HVOfIntermedidatePopPSL: DoubleSummaryStatistics{count=1000, sum=914.053019, min=0.000000, average=0.914053, max=0.992873}
preferenceDiversityPopAll: DoubleSummaryStatistics{count=1000, sum=5.521088, min=0.000000, average=0.005521, max=0.124762}
Genotype diversity: 1.0
Entropy diversity: 6.820391632164941
PC diversity: 0.979
MPSLGP top 5 HV by task at generation 25:
  Task 0: #1 ind=1 HV=0.9926884448160728; #2 ind=22 HV=0.992301654923509; #3 ind=3 HV=0.9919969786787207; #4 ind=5 HV=0.9912413884293513; #5 ind=7 HV=0.9909840006228493
  Task 1: #1 ind=0 HV=0.9928733622893313; #2 ind=2 HV=0.9926011587912265; #3 indPreselection cleared number: 1852
MPSLGP task-balanced survival counts: [task 0=500, task 1=500]
Subpop 0 reduced 5000 -> 1000
ideal points: [1215.9203040844586, 2052.823712044477]
nadir points: [2181.9710701149306, 2944.853990180418]
max objectives: [31706.769724099562, 36606.38586027466]
min objectives: [1351.022560093843, 2280.9152356049744]
HVOfIntermedidatePopPSL: DoubleSummaryStatistics{count=1000, sum=900.674927, min=0.000000, average=0.900675, max=0.993172}
preferenceDiversityPopAll: DoubleSummaryStatistics{count=1000, sum=14.507723, min=0.000000, average=0.014508, max=0.128511}
Genotype diversity: 1.0
Entropy diversity: 6.7064101259916695
PC diversity: 0.95
MPSLGP top 5 HV by task at generation 25:
  Task 0: #1 ind=0 HV=0.9931716576512507; #2 ind=23 HV=0.9928601895978516; #3 ind=1 HV=0.9925903884358639; #4 ind=61 HV=0.9907186845500854; #5 ind=24 HV=0.9898512287357316
  Task 1: #1 ind=8 HV=0.9929497755350882; #2 ind=2 HV=0.992484655ideal points: [1171.1575894521172, 1954.0166231363314]
nadir points: [2353.8256551694067, 3259.231740884483]
max objectives: [5247.432250117432, 9835.269959505298]
min objectives: [1301.2862105023523, 2171.1295812625904]
HVOfIntermedidatePopPSL: DoubleSummaryStatistics{count=1000, sum=753.815039, min=0.000000, average=0.753815, max=0.958889}
preferenceDiversityPopAll: DoubleSummaryStatistics{count=1000, sum=7.704987, min=0.000000, average=0.007705, max=0.117278}
Genotype diversity: 1.0
Entropy diversity: 6.867979667117739
PC diversity: 0.989
MPSLGP top 5 HV by task at generation 26:
  Task 0: #1 ind=2 HV=0.9580283260323507; #2 ind=4 HV=0.9448387731744667; #3 ind=5 HV=0.9418195481851792; #4 ind=16 HV=0.9416129888957804Preselection cleared number: 1947
MPSLGP task-balanced survival counts: [task 0=500, task 1=500]
Subpop 0 reduced 5000 -> 1000
ideal points: [1175.9006393792283, 1945.5778467182188]
nadir points: [1757.2837022846215, 2533.0116258305497]
max objectives: [13189.464270474797, 17769.25185507466]
min objectives: [1306.5562659769203, 2161.753163020243]
HVOfIntermedidatePopPSL: DoubleSummaryStatistics{count=1000, sum=870.402594, min=0.000000, average=0.870403, max=0.977851}
preferenceDiversityPopAll: DoubleSummaryStatistics{count=1000, sum=13.895336, min=0.000000, average=0.013895, max=0.122098}
Genotype diversity: 1.0
Entropy diversity: 6.838498683423891
PC diversity: 0.954
MPSLGP top 5 HV by task at generation 26:
  Task 0: #1 ind=12 HV=0.977850515791749; #2 ind=0 HV=0.9774894714889174; #3 ind=1 HV=0.976655267960204; #4 ind=2 HV=0.9760696652406196; #5 ind=8 HV=0.9749249707651141
  Task 1: #1 ind=3 HV=0.9757133595438231; #2 ind=4 HV=0.9751323492772066; #3 ind=5 HV=0.975060504532442; #4 ind=6 HV=0.9750198373934575; #5 ind=7 HV=0.9750125461082538
MPSLGP task 0 best fitness of generation Fitness: [1357.7270023229066 2480.6700377727393]
MPSLGP task 1 best fitness of generation Fitness: [1406.0777820184594 2398.6905260806ideal points: [1213.9936682087937, 2054.4989630961095]
nadir points: [1629.4457730489812, 2870.6876342006726]
max objectives: [15031.743223050784, 19272.95788598922]
min objectives: [1348.8818535653263, 2282.7766256623436]
HVOfIntermedidatePopPSL: DoubleSummaryStatistics{count=1000, sum=845.463622, min=0.000000, average=0.845464, max=0.984977}
preferenceDiversityPopAll: DoubleSummaryStatistics{count=1000, sum=6.668114, min=0.000000, average=0.006668, max=0.111165}
Genotype diversity: 1.0
Entropy diversity: 6.785787988332938
PC diversity: 0.981
MPSLGP top 5 HV by task at generation 27:
  Task 0: #1Preselection cleared number: 1952
MPSLGP task-balanced survival counts: [task 0=500, task 1=500]
Subpop 0 reduced 5000 -> 1000
ideal points: [1217.6528031687646, 2072.2487170382406]
nadir points: [2760.984437087609, 2825.861829962698]
max objectives: [8883.976730739247, 23391.680438767653]
min objectives: [1352.947559076405, 2302.4985744869336]
HVOfIntermedidatePopPSL: DoubleSummaryStatistics{count=1000, sum=817.923549, min=0.000000, average=0.817924, max=0.985767}
preferenceDiversityPopAll: DoubleSummaryStatistics{count=1000, sum=17.164444, min=0.000000, average=0.017164, max=0.129951}
Genotype diversity: 1.0
Entropy diversity: 6.679825551481299
PC diversity: 0.947
MPSLGP top 5 HV by task at generation 27:
  Task 0: #1 ind=0 HV=0.9857674847203337; #2 ind=13 HV=0.9787732131414253; #3 ind=1 HV=0.9787302937335979; #4 ind=2 HV=0.9779286872719908; #5 ind=3 HV=0.9758689437774718
  Task 1: #1 ind=14 HV=0.9729900336878938; #2 ind=17 HV=0.9709951282993239; #3 ind=19 HV=0.97025907319061; #4 ind=9 HV=0.9684715138473496; #5 ind=29 HV=0.9669033739393941
MPSLGP task 0 best fitness of generation Fitness: [1843.486291634239 2443.678022912354]
MPSLGP task 1 best fitness of generation Fitness: [2421.526908187894 2405.78934111ideal points: [1163.5278221108165, 1917.105661117009]
nadir points: [1348.8165743435675, 2618.333432713989]
max objectives: [17595.318072396243, 57396.32371491217]
min objectives: [1292.8086912342405, 2130.117401241121]
HVOfIntermedidatePopPSL: DoubleSummaryStatistics{count=1000, sum=914.704559, min=0.000000, average=0.914705, max=0.996486}
preferenceDiversityPopAll: DoubleSummaryStatistics{count=1000, sum=5.981184, min=0.000000, average=0.005981, max=0.111502}
Genotype diversity: 1.0
Entropy diversity: 6.805102673582624
PC diversity: 0.984
MPSLGP top 5 HV by task at generation 28:
  Task 0: #1 ind=0 HV=0.9964855208260215; #2 ind=1 HVPreselection cleared number: 1937
MPSLGP task-balanced survival counts: [task 0=500, task 1=500]
Subpop 0 reduced 5000 -> 1000
ideal points: [1158.781526207045, 1953.4824511418876]
nadir points: [1777.778810700751, 2585.8499807387125]
max objectives: [9818.280169880542, 27396.560175740975]
min objectives: [1287.5350291189388, 2170.5360568243195]
HVOfIntermedidatePopPSL: DoubleSummaryStatistics{count=1000, sum=874.103234, min=0.000000, average=0.874103, max=0.995109}
preferenceDiversityPopAll: DoubleSummaryStatistics{count=1000, sum=12.455015, min=0.000000, average=0.012455, max=0.111405}
Genotype diversity: 1.0
Entropy diversity: 6.810452805163207
PC diversity: 0.947
MPSLGP top 5 HV by task at generation 28:
  Task 0: #1 ind=0 HV=0.9951088956696036; #2 ind=6 HV=0.9903472147469472; #3 ind=1 HV=0.9887046643600033; #4 ind=46 HV=0.9880158712795806; #5 ind=13 HV=0.9878345950012298
  Task 1: #1 ind=16 HV=0.981724256768666; #2 ind=30 HV=0.9775966086159608; #3 ind=32 HV=0.9762624482376577; #ideal points: [1223.9770494924858, 2142.0834697630753]
nadir points: [1664.8955742554608, 3568.3831943169935]
max objectives: [12016.267589707655, 41535.173715832294]
min objectives: [1359.9744994360954, 2380.0927441811946]
HVOfIntermedidatePopPSL: DoubleSummaryStatistics{count=1000, sum=885.879260, min=0.000000, average=0.885879, max=0.989311}
preferenceDiversityPopAll: DoubleSummaryStatistics{count=1000, sum=5.890080, min=0.000000, average=0.005890, max=0.102907}
Genotype diversity: 1.0
Entropy diversity: 6.8673692924396015
PC diversity: 0.974
MPSLGP top 5 HV by task at generation 29:
  Task 0: #1 ind=2 HV=0.9856099831884513; #2 ind=3 HV=0.9855705679133384; #3 ind=4 HV=0.9852326315622831; #4 ind=48 HV=0.9839898307650926; ideal points: [1245.047696095024, 2053.341100312618]
nadir points: [1863.5743814943708, 2917.7734693462844]
max objectives: [202200.78426094062, 759494.9783859809]
min objectives: [1383.3863289944711, 2281.4901114584645]
HVOfIntermedidatePopPSL: DoubleSummaryStatistics{count=1000, sum=975.970477, min=0.000000, average=0.975970, max=0.999388}
preferenceDiversityPopAll: DoubleSummaryStatistics{count=1000, sum=13.256548, min=0.000000, average=0.013257, max=0.124923}
Genotype diversity: 1.0
Entropy diversity: 6.800857845090237
PC diversity: 0.937
MPSLGP top 5 HV by task at generation 29:
  Task 0: #1 ind=45 HV=0.9993871447297518; #2 ind=6 HV=0.9991475009424782; #3 ind=7 HV=0.9991471166284447; #4 ind=14 HV=0.9990558682415046; #5 ind=8 HV=0.9990312976244765
  Task 1: #1 ind=0 HV=0.9993880200480888; #2 ind=1 HV=0.9993817267624113; #3 ind=2 HV=0.9993390802947795; #4 ind=3 HV=0.9993327873199205; #5 ind=4 HV=0.9992891866509923
MPSLGP task 0 best fitness of generation Fitness: [1397.8862101660343 2858.0849203945836]
MPSLGP task 1 best fitness of generation Fitness: [1609.214368728426 2364.814590463415]

Pareto Front of Subpopulation 29
Objecideal points: [1172.6725119764976, 1980.7729832605692]
nadir points: [1478.1812815500307, 3555.7179629452294]
max objectives: [13214.874894615146, 24524.38898905972]
min objectives: [1302.9694577516639, 2200.8588702895213]
HVOfIntermedidatePopPSL: DoubleSummaryStatistics{count=1000, sum=884.801123, min=0.000000, average=0.884801, max=0.987160}
preferenceDiversityPopAll: DoubleSummaryStatistics{count=1000, sum=5.320332, min=0.000000, average=0.005320, max=0.080780}
Genotype diversity: 1.0
Entropy diversity: 6.8075858991266545
PC diversity: 0.979
MPSLGP top 5 HV by task at generation 30:
  Task 0: #1 ind=1 HV=0.9867994722345333; #2 ind=2 HV=0.9866414582239539; #3 ind=3 HV=0.9863682494574034; #4 ind=60 HV=0.9862298739547324; #5 ind=5 HV=0.9860392243368603ideal points: [1193.634687108564, 1984.1109710121934]
nadir points: [1735.7234452795237, 2663.638590415241]
max objectives: [56912.51360297881, 226330.05441191525]
min objectives: [1326.26076345396, 2204.567745569104]
HVOfIntermedidatePopPSL: DoubleSummaryStatistics{count=1000, sum=961.992112, min=0.000000, average=0.961992, max=0.998766}
preferenceDiversityPopAll: DoubleSummaryStatistics{count=1000, sum=10.019331, min=0.000000, average=0.010019, max=0.084826}
Genotype diversity: 1.0
Entropy diversity: 6.7908191146350765
PC diversity: 0.942
MPSLGP top 5 HV by task at generation 30:
  Task 0: #1 ind=0 HV=0.9987655251295823; #2 ind=1 HV=0.9983785576595657; #3 ind=2 HV=0.998369263768695; #4 ind=13 HV=0.9980559667685424; #5 ind=14 HV=0.9978835385710147
  Task 1: #1 ind=22 HV=0.9976371768775885; #2 ind=42 HV=0.9971924886564747; #3 ind=27 HV=0.9971896635765655; #4 ind=32 HV=0.9969972462013377; #5 ind=43 HV=0.9969664066898257
MPSLGP task 0 best fitness of generation Fitness: [1341.5609638365568 2379.414602816687]
MPSLGP task 1 best fitness of generation Fitness: [16ideal points: [1153.1358215112139, 1925.4786233649008]
nadir points: [1432.1316183469316, 2485.0480956053943]
max objectives: [18629.197386812302, 31961.458621964528]
min objectives: [1281.2620239013486, 2139.4206926276674]
HVOfIntermedidatePopPSL: DoubleSummaryStatistics{count=1000, sum=913.234047, min=0.000000, average=0.913234, max=0.993924}
preferenceDiversityPopAll: DoubleSummaryStatistics{count=1000, sum=4.423728, min=0.000000, average=0.004424, max=0.079570}
Genotype diversity: 1.0
Entropy diversity: 6.874980360392382
PC diversity: 0.983
MPSLGP top 5 HV by task at generation 31:
  Task 0: #1 ind=0 HV=0.9939239793300867; #2 ind=2 HV=0.9905849386955867; #3 ind=3 HV=0.9896513885940033; #4 ind=4 HV=0.9889682807543878; #5 ind=5 HV=0.9889603613079075
  Task 1: #1 ind=1 HV=0.9907881190988992; #ideal points: [1172.4347229798557, 2000.1841763160307]
nadir points: [1448.5678285285976, 2763.161129398737]
max objectives: [11647.581640212004, 16384.32269568657]
min objectives: [1302.7052477553952, 2222.4268625733675]
HVOfIntermedidatePopPSL: DoubleSummaryStatistics{count=1000, sum=844.273592, min=0.000000, average=0.844274, max=0.988287}
preferenceDiversityPopAll: DoubleSummaryStatistics{count=1000, sum=10.975334, min=0.000000, average=0.010975, max=0.121063}
Genotype diversity: 1.0
Entropy diversity: 6.786518900883826
PC diversity: 0.934
MPSLGP top 5 HV by task at generation 31:
  Task 0: #1 ind=0 HV=0.9882865754850106; #2 ind=1 HV=0.9879122154401089; #3 ind=2 HV=0.9853098066322185; #4 ind=3 HV=0.9844308070935422; #5 ind=10 HV=0.9827733009983077
  Task 1: #1 ind=27 HV=0.9758032090324783; #2 ind=29 HV=0.9742308379436753; #3 ind=30 HV=0.972670871434279; #4 ind=31 HV=0.9719108452445567; #5 ind=18 HV=0.ideal points: [1169.1098939689314, 2087.712663901836]
nadir points: [1464.414777590806, 2961.0378489587456]
max objectives: [14378.257829449314, 36536.97322984983]
min objectives: [1299.0109932988125, 2319.6807376687066]
HVOfIntermedidatePopPSL: DoubleSummaryStatistics{count=1000, sum=910.095239, min=0.000000, average=0.910095, max=0.993259}
preferenceDiversityPopAll: DoubleSummaryStatistics{count=1000, sum=5.637837, min=0.000000, average=0.005638, max=0.095023}
Genotype diversity: 1.0
Entropy diversity: 6.872537416670987
PC diversity: 0.986
MPSLGP top 5 HV by task at generation 32:
  Task 0: #1 ind=10 HV=0.993258706947333; #2 ind=32 HV=0.9875339981009661; #3 ind=12 HV=0.9871731212245125; #4 ind=3 HV=0.9864245494550714; #5 ind=4 HV=0.986255633660208
  Task 1: #1 ind=0 HV=0.9912694640749674; #2 ind=1 HV=0.9887297239136836; #3 ind=2 HV=0.ideal points: [1194.1279068104457, 2154.1150899100467]
nadir points: [1488.3083166392462, 2676.509511482902]
max objectives: [31310.281390542652, 62083.329910253175]
min objectives: [1326.8087853449397, 2393.461211011163]
HVOfIntermedidatePopPSL: DoubleSummaryStatistics{count=1000, sum=931.607209, min=0.000000, average=0.931607, max=0.996682}
preferenceDiversityPopAll: DoubleSummaryStatistics{count=1000, sum=8.272982, min=0.000000, average=0.008273, max=0.093448}
Genotype diversity: 1.0
Entropy diversity: 6.780828971229645
PC diversity: 0.959
MPSLGP top 5 HV by task at generation 32:
  Task 0: #1 ind=1 HV=0.9957330282657529; #2 ind=3 HV=0.9954500381073996; #3 ind=7 HV=0.9953175077929103; #4 ind=4 HV=0.9952515972992687; #5 ind=5 HV=0.9952082331013671
  Task 1: #1 ind=0 HV=0.996681989175283; #2 ind=2 HV=0.9956511588846155; #3 ind=6 HV=0.9956331212361427; #4 ind=9 HV=0.9948493527268023; #5 ind=25 HV=0.99ideal points: [1169.576782741514, 1974.6956875334088]
nadir points: [1516.5938273858046, 2915.0543996579945]
max objectives: [24358.21246677013, 29909.71209617646]
min objectives: [1299.5297586016823, 2194.106319481565]
HVOfIntermedidatePopPSL: DoubleSummaryStatistics{count=1000, sum=909.511462, min=0.000000, average=0.909511, max=0.991742}
preferenceDiversityPopAll: DoubleSummaryStatistics{count=1000, sum=4.455552, min=0.000000, average=0.004456, max=0.072361}
Genotype diversity: 1.0
Entropy diversity: 6.876975127461661
PC diversity: 0.99
MPSLGP top 5 HV by task at generation 33:
  Task 0: #1 ind=22 HV=0.9917420678444344; #2 ind=0 HV=0.9915903361741989; #3 ind=3 HV=0.9900513403ideal points: [1211.870333171948, 1991.9560894245515]
nadir points: [1524.0552109319688, 2876.807787004451]
max objectives: [197702.180477925, 197504.180477925]
min objectives: [1346.5225924132756, 2213.284543805057]
HVOfIntermedidatePopPSL: DoubleSummaryStatistics{count=1000, sum=985.715694, min=0.000000, average=0.985716, max=0.999086}
preferenceDiversityPopAll: DoubleSummaryStatistics{count=1000, sum=8.321872, min=0.000000, average=0.008322, max=0.072021}
Genotype diversity: 1.0
Entropy diversity: 6.86493650179095
PC diversity: 0.954
MPSLGP top 5 HV by task at generation 33:
  Task 0: #1 ind=0 HV=0.9990856625689992; #2 ind=11 HV=0.9987002686967497; #3 ind=12 HV=0.9985464239244618; #4 ind=42 HV=0.9985267454221911; #5 ind=29 HV=0.9983339717675644
  Task 1: #1 ind=1 HV=0.9990033354443617; #2 ind=2 HV=0.9989991265143623; #3 ind=28 HV=0.9983674955956023; #4 ind=5 HV=0.9981307686157733; #5 ind=15 HV=0.9980734289741815
MPSLGP task 0 best fitness of generation Fitness: Preselection cleared number: 2107
MPSLGP task-balanced survival counts: [task 0=500, task 1=500]
Subpop 0 reduced 5000 -> 1000
ideal points: [1168.2936887752571, 1925.5644582146779]
nadir points: [1606.5280761226022, 2833.820409931708]
max objectives: [11261.817438054277, 43294.87833383866]
min objectives: [1298.1040986391745, 2139.5160646829754]
HVOfIntermedidatePopPSL: DoubleSummaryStatistics{count=1000, sum=888.525729, min=0.000000, average=0.888526, max=0.985773}
preferenceDiversityPopAll: DoubleSummaryStatistics{count=1000, sum=4.580295, min=0.000000, average=0.004580, max=0.091963}
Genotype diversity: 1.0
Entropy diversity: 6.8142834859666985
PC diversity: 0.976
MPSLGP top 5 HV by task at generation 34:
  Task 0: #1 ind=1 HV=0.9856746600724142; #2 ind=2 HV=0.9856131716476613; #3 ind=4 HV=0.9834291ideal points: [1205.5600875095902, 2044.8068304639717]
nadir points: [1846.7300725988462, 2718.044833375956]
max objectives: [9358.870221700432, 29972.662408797245]
min objectives: [1339.511208343989, 2272.007589404413]
HVOfIntermedidatePopPSL: DoubleSummaryStatistics{count=1000, sum=864.342859, min=0.000000, average=0.864343, max=0.994139}
preferenceDiversityPopAll: DoubleSummaryStatistics{count=1000, sum=9.204859, min=0.000000, average=0.009205, max=0.088854}
Genotype diversity: 1.0
Entropy diversity: 6.832729952901099
PC diversity: 0.95
MPSLGP top 5 HV by task at generation 34:
  Task 0: #1 ind=1 HV=0.9876072286582975; #2 ind=2 HV=0.9874987411287326; #3 ind=27 HV=0.986592467628138; #4 ind=5 HV=0.9830625087303364; #5 ind=6 HV=0.9825644334882009
  Task 1: #1 ind=13 HV=0.9941388286764475; #2 ind=0 HV=0.9941342902500901; #3 ind=3 HV=0.9854103289287287; #4 ind=14 HV=0.9838402793147144; #5 ind=4 HV=0.9838173311257473
MPSLGP task 0 best fitness of generation Fitness: [1343.03903Preselection cleared number: 2105
MPSLGP task-balanced survival counts: [task 0=500, task 1=500]
Subpop 0 reduced 5000 -> 1000
ideal points: [1162.6815726815898, 1933.3368649824085]
nadir points: [1529.655537763785, 2661.6005391931394]
max objectives: [15135.56646084672, 30107.306365162367]
min objectives: [1291.8684140906553, 2148.152072202676]
HVOfIntermedidatePopPSL: DoubleSummaryStatistics{count=1000, sum=905.881339, min=0.000000, average=0.905881, max=0.990346}
preferenceDiversityPopAll: DoubleSummaryStatistics{count=1000, sum=7.670309, min=0.000000, average=0.007670, max=0.104993}
Genotype diversity: 1.0
Entropy diversity: 6.874824012388965
PC diversity: 0.964
MPSLGP top 5 HV by task at generation 35:
  Task 0: #1 ind=0 HV=0.9903459428024648; #2 ind=1 HV=0.9890625713696172; #3 ind=7 HV=0.9888171525049831; #4 ind=29 HV=0.9861729383865725; #5 ind=30 HV=0.9850464998053067
  Task 1: #1 ind=6 HV=0.9889132682972073; #2 ind=18 HV=0.9884357847265091; #3 ind=2 HV=0.987560903701079; #4 ind=28 HV=0.9864276002921897; #5 ind=19 HV=0.9849698939860215
MPSLGP task 0 best fitness of generation FiHVOfIntermedidatePopPSL: DoubleSummaryStatistics{count=1000, sum=877.172465, min=0.000000, average=0.877172, max=0.988899}
preferenceDiversityPopAll: DoubleSummaryStatistics{count=1000, sum=7.013217, min=0.000000, average=0.007013, max=0.099911}
Genotype diversity: 1.0
Entropy diversity: 6.866506246222245
PC diversity: 0.962
MPSLGP top 5 HV by task at generation 35:
  Task 0: #1 ind=3 HV=0.9860974472001115; #2 ind=8 HV=0.980732275341199; #3 ind=17 HV=0.9773973511125896; #4 ind=27 HV=0.9768310156574799; Preselection cleared number: 1972
MPSLGP task-balanced survival counts: [task 0=500, task 1=500]
Subpop 0 reduced 5000 -> 1000
ideal points: [1172.5421218010742, 1968.5021428217296]
nadir points: [1539.5113198077888, 2671.565678832354]
max objectives: [15829.77097131408, 30930.601380346867]
min objectives: [1302.8245797789714, 2187.224603135255]
HVOfIntermedidatePopPSL: DoubleSummaryStatistics{count=1000, sum=910.064870, min=0.000000, average=0.910065, max=0.990781}
preferenceDiversityPopAll: DoubleSummaryStatistics{count=1000, sum=6.250911, min=0.000000, average=0.006251, max=0.105346}
Genotype diversity: 1.0
Entropy diversity: 6.863210409356243
PC diversity: 0.972
MPSLGP top 5 HV by task at generation 36:
  Task 0: #1 ind=0 HV=0.9907814882911047; #2 ind=2 HV=0.9875988178316765; #3 ind=11 HV=0.9861647738133468; #4 ind=29 HV=0.9851912913092364; #5 ind=4 HV=0.9850280245629804
  Task 1: #1 ind=10 HV=0.9885607282335068; #2 ind=1 HV=0.9877951170065448; #3 ind=3 HV=0.9855032152116344; #4 ind=30 HV=0.9835911821282799; #5 ind=14 HV=0.9832643335195718
MPSLGP task 0 best fitness of generation Fitness: [1357.9059525275225 2447.4558383206604]
MPSLGP task 1 best fitness of generation Fitness: [1389.4131281531008 2353.0749089606106]

Pareto Front of Subpopulation 36
Objective 0: [1302.8245797789714, 1312.5924440750387, 1357.0436019282497, 1357.9059525275225, 1388.4451256489774, 1389.4131281531008, 1416.6717525299464, 1488.239033971011, 1530.6345957998565, 1539.5113198077888]
Objective 1: [2671.565678832354, 2581.9293002323247, 2550.3448123012204, 2447.4558383206604, 2432.121802615933, 2353.0749089606106, 2298.838498105586, 2295.8774157111184, 2284.928859881591, 2187.224603135255]
2
duration: 115.0
Generation 36 elapsed 115.0 seconds.
Generation 37
Preselection cleared number: 2075
MPSLGP task-balanced survival counts: [task 0=500, task 1=500]
Subpop 0 reduced 5000 -> 1000
ideal points: [1245.039529028989, 2121.8164965973006]
nadir points: [2540.6378190851538, 3572.8694758006604]
max objectives: [11423.320170489576, 27489.149354228983]
min objectives: [1383.3772544766543, 2357.5738851081114]
HVOfIntermedidatePopPSL: DoubleSummaryStatistics{count=1000, sum=875.418453, min=0.000000, average=0.875418, max=0.986136}
preferenceDiversityPopAll: DoubleSummaryStatistics{count=1000, sum=5.949179, min=0.000000, average=0.005949, max=0.107414}
Genotype diversity: 1.0
Entropy diversity: 6.834410923779556
PC diversity: 0.96
MPSLGP top 5 HV by task at generation 37:
  Task 0: #1 ind=0 HV=0.9861358303055172; #2 ind=1 HV=0.9847005301694217; #3 ind=2 HV=0.9846668027577152; #4 ind=14 HV=0.9809970716205154; #5 ind=15 HV=0.9809252432289628
  Task 1: #1 ind=3 HV=0.9836006874941184; #2 ind=4 HV=0.9816803055421802; #3 ind=5 HV=0.9812513191863834; #4 ind=6 HV=0.9797283477630873; #5 ind=7 HV=0.9794598132178991
MPSLGP task 0 best fitness of generation Fitness: [1408.9272432810976 2872.543566499022]
MPSLGP task 1 best fitness of generation Fitness: [1510.612612440047 2414.436775138369]

Pareto Front of Subpopulation 37
Objective 0: [1383.3772544766543, 1386.5898288268363, 1391.8633593802151, 1408.9272432810976, 1413.6634252547956, 1438.6639247984858, 1460.5881899049273, 1466.9423724938097, 1473.590783952619, 1482.0607818095013, 1510.612612440047, 1533.9832558213675, 1555.1538736345537, 2540.6378190851538]
Objective 1: [3572.8694758006604, 3144.2260217139265, 2971.626806297223, 2872.543566499022, 2765.008281716815, 2740.4669553601416, 2718.4616866279393, 2646.6215367281984, 2625.6510878223926, 2545.558282577811, 2414.436775138369, 2411.832478530181, 2393.652545799734, 2357.5738851081114]
2
duration: 100.0
Generation 37 elapsed 100.0 seconds.
Generation 38
Preselection cleared number: 2043
MPSLGP task-balanced survival counts: [task 0=500, task 1=500]
Subpop 0 reduced 5000 -> 1000
ideal points: [1184.5795719970629, 1997.7764540070668]
nadir points: [1593.0383879137735, 2623.6111817627097]
max objectives: [3343.0657494882034, 9400.69741275534]
min objectives: [1316.199524441181, 2219.7516155634075]
HVOfIntermedidatePopPSL: DoubleSummaryStatistics{count=1000, sum=676.346728, min=0.000000, average=0.676347, max=0.956641}
preferenceDiversityPopAll: DoubleSummaryStatistics{count=1000, sum=5.130014, min=0.000000, average=0.005130, max=0.091057}
Genotype diversity: 1.0
Entropy diversity: 6.870288076092509
PC diversity: 0.961
MPSLGP top 5 HV by task at generation 38:
  Task 0: #1 ind=25 HV=0.9370739645468215; #2 ind=10 HV=0.9322990067519948; #3 ind=4 HV=0.9319622785477875; #4 ind=11 HV=0.9297416736576454; #5 ind=12 HV=0.927267841037781
  Task 1: #1 ind=0 HV=0.9566407492787652; #2 ind=1 HV=0.9431708936218414; #3 ind=2 HV=0.9346233074479865; #4 ind=3 HV=0.9342327179112585; #5 ind=9 HV=0.9331667339841697
MPSLGP task 0 best fitness of generation Fitness: [1363.915093532676 2554.089728297404]
MPSLGP task 1 best fitness of generation Fitness: [1378.9163656836026 2294.332494275295]

Pareto Front of Subpopulation 38
Objective 0: [1316.199524441181, 1343.0832114785153, 1355.6238669533486, 1363.915093532676, 1374.7988446390664, 1375.1257573363691, 1378.9163656836026, 1507.920979331917, 1593.0383879137735]
Objective 1: [2623.6111817627097, 2590.595521410578, 2566.7290414855524, 2554.089728297404, 2531.1941631884547, 2465.7836906031007, 2294.332494275295, 2245.927567099774, 2219.7516155634075]
2
duration: 118.0
Generation 38 elapsed 118.0 seconds.
Generation 39
Preselection cleared number: 2186
MPSLGP task-balanced survival counts: [task 0=500, task 1=500]
Subpop 0 reduced 5000 -> 1000
ideal points: [1187.1658436260361, 1989.2334437960876]
nadir points: [1548.644002928675, 2750.4913486200967]
max objectives: [3504.107619231101, 11376.430476924405]
min objectives: [1319.0731595844845, 2210.259381995653]
HVOfIntermedidatePopPSL: DoubleSummaryStatistics{count=1000, sum=723.269615, min=0.000000, average=0.723270, max=0.971602}
preferenceDiversityPopAll: DoubleSummaryStatistics{count=1000, sum=4.967558, min=0.000000, average=0.004968, max=0.081354}
Genotype diversity: 1.0
Entropy diversity: 6.881755484194564
PC diversity: 0.973
MPSLGP top 5 HV by task at generation 39:
  Task 0: #1 ind=5 HV=0.9501345861922941; #2 ind=13 HV=0.9410791262959962; #3 ind=26 HV=0.9381931448291368; #4 ind=14 HV=0.9380069152786035; #5 ind=41 HV=0.9310572157665566
  Task 1: #1 ind=0 HV=0.9716024566923293; #2 ind=1 HV=0.9680899500654109; #3 ind=2 HV=0.9585091381835423; #4 ind=3 HV=0.9542329903666171; #5 ind=4 HV=0.9520985595479327
MPSLGP task 0 best fitness of generation Fitness: [1394.1240789418225 2337.7784910176997]
MPSLGP task 1 best fitness of generation Fitness: [1344.1341781622905 2362.1859616570873]

Pareto Front of Subpopulation 39
Objective 0: [1319.0731595844845, 1320.5965033244574, 1322.6196302269236, 1332.4294905243733, 1341.5664030322805, 1344.1341781622905, 1394.1240789418225, 1405.641727094844, 1450.5324486193567, 1548.644002928675]
Objective 1: [2750.4913486200967, 2709.2477514211205, 2581.1932258548914, 2506.874111443991, 2395.412484311528, 2362.1859616570873, 2337.7784910176997, 2279.375033769582, 2242.6949772200314, 2210.259381995653]
2
duration: 129.0
Generation 39 elapsed 129.0 seconds.
Generation 40
Preselection cleared number: 2111
MPSLGP task-balanced survival counts: [task 0=500, task 1=500]
Subpop 0 reduced 5000 -> 1000
ideal points: [1172.6954855018964, 2105.154643621773]
nadir points: [1859.6494556587713, 2623.567151403695]
max objectives: [13656.6009176347, 26811.669088643277]
min objectives: [1302.994983890996, 2339.0607151353033]
HVOfIntermedidatePopPSL: DoubleSummaryStatistics{count=1000, sum=897.991560, min=0.000000, average=0.897992, max=0.993362}
preferenceDiversityPopAll: DoubleSummaryStatistics{count=1000, sum=4.502765, min=0.000000, average=0.004503, max=0.054202}
Genotype diversity: 1.0
Entropy diversity: 6.870288076092511
PC diversity: 0.961
MPSLGP top 5 HV by task at generation 40:
  Task 0: #1 ind=1 HV=0.9910612863272106; #2 ind=17 HV=0.9893856648724693; #3 ind=3 HV=0.9882545953359083; #4 ind=6 HV=0.9870370476935056; #5 ind=7 HV=0.9862618937679563
  Task 1: #1 ind=0 HV=0.9933616464381813; #2 ind=16 HV=0.9907454717413984; #3 ind=2 HV=0.9899656354523786; #4 ind=9 HV=0.9856274191906977; #5 ind=10 HV=0.9849443432575181
MPSLGP task 0 best fitness of generation Fitness: [1331.4555844607676 2492.9586001471616]
MPSLGP task 1 best fitness of generation Fitness: [1358.404511555811 2380.135165642947]

Pareto Front of Subpopulation 40
Objective 0: [1302.994983890996, 1329.5153197854816, 1331.4555844607676, 1358.404511555811, 1549.6916981281247, 1859.6494556587713]
Objective 1: [2623.567151403695, 2526.6154084599693, 2492.9586001471616, 2380.135165642947, 2357.3540268450743, 2339.0607151353033]
2
duration: 132.0
Generation 40 elapsed 132.0 seconds.
Generation 41
Preselection cleared number: 2202
MPSLGP task-balanced survival counts: [task 0=500, task 1=500]
Subpop 0 reduced 5000 -> 1000
ideal points: [1203.8003108645469, 1971.015650067979]
nadir points: [1577.0562822546635, 2683.7548074561055]
max objectives: [17274.78610502393, 33571.12462421029]
min objectives: [1337.5559009606077, 2190.017388964421]
HVOfIntermedidatePopPSL: DoubleSummaryStatistics{count=1000, sum=923.392776, min=0.000000, average=0.923393, max=0.993133}
preferenceDiversityPopAll: DoubleSummaryStatistics{count=1000, sum=4.774326, min=0.000000, average=0.004774, max=0.074777}
Genotype diversity: 1.0
Entropy diversity: 6.900823807176654
PC diversity: 0.982
MPSLGP top 5 HV by task at generation 41:
  Task 0: #1 ind=0 HV=0.9931328864807422; #2 ind=2 HV=0.9905148810331819; #3 ind=9 HV=0.9894388007408491; #4 ind=46 HV=0.9888599776024727; #5 ind=12 HV=0.9878049155233605
  Task 1: #1 ind=1 HV=0.9907959304334429; #2 ind=3 HV=0.9904725663470886; #3 ind=4 HV=0.9896021650504513; #4 ind=10 HV=0.9885397535524549; #5 ind=11 HV=0.9883089171755026
MPSLGP task 0 best fitness of generation Fitness: [1381.1758121752355 2302.297794277314]
MPSLGP task 1 best fitness of generation Fitness: [1420.6617988111975 2301.154110675212]

Pareto Front of Subpopulation 41
Objective 0: [1337.5559009606077, 1338.0537032993307, 1359.8499380720605, 1381.1758121752355, 1420.6617988111975, 1453.9422771582467, 1473.124303562683, 1575.8477148808888, 1577.0562822546635]
Objective 1: [2683.7548074561055, 2576.7005328718806, 2424.9201057375176, 2302.297794277314, 2301.154110675212, 2276.08864309045, 2212.1495221435325, 2204.847296567401, 2190.017388964421]
2
duration: 105.0
Generation 41 elapsed 105.0 seconds.
Generation 42
Preselection cleared number: 2151
MPSLGP task-balanced survival counts: [task 0=500, task 1=500]
Subpop 0 reduced 5000 -> 1000
ideal points: [1185.9613315211013, 2001.4759703668649]
nadir points: [1703.463450267387, 3023.9363974872977]
max objectives: [9741.557684065163, 18314.91108902765]
min objectives: [1317.7348128012236, 2223.8621892965166]
HVOfIntermedidatePopPSL: DoubleSummaryStatistics{count=1000, sum=851.796570, min=0.000000, average=0.851797, max=0.988171}
preferenceDiversityPopAll: DoubleSummaryStatistics{count=1000, sum=5.487751, min=0.000000, average=0.005488, max=0.085898}
Genotype diversity: 1.0
Entropy diversity: 6.831544899251323
PC diversity: 0.973
MPSLGP top 5 HV by task at generation 42:
  Task 0: #1 ind=0 HV=0.9881711336774901; #2 ind=11 HV=0.9816508037100463; #3 ind=12 HV=0.98105656443349; #4 ind=3 HV=0.979305223010441; #5 ind=69 HV=0.9766078944836479
  Task 1: #1 ind=10 HV=0.9877728870754231; #2 ind=1 HV=0.9847403736610488; #3 ind=2 HV=0.9798814280235646; #4 ind=13 HV=0.9786275934726917; #5 ind=14 HV=0.9779841775991709
MPSLGP task 0 best fitness of generation Fitness: [1382.7040081736632 2276.2166688214056]
MPSLGP task 1 best fitness of generation Fitness: [1428.077742679161 2256.215457136277]

Pareto Front of Subpopulation 42
Objective 0: [1317.7348128012236, 1341.0516362771596, 1346.2683250265109, 1363.281250155429, 1371.0445801492897, 1382.7040081736632, 1428.077742679161, 1474.139711964497, 1577.4656643074704, 1703.463450267387]
Objective 1: [3023.9363974872977, 2944.673330188787, 2929.6484648250043, 2802.7192146768793, 2430.109023767407, 2276.2166688214056, 2256.215457136277, 2250.1515088315937, 2232.620772087481, 2223.8621892965166]
2
duration: 113.0
Generation 42 elapsed 113.0 seconds.
Generation 43
Preselection cleared number: 2115
MPSLGP task-balanced survival counts: [task 0=500, task 1=500]
Subpop 0 reduced 5000 -> 1000
ideal points: [1178.1434533300926, 2060.852521186299]
nadir points: [1872.8478988441057, 2790.6253002635203]
max objectives: [7558.443576135702, 14851.25626114267]
min objectives: [1309.0482814778807, 2289.836134651443]
HVOfIntermedidatePopPSL: DoubleSummaryStatistics{count=1000, sum=827.156709, min=0.000000, average=0.827157, max=0.977915}
preferenceDiversityPopAll: DoubleSummaryStatistics{count=1000, sum=5.486128, min=0.000000, average=0.005486, max=0.060910}
Genotype diversity: 1.0
Entropy diversity: 6.89614167594953
PC diversity: 0.972
MPSLGP top 5 HV by task at generation 43:
  Task 0: #1 ind=23 HV=0.9686619880427567; #2 ind=24 HV=0.9622451957023456; #3 ind=15 HV=0.9617462810219356; #4 ind=36 HV=0.9616498297323223; #5 ind=18 HV=0.9611252566719
  Task 1: #1 ind=0 HV=0.9779149116110855; #2 ind=1 HV=0.9767112745913058; #3 ind=2 HV=0.9760739726743611; #4 ind=3 HV=0.9710320931021235; #5 ind=4 HV=0.9706544629182804
MPSLGP task 0 best fitness of generation Fitness: [1567.465208780166 2311.173502868158]
MPSLGP task 1 best fitness of generation Fitness: [1378.2705580716283 2470.8653912909795]

Pareto Front of Subpopulation 43
Objective 0: [1309.0482814778807, 1323.7738574804098, 1329.1268767248257, 1336.02838218314, 1348.8126430442499, 1378.2705580716283, 1401.4697693240596, 1410.8239144154213, 1567.465208780166, 1872.8478988441057]
Objective 1: [2790.6253002635203, 2732.859859886579, 2611.692425797635, 2589.217283986276, 2497.2341447797953, 2470.8653912909795, 2454.9863112664316, 2355.6736620947486, 2311.173502868158, 2289.836134651443]
2
duration: 102.0
Generation 43 elapsed 102.0 seconds.
Generation 44
Preselection cleared number: 2048
MPSLGP task-balanced survival counts: [task 0=500, task 1=500]
Subpop 0 reduced 5000 -> 1000
ideal points: [1148.2676313043667, 2088.6356539340572]
nadir points: [1467.9111212368298, 2990.3806653456995]
max objectives: [24833.83743504557, 33011.4941390123]
min objectives: [1275.8529236715185, 2320.7062821489526]
HVOfIntermedidatePopPSL: DoubleSummaryStatistics{count=1000, sum=920.098334, min=0.000000, average=0.920098, max=0.994667}
preferenceDiversityPopAll: DoubleSummaryStatistics{count=1000, sum=5.344313, min=0.000000, average=0.005344, max=0.058210}
Genotype diversity: 1.0
Entropy diversity: 6.83675027862221
PC diversity: 0.965
MPSLGP top 5 HV by task at generation 44:
  Task 0: #1 ind=0 HV=0.9946672456894463; #2 ind=1 HV=0.9943041618559225; #3 ind=2 HV=0.9940708882550716; #4 ind=35 HV=0.9928734423333181; #5 ind=3 HV=0.9923650050814625
  Task 1: #1 ind=4 HV=0.9920356977179006; #2 ind=5 HV=0.9918998023973576; #3 ind=6 HV=0.9913145150507706; #4 ind=11 HV=0.990683452338936; #5 ind=16 HV=0.9884338284540232
MPSLGP task 0 best fitness of generation Fitness: [1317.5071148018178 2572.5260151948314]
MPSLGP task 1 best fitness of generation Fitness: [1430.7179643394775 2347.6366300687077]

Pareto Front of Subpopulation 44
Objective 0: [1275.8529236715185, 1305.064582525345, 1317.5071148018178, 1333.1508500611526, 1340.6623927902838, 1344.9150745780935, 1430.7179643394775, 1466.25351281029, 1467.9111212368298]
Objective 1: [2990.3806653456995, 2963.500422164332, 2572.5260151948314, 2503.9760573985986, 2459.5956833100645, 2392.0530818385305, 2347.6366300687077, 2326.5037726943265, 2320.7062821489526]
2
duration: 118.0
Generation 44 elapsed 118.0 seconds.
Generation 45
Preselection cleared number: 2159
MPSLGP task-balanced survival counts: [task 0=500, task 1=500]
Subpop 0 reduced 5000 -> 1000
ideal points: [1216.7212638584476, 2044.4365136048757]
nadir points: [1583.7882052044442, 2965.6671905883704]
max objectives: [7212.928027921589, 11715.95615347114]
min objectives: [1351.912515398275, 2271.5961262276396]
HVOfIntermedidatePopPSL: DoubleSummaryStatistics{count=1000, sum=793.767719, min=0.000000, average=0.793768, max=0.976032}
preferenceDiversityPopAll: DoubleSummaryStatistics{count=1000, sum=6.357614, min=0.000000, average=0.006358, max=0.106878}
Genotype diversity: 1.0
Entropy diversity: 6.806135786530623
PC diversity: 0.963
MPSLGP top 5 HV by task at generation 45:
  Task 0: #1 ind=19 HV=0.9753211854079844; #2 ind=2 HV=0.9743521135423944; #3 ind=20 HV=0.9719038238609802; #4 ind=21 HV=0.9706843742849839; #5 ind=22 HV=0.9654296952804078
  Task 1: #1 ind=0 HV=0.97603207492847; #2 ind=1 HV=0.9745639489215999; #3 ind=6 HV=0.9651693479752512; #4 ind=9 HV=0.960244388287272; #5 ind=10 HV=0.9602048349996505
MPSLGP task 0 best fitness of generation Fitness: [1393.2326562031085 2440.8902615738043]
MPSLGP task 1 best fitness of generation Fitness: [1457.3215197184763 2326.5779830400134]

Pareto Front of Subpopulation 45
Objective 0: [1351.912515398275, 1354.7747114167578, 1393.2326562031085, 1433.603195986303, 1457.3215197184763, 1583.7882052044442]
Objective 1: [2965.6671905883704, 2697.920207848947, 2440.8902615738043, 2376.629282782902, 2326.5779830400134, 2271.5961262276396]
2
duration: 125.0
Generation 45 elapsed 125.0 seconds.
Generation 46
Preselection cleared number: 2122
MPSLGP task-balanced survival counts: [task 0=500, task 1=500]
Subpop 0 reduced 5000 -> 1000
ideal points: [1161.8799982185185, 1979.150012425182]
nadir points: [1404.5896433471062, 2533.588688743417]
max objectives: [3728.8476799331547, 7556.629709716537]
min objectives: [1290.9777757983538, 2199.0555693613132]
HVOfIntermedidatePopPSL: DoubleSummaryStatistics{count=1000, sum=643.715029, min=0.000000, average=0.643715, max=0.962049}
preferenceDiversityPopAll: DoubleSummaryStatistics{count=1000, sum=5.373353, min=0.000000, average=0.005373, max=0.072074}
Genotype diversity: 1.0
Entropy diversity: 6.837226492285202
PC diversity: 0.979
MPSLGP top 5 HV by task at generation 46:
  Task 0: #1 ind=0 HV=0.9620492894111227; #2 ind=1 HV=0.9522990069054476; #3 ind=12 HV=0.9254216027374033; #4 ind=6 HV=0.9247992322116736; #5 ind=14 HV=0.9203679568707973
  Task 1: #1 ind=2 HV=0.9496237657804698; #2 ind=4 HV=0.9429825947739361; #3 ind=3 HV=0.9353742240322697; #4 ind=5 HV=0.931683856460201; #5 ind=13 HV=0.9214713527997888
MPSLGP task 0 best fitness of generation Fitness: [1310.45812070377 2357.807746933424]
MPSLGP task 1 best fitness of generation Fitness: [1359.4367214551894 2312.835568639799]

Pareto Front of Subpopulation 46
Objective 0: [1290.9777757983538, 1310.45812070377, 1359.4367214551894, 1404.5896433471062]
Objective 1: [2533.588688743417, 2357.807746933424, 2312.835568639799, 2199.0555693613132]
2
duration: 114.0
Generation 46 elapsed 114.0 seconds.
Generation 47
Preselection cleared number: 2042
MPSLGP task-balanced survival counts: [task 0=500, task 1=500]
Subpop 0 reduced 5000 -> 1000
ideal points: [1184.232527830673, 2074.85327469153]
nadir points: [1410.8662071645813, 2545.5616918208543]
max objectives: [3372.751495935023, 10345.161818848224]
min objectives: [1315.8139198118588, 2305.392527435033]
HVOfIntermedidatePopPSL: DoubleSummaryStatistics{count=1000, sum=687.505591, min=0.000000, average=0.687506, max=0.967198}
preferenceDiversityPopAll: DoubleSummaryStatistics{count=1000, sum=5.713779, min=0.000000, average=0.005714, max=0.073498}
Genotype diversity: 1.0
Entropy diversity: 6.851362039849635
PC diversity: 0.983
MPSLGP top 5 HV by task at generation 47:
  Task 0: #1 ind=4 HV=0.9521969620194217; #2 ind=7 HV=0.9381350397371603; #3 ind=18 HV=0.9376682311796053; #4 ind=8 HV=0.9373010285813393; #5 ind=9 HV=0.9369720354805754
  Task 1: #1 ind=0 HV=0.9671979684051875; #2 ind=1 HV=0.9588295359613562; #3 ind=2 HV=0.9536628203128233; #4 ind=3 HV=0.9532300664591111; #5 ind=5 HV=0.9436721848949036
MPSLGP task 0 best fitness of generation Fitness: [1402.4530030994865 2343.6868298125337]
MPSLGP task 1 best fitness of generation Fitness: [1315.8139198118588 2545.5616918208543]

Pareto Front of Subpopulation 47
Objective 0: [1315.8139198118588, 1355.8560017897253, 1380.5446177638078, 1402.4530030994865, 1410.8662071645813]
Objective 1: [2545.5616918208543, 2464.5558732468926, 2414.739384793036, 2343.6868298125337, 2305.392527435033]
2
duration: 130.0
Generation 47 elapsed 130.0 seconds.
Generation 48
Preselection cleared number: 2129
MPSLGP task-balanced survival counts: [task 0=500, task 1=500]
Subpop 0 reduced 5000 -> 1000
ideal points: [1161.7102464025616, 1971.5351528038389]
nadir points: [1782.865643924335, 2493.0019070528215]
max objectives: [3947.6353909080644, 11144.434532199637]
min objectives: [1290.7891626695127, 2190.5946142264875]
HVOfIntermedidatePopPSL: DoubleSummaryStatistics{count=1000, sum=713.161917, min=0.000000, average=0.713162, max=0.971100}
preferenceDiversityPopAll: DoubleSummaryStatistics{count=1000, sum=5.100089, min=0.000000, average=0.005100, max=0.084257}
Genotype diversity: 1.0
Entropy diversity: 6.842446675923839
PC diversity: 0.986
MPSLGP top 5 HV by task at generation 48:
  Task 0: #1 ind=0 HV=0.9711003876236192; #2 ind=3 HV=0.9594902434335055; #3 ind=7 HV=0.9577695701790148; #4 ind=8 HV=0.9567781169491574; #5 ind=4 HV=0.953687573689087
  Task 1: #1 ind=1 HV=0.9629676584056897; #2 ind=2 HV=0.9617907251993102; #3 ind=5 HV=0.9533167455035291; #4 ind=10 HV=0.944337620827576; #5 ind=15 HV=0.9386485503553111
MPSLGP task 0 best fitness of generation Fitness: [1378.729249979864 2320.736162291141]
MPSLGP task 1 best fitness of generation Fitness: [1290.7891626695127 2493.0019070528215]

Pareto Front of Subpopulation 48
Objective 0: [1290.7891626695127, 1333.7982739949075, 1348.6999435259204, 1370.3762507205975, 1378.729249979864, 1392.306869359978, 1782.865643924335]
Objective 1: [2493.0019070528215, 2365.8580970939947, 2340.9252552255057, 2324.874338993395, 2320.736162291141, 2261.100203858805, 2190.5946142264875]
2
duration: 134.0
Generation 48 elapsed 134.0 seconds.
Generation 49
Preselection cleared number: 2176
MPSLGP task-balanced survival counts: [task 0=500, task 1=500]
Subpop 0 reduced 5000 -> 1000
ideal points: [1173.2793148836442, 2030.8496827208671]
nadir points: [1590.9045690526982, 3270.74289272842]
max objectives: [8664.849564000731, 16541.26314992574]
min objectives: [1303.643683204049, 2256.49964746763]
HVOfIntermedidatePopPSL: DoubleSummaryStatistics{count=1000, sum=847.952335, min=0.000000, average=0.847952, max=0.982282}
preferenceDiversityPopAll: DoubleSummaryStatistics{count=1000, sum=4.988747, min=0.000000, average=0.004989, max=0.081775}
Genotype diversity: 1.0
Entropy diversity: 6.903596395898894
PC diversity: 0.985
MPSLGP top 5 HV by task at generation 49:
  Task 0: #1 ind=7 HV=0.9822821204816284; #2 ind=1 HV=0.9818624834639994; #3 ind=21 HV=0.9774900286156398; #4 ind=8 HV=0.9749084846138778; #5 ind=11 HV=0.9728178902956589
  Task 1: #1 ind=0 HV=0.9820873685429073; #2 ind=9 HV=0.9742509160880063; #3 ind=10 HV=0.9741372292120246; #4 ind=23 HV=0.9689036472038521; #5 ind=2 HV=0.9676558793529562
MPSLGP task 0 best fitness of generation Fitness: [1343.2008809425024 2436.9326324040303]
MPSLGP task 1 best fitness of generation Fitness: [1380.0081154931104 2359.5367691190913]

Pareto Front of Subpopulation 49
Objective 0: [1303.643683204049, 1309.708712850057, 1343.2008809425024, 1380.0081154931104, 1501.768926146353, 1512.7050930570404, 1590.9045690526982]
Objective 1: [3270.74289272842, 2806.630016050185, 2436.9326324040303, 2359.5367691190913, 2349.688438928337, 2303.0087950414745, 2256.49964746763]
2
duration: 134.0
Generation 49 elapsed 134.0 seconds.
Generation 50
Preselection cleared number: 2054
MPSLGP task-balanced survival counts: [task 0=500, task 1=500]
Subpop 0 reduced 5000 -> 1000
ideal points: [1199.050271774779, 1980.488355229434]
nadir points: [1771.1849335312145, 2887.670855173492]
max objectives: [8610.375901766332, 12765.706601945974]
min objectives: [1332.2780797497544, 2200.5426169215934]
HVOfIntermedidatePopPSL: DoubleSummaryStatistics{count=1000, sum=821.087960, min=0.000000, average=0.821088, max=0.979558}
preferenceDiversityPopAll: DoubleSummaryStatistics{count=1000, sum=5.542236, min=0.000000, average=0.005542, max=0.065833}
Genotype diversity: 1.0
Entropy diversity: 6.896664924093295
PC diversity: 0.982
MPSLGP top 5 HV by task at generation 50:
  Task 0: #1 ind=0 HV=0.9795578356950817; #2 ind=10 HV=0.9715762153836113; #3 ind=2 HV=0.970699151089376; #4 ind=25 HV=0.969533143895507; #5 ind=11 HV=0.9656189159242704
  Task 1: #1 ind=1 HV=0.973207916185283; #2 ind=3 HV=0.9699298448763601; #3 ind=4 HV=0.968667664148292; #4 ind=5 HV=0.9667856538632416; #5 ind=6 HV=0.9666492578019323
MPSLGP task 0 best fitness of generation Fitness: [1410.887542572047 2315.7739646362606]
MPSLGP task 1 best fitness of generation Fitness: [1445.7728216729301 2301.604618942132]

Pareto Front of Subpopulation 50
Objective 0: [1332.2780797497544, 1340.4656670110708, 1345.0489635178892, 1377.4386993061635, 1386.6653423903335, 1402.290093510739, 1410.887542572047, 1445.7728216729301, 1589.2296781540208, 1771.1849335312145]
Objective 1: [2887.670855173492, 2567.3112247085664, 2489.72977361246, 2479.737198897754, 2442.7294044622686, 2435.7538340876927, 2315.7739646362606, 2301.604618942132, 2247.5622908800724, 2200.5426169215934]
1
duration: 137.0
Generation 50 elapsed 137.0 seconds.
The whole program elapsed 60183.0 seconds.
0.109595945105]
max objectives: [8132.122352049424, 28676.88823608891]
min objectives: [1308.774062022072, 2073.226343259914]
HVOfIntermedidatePopPSL: DoubleSummaryStatistics{count=1000, sum=838.159455, min=0.000000, average=0.838159, max=0.978841}
preferenceDiversityPopAll: DoubleSummaryStatistics{count=1000, sum=8.275291, min=0.000000, average=0.008275, max=0.095213}
Genotype diversity: 1.0
Entropy diversity: 6.842076195865849
PC diversity: 0.982
MPSLGP top 5 HV by task at generation 50:
  Task 0: #1 ind=0 HV=0.9788414914227919; #2 ind=11 HV=0.971627023704302; #3 ind=13 HV=0.9706625617210848; #4 ind=14 HV=0.9705667245316678; #5 ind=23 HV=0.9684802166316431
  Task 1: #1 ind=1 HV=0.9772264170814231; #2 ind=2 HV=0.9766504410369579; #3 ind=10 HV=0.9745229033821934; #4 ind=3 HV=0.9730368579693645; #5 ind=4 HV=0.9724352063554415
MPSLGP task 0 best fitness of generation Fitness: [1308.774062022072 2720.109595945105]
MPSLGP task 1 best fitness of generation Fitness: [1370.6082465938598 2422.2125248692464]

Pareto Front of Subpopulation 50
Objective 0: [1308.774062022072, 1346.8394417376112, 1366.371063507453, 1370.6082465938598, 1402.0576340011685, 1407.4219698276138, 1438.9676385321654, 1458.429849343498, 1607.897191275144, 1792.1836316920962]
Objective 1: [2720.109595945105, 2653.9921454053256, 2458.8905549186748, 2422.2125248692464, 2407.917601224268, 2398.472060374741, 2377.785377105698, 2310.3787693539634, 2269.7772104076575, 2073.226343259914]
1
duration: 132.0
Generation 50 elapsed 132.0 seconds.
The whole program elapsed 60040.0 seconds.
